../Core/Src/main.c:87:6:HAL_GPIO_EXTI_Callback	16	static
../Core/Src/main.c:98:5:main	104	static
../Core/Src/main.c:183:6:SystemClock_Config	96	static
../Core/Src/main.c:228:13:MX_I2C2_Init	8	static
../Core/Src/main.c:276:13:MX_USART1_UART_Init	8	static
../Core/Src/main.c:324:13:MX_GPIO_Init	40	static
../Core/Src/main.c:368:6:changeModeTask	16	static
../Core/Src/main.c:390:6:readSensorDataTask	16	static
../Core/Src/main.c:428:6:outputDataTask	24	static
../Core/Src/main.c:462:6:HAL_TIM_PeriodElapsedCallback	16	static
../Core/Src/main.c:479:6:Error_Handler	4	static,ignoring_inline_asm
