../Core/Src/main.c:87:6:HAL_GPIO_EXTI_Callback	16	static
../Core/Src/main.c:99:5:main	104	static
../Core/Src/main.c:202:6:SystemClock_Config	96	static
../Core/Src/main.c:247:13:MX_I2C2_Init	8	static
../Core/Src/main.c:295:13:MX_USART1_UART_Init	8	static
../Core/Src/main.c:343:13:MX_GPIO_Init	40	static
../Core/Src/main.c:378:6:showTemp	16	static
../Core/Src/main.c:383:6:showPressure	16	static
../Core/Src/main.c:388:6:showMagneto	24	static
../Core/Src/main.c:394:6:showAcc	24	static
../Core/Src/main.c:409:6:changeModeTask	16	static
../Core/Src/main.c:431:6:readSensorDataTask	16	static
../Core/Src/main.c:469:6:outputDataTask	24	static
../Core/Src/main.c:503:6:HAL_TIM_PeriodElapsedCallback	16	static
../Core/Src/main.c:520:6:Error_Handler	4	static,ignoring_inline_asm
