Archive member included to satisfy reference by file (symbol)

D:\Learning\Fall 2024\ECSE444\ECSE-444\Lab3\lib\libarm_CortexM4lf_math.a(arm_sin_f32.o)
                              ./Core/Src/main.o (arm_sin_f32)
D:\Learning\Fall 2024\ECSE444\ECSE-444\Lab3\lib\libarm_CortexM4lf_math.a(arm_common_tables.o)
                              D:\Learning\Fall 2024\ECSE444\ECSE-444\Lab3\lib\libarm_CortexM4lf_math.a(arm_sin_f32.o) (sinTable_f32)
D:/STM32CubeIDE_1.16.0/STM32CubeIDE/plugins/com.st.stm32cube.ide.mcu.externaltools.gnu-tools-for-stm32.12.3.rel1.win32_1.0.200.202406191623/tools/bin/../lib/gcc/arm-none-eabi/12.3.1/../../../../arm-none-eabi/lib/thumb/v7e-m+fp/hard\libc_nano.a(libc_a-exit.o)
                              D:/STM32CubeIDE_1.16.0/STM32CubeIDE/plugins/com.st.stm32cube.ide.mcu.externaltools.gnu-tools-for-stm32.12.3.rel1.win32_1.0.200.202406191623/tools/bin/../lib/gcc/arm-none-eabi/12.3.1/../../../../arm-none-eabi/lib/thumb/v7e-m+fp/hard/crt0.o (exit)
D:/STM32CubeIDE_1.16.0/STM32CubeIDE/plugins/com.st.stm32cube.ide.mcu.externaltools.gnu-tools-for-stm32.12.3.rel1.win32_1.0.200.202406191623/tools/bin/../lib/gcc/arm-none-eabi/12.3.1/../../../../arm-none-eabi/lib/thumb/v7e-m+fp/hard\libc_nano.a(libc_a-findfp.o)
                              D:/STM32CubeIDE_1.16.0/STM32CubeIDE/plugins/com.st.stm32cube.ide.mcu.externaltools.gnu-tools-for-stm32.12.3.rel1.win32_1.0.200.202406191623/tools/bin/../lib/gcc/arm-none-eabi/12.3.1/../../../../arm-none-eabi/lib/thumb/v7e-m+fp/hard\libc_nano.a(libc_a-exit.o) (__stdio_exit_handler)
D:/STM32CubeIDE_1.16.0/STM32CubeIDE/plugins/com.st.stm32cube.ide.mcu.externaltools.gnu-tools-for-stm32.12.3.rel1.win32_1.0.200.202406191623/tools/bin/../lib/gcc/arm-none-eabi/12.3.1/../../../../arm-none-eabi/lib/thumb/v7e-m+fp/hard\libc_nano.a(libc_a-fwalk.o)
                              D:/STM32CubeIDE_1.16.0/STM32CubeIDE/plugins/com.st.stm32cube.ide.mcu.externaltools.gnu-tools-for-stm32.12.3.rel1.win32_1.0.200.202406191623/tools/bin/../lib/gcc/arm-none-eabi/12.3.1/../../../../arm-none-eabi/lib/thumb/v7e-m+fp/hard\libc_nano.a(libc_a-findfp.o) (_fwalk_sglue)
D:/STM32CubeIDE_1.16.0/STM32CubeIDE/plugins/com.st.stm32cube.ide.mcu.externaltools.gnu-tools-for-stm32.12.3.rel1.win32_1.0.200.202406191623/tools/bin/../lib/gcc/arm-none-eabi/12.3.1/../../../../arm-none-eabi/lib/thumb/v7e-m+fp/hard\libc_nano.a(libc_a-stdio.o)
                              D:/STM32CubeIDE_1.16.0/STM32CubeIDE/plugins/com.st.stm32cube.ide.mcu.externaltools.gnu-tools-for-stm32.12.3.rel1.win32_1.0.200.202406191623/tools/bin/../lib/gcc/arm-none-eabi/12.3.1/../../../../arm-none-eabi/lib/thumb/v7e-m+fp/hard\libc_nano.a(libc_a-findfp.o) (__sread)
D:/STM32CubeIDE_1.16.0/STM32CubeIDE/plugins/com.st.stm32cube.ide.mcu.externaltools.gnu-tools-for-stm32.12.3.rel1.win32_1.0.200.202406191623/tools/bin/../lib/gcc/arm-none-eabi/12.3.1/../../../../arm-none-eabi/lib/thumb/v7e-m+fp/hard\libc_nano.a(libc_a-memset.o)
                              D:/STM32CubeIDE_1.16.0/STM32CubeIDE/plugins/com.st.stm32cube.ide.mcu.externaltools.gnu-tools-for-stm32.12.3.rel1.win32_1.0.200.202406191623/tools/bin/../lib/gcc/arm-none-eabi/12.3.1/../../../../arm-none-eabi/lib/thumb/v7e-m+fp/hard/crt0.o (memset)
D:/STM32CubeIDE_1.16.0/STM32CubeIDE/plugins/com.st.stm32cube.ide.mcu.externaltools.gnu-tools-for-stm32.12.3.rel1.win32_1.0.200.202406191623/tools/bin/../lib/gcc/arm-none-eabi/12.3.1/../../../../arm-none-eabi/lib/thumb/v7e-m+fp/hard\libc_nano.a(libc_a-closer.o)
                              D:/STM32CubeIDE_1.16.0/STM32CubeIDE/plugins/com.st.stm32cube.ide.mcu.externaltools.gnu-tools-for-stm32.12.3.rel1.win32_1.0.200.202406191623/tools/bin/../lib/gcc/arm-none-eabi/12.3.1/../../../../arm-none-eabi/lib/thumb/v7e-m+fp/hard\libc_nano.a(libc_a-stdio.o) (_close_r)
D:/STM32CubeIDE_1.16.0/STM32CubeIDE/plugins/com.st.stm32cube.ide.mcu.externaltools.gnu-tools-for-stm32.12.3.rel1.win32_1.0.200.202406191623/tools/bin/../lib/gcc/arm-none-eabi/12.3.1/../../../../arm-none-eabi/lib/thumb/v7e-m+fp/hard\libc_nano.a(libc_a-reent.o)
                              D:/STM32CubeIDE_1.16.0/STM32CubeIDE/plugins/com.st.stm32cube.ide.mcu.externaltools.gnu-tools-for-stm32.12.3.rel1.win32_1.0.200.202406191623/tools/bin/../lib/gcc/arm-none-eabi/12.3.1/../../../../arm-none-eabi/lib/thumb/v7e-m+fp/hard\libc_nano.a(libc_a-closer.o) (errno)
D:/STM32CubeIDE_1.16.0/STM32CubeIDE/plugins/com.st.stm32cube.ide.mcu.externaltools.gnu-tools-for-stm32.12.3.rel1.win32_1.0.200.202406191623/tools/bin/../lib/gcc/arm-none-eabi/12.3.1/../../../../arm-none-eabi/lib/thumb/v7e-m+fp/hard\libc_nano.a(libc_a-impure.o)
                              D:/STM32CubeIDE_1.16.0/STM32CubeIDE/plugins/com.st.stm32cube.ide.mcu.externaltools.gnu-tools-for-stm32.12.3.rel1.win32_1.0.200.202406191623/tools/bin/../lib/gcc/arm-none-eabi/12.3.1/../../../../arm-none-eabi/lib/thumb/v7e-m+fp/hard\libc_nano.a(libc_a-reent.o) (_impure_ptr)
[...]
Memory Configuration

Name             Origin             Length             Attributes
RAM              0x20000000         0x000a0000         xrw
RAM2             0x10000000         0x00010000         xrw
RAM3             0x20040000         0x00060000         xrw
FLASH            0x08000000         0x00200000         xr
*default*        0x00000000         0xffffffff

Linker script and memory map

LOAD D:/STM32CubeIDE_1.16.0/STM32CubeIDE/plugins/com.st.stm32cube.ide.mcu.externaltools.gnu-tools-for-stm32.12.3.rel1.win32_1.0.200.202406191623/tools/bin/../lib/gcc/arm-none-eabi/12.3.1/thumb/v7e-m+fp/hard/crti.o
LOAD D:/STM32CubeIDE_1.16.0/STM32CubeIDE/plugins/com.st.stm32cube.ide.mcu.externaltools.gnu-tools-for-stm32.12.3.rel1.win32_1.0.200.202406191623/tools/bin/../lib/gcc/arm-none-eabi/12.3.1/thumb/v7e-m+fp/hard/crtbegin.o
LOAD D:/STM32CubeIDE_1.16.0/STM32CubeIDE/plugins/com.st.stm32cube.ide.mcu.externaltools.gnu-tools-for-stm32.12.3.rel1.win32_1.0.200.202406191623/tools/bin/../lib/gcc/arm-none-eabi/12.3.1/../../../../arm-none-eabi/lib/thumb/v7e-m+fp/hard/crt0.o
LOAD ./Core/Src/main.o
LOAD ./Core/Src/stm32l4xx_hal_msp.o
LOAD ./Core/Src/stm32l4xx_it.o
LOAD ./Core/Src/syscalls.o
LOAD ./Core/Src/sysmem.o
LOAD ./Core/Src/system_stm32l4xx.o
LOAD ./Core/Startup/startup_stm32l4s5vitx.o
LOAD ./Drivers/STM32L4xx_HAL_Driver/Src/stm32l4xx_hal.o
LOAD ./Drivers/STM32L4xx_HAL_Driver/Src/stm32l4xx_hal_cortex.o
LOAD ./Drivers/STM32L4xx_HAL_Driver/Src/stm32l4xx_hal_dac.o
LOAD ./Drivers/STM32L4xx_HAL_Driver/Src/stm32l4xx_hal_dac_ex.o
LOAD ./Drivers/STM32L4xx_HAL_Driver/Src/stm32l4xx_hal_dma.o
LOAD ./Drivers/STM32L4xx_HAL_Driver/Src/stm32l4xx_hal_dma_ex.o
LOAD ./Drivers/STM32L4xx_HAL_Driver/Src/stm32l4xx_hal_exti.o
LOAD ./Drivers/STM32L4xx_HAL_Driver/Src/stm32l4xx_hal_flash.o
LOAD ./Drivers/STM32L4xx_HAL_Driver/Src/stm32l4xx_hal_flash_ex.o
LOAD ./Drivers/STM32L4xx_HAL_Driver/Src/stm32l4xx_hal_flash_ramfunc.o
LOAD ./Drivers/STM32L4xx_HAL_Driver/Src/stm32l4xx_hal_gpio.o
LOAD ./Drivers/STM32L4xx_HAL_Driver/Src/stm32l4xx_hal_i2c.o
LOAD ./Drivers/STM32L4xx_HAL_Driver/Src/stm32l4xx_hal_i2c_ex.o
LOAD ./Drivers/STM32L4xx_HAL_Driver/Src/stm32l4xx_hal_pwr.o
LOAD ./Drivers/STM32L4xx_HAL_Driver/Src/stm32l4xx_hal_pwr_ex.o
LOAD ./Drivers/STM32L4xx_HAL_Driver/Src/stm32l4xx_hal_rcc.o
LOAD ./Drivers/STM32L4xx_HAL_Driver/Src/stm32l4xx_hal_rcc_ex.o
LOAD ./Drivers/STM32L4xx_HAL_Driver/Src/stm32l4xx_hal_tim.o
LOAD ./Drivers/STM32L4xx_HAL_Driver/Src/stm32l4xx_hal_tim_ex.o
LOAD D:\Learning\Fall 2024\ECSE444\ECSE-444\Lab3\lib\libarm_CortexM4lf_math.a
START GROUP
LOAD D:/STM32CubeIDE_1.16.0/STM32CubeIDE/plugins/com.st.stm32cube.ide.mcu.externaltools.gnu-tools-for-stm32.12.3.rel1.win32_1.0.200.202406191623/tools/bin/../lib/gcc/arm-none-eabi/12.3.1/../../../../arm-none-eabi/lib/thumb/v7e-m+fp/hard\libc_nano.a
LOAD D:/STM32CubeIDE_1.16.0/STM32CubeIDE/plugins/com.st.stm32cube.ide.mcu.externaltools.gnu-tools-for-stm32.12.3.rel1.win32_1.0.200.202406191623/tools/bin/../lib/gcc/arm-none-eabi/12.3.1/../../../../arm-none-eabi/lib/thumb/v7e-m+fp/hard\libm.a
END GROUP
START GROUP
LOAD D:/STM32CubeIDE_1.16.0/STM32CubeIDE/plugins/com.st.stm32cube.ide.mcu.externaltools.gnu-tools-for-stm32.12.3.rel1.win32_1.0.200.202406191623/tools/bin/../lib/gcc/arm-none-eabi/12.3.1/thumb/v7e-m+fp/hard\libgcc.a
LOAD D:/STM32CubeIDE_1.16.0/STM32CubeIDE/plugins/com.st.stm32cube.ide.mcu.externaltools.gnu-tools-for-stm32.12.3.rel1.win32_1.0.200.202406191623/tools/bin/../lib/gcc/arm-none-eabi/12.3.1/../../../../arm-none-eabi/lib/thumb/v7e-m+fp/hard\libc_nano.a
END GROUP
START GROUP
LOAD D:/STM32CubeIDE_1.16.0/STM32CubeIDE/plugins/com.st.stm32cube.ide.mcu.externaltools.gnu-tools-for-stm32.12.3.rel1.win32_1.0.200.202406191623/tools/bin/../lib/gcc/arm-none-eabi/12.3.1/thumb/v7e-m+fp/hard\libgcc.a
LOAD D:/STM32CubeIDE_1.16.0/STM32CubeIDE/plugins/com.st.stm32cube.ide.mcu.externaltools.gnu-tools-for-stm32.12.3.rel1.win32_1.0.200.202406191623/tools/bin/../lib/gcc/arm-none-eabi/12.3.1/../../../../arm-none-eabi/lib/thumb/v7e-m+fp/hard\libc_nano.a
LOAD D:/STM32CubeIDE_1.16.0/STM32CubeIDE/plugins/com.st.stm32cube.ide.mcu.externaltools.gnu-tools-for-stm32.12.3.rel1.win32_1.0.200.202406191623/tools/bin/../lib/gcc/arm-none-eabi/12.3.1/../../../../arm-none-eabi/lib/thumb/v7e-m+fp/hard\libnosys.a
END GROUP
START GROUP
LOAD D:/STM32CubeIDE_1.16.0/STM32CubeIDE/plugins/com.st.stm32cube.ide.mcu.externaltools.gnu-tools-for-stm32.12.3.rel1.win32_1.0.200.202406191623/tools/bin/../lib/gcc/arm-none-eabi/12.3.1/thumb/v7e-m+fp/hard\libgcc.a
LOAD D:/STM32CubeIDE_1.16.0/STM32CubeIDE/plugins/com.st.stm32cube.ide.mcu.externaltools.gnu-tools-for-stm32.12.3.rel1.win32_1.0.200.202406191623/tools/bin/../lib/gcc/arm-none-eabi/12.3.1/../../../../arm-none-eabi/lib/thumb/v7e-m+fp/hard\libc_nano.a
LOAD D:/STM32CubeIDE_1.16.0/STM32CubeIDE/plugins/com.st.stm32cube.ide.mcu.externaltools.gnu-tools-for-stm32.12.3.rel1.win32_1.0.200.202406191623/tools/bin/../lib/gcc/arm-none-eabi/12.3.1/../../../../arm-none-eabi/lib/thumb/v7e-m+fp/hard\libnosys.a
END GROUP
LOAD D:/STM32CubeIDE_1.16.0/STM32CubeIDE/plugins/com.st.stm32cube.ide.mcu.externaltools.gnu-tools-for-stm32.12.3.rel1.win32_1.0.200.202406191623/tools/bin/../lib/gcc/arm-none-eabi/12.3.1/thumb/v7e-m+fp/hard/crtend.o
LOAD D:/STM32CubeIDE_1.16.0/STM32CubeIDE/plugins/com.st.stm32cube.ide.mcu.externaltools.gnu-tools-for-stm32.12.3.rel1.win32_1.0.200.202406191623/tools/bin/../lib/gcc/arm-none-eabi/12.3.1/thumb/v7e-m+fp/hard/crtn.o
                0x200a0000                        _estack = (ORIGIN (RAM) + LENGTH (RAM))
                0x00000200                        _Min_Heap_Size = 0x200
                0x00000400                        _Min_Stack_Size = 0x400

.isr_vector     0x08000000      0x1bc
                0x08000000                        . = ALIGN (0x4)
 *(.isr_vector)
 .isr_vector    0x08000000      0x1bc ./Core/Startup/startup_stm32l4s5vitx.o
                0x08000000                g_pfnVectors
                0x080001bc                        . = ALIGN (0x4)

.text           0x080001bc     0x20a0
                0x080001bc                        . = ALIGN (0x4)
 *(.text)
 .text          0x080001bc       0x40 D:/STM32CubeIDE_1.16.0/STM32CubeIDE/plugins/com.st.stm32cube.ide.mcu.externaltools.gnu-tools-for-stm32.12.3.rel1.win32_1.0.200.202406191623/tools/bin/../lib/gcc/arm-none-eabi/12.3.1/thumb/v7e-m+fp/hard/crtbegin.o
 *(.text*)
 .text.HAL_GPIO_EXTI_Callback
                0x080001fc       0x48 ./Core/Src/main.o
                0x080001fc                HAL_GPIO_EXTI_Callback
 .text.main     0x08000244       0x9c ./Core/Src/main.o
                0x08000244                main
 .text.tri_wave
                0x080002e0       0x90 ./Core/Src/main.o
                0x080002e0                tri_wave
 .text.sawtth_wave
                0x08000370       0x40 ./Core/Src/main.o
                0x08000370                sawtth_wave
 .text.sine_wave
                0x080003b0       0x8c ./Core/Src/main.o
                0x080003b0                sine_wave
 .text.SystemClock_Config
                0x0800043c       0xa2 ./Core/Src/main.o
                0x0800043c                SystemClock_Config
 *fill*         0x080004de        0x2 
 .text.MX_DAC1_Init
                0x080004e0       0x80 ./Core/Src/main.o
 .text.MX_GPIO_Init
                0x08000560       0xc8 ./Core/Src/main.o
 .text.Error_Handler
                0x08000628        0xc ./Core/Src/main.o
                0x08000628                Error_Handler
 .text.HAL_MspInit
                0x08000634       0x48 ./Core/Src/stm32l4xx_hal_msp.o
                0x08000634                HAL_MspInit
 .text.HAL_DAC_MspInit
                0x0800067c       0x7c ./Core/Src/stm32l4xx_hal_msp.o
                0x0800067c                HAL_DAC_MspInit
 .text.NMI_Handler
                0x080006f8        0x8 ./Core/Src/stm32l4xx_it.o
                0x080006f8                NMI_Handler
 .text.HardFault_Handler
                0x08000700        0x8 ./Core/Src/stm32l4xx_it.o
                0x08000700                HardFault_Handler
 .text.MemManage_Handler
                0x08000708        0x8 ./Core/Src/stm32l4xx_it.o
                0x08000708                MemManage_Handler
 .text.BusFault_Handler
                0x08000710        0x8 ./Core/Src/stm32l4xx_it.o
                0x08000710                BusFault_Handler
 .text.UsageFault_Handler
                0x08000718        0x8 ./Core/Src/stm32l4xx_it.o
                0x08000718                UsageFault_Handler
 .text.SVC_Handler
                0x08000720        0xe ./Core/Src/stm32l4xx_it.o
                0x08000720                SVC_Handler
 .text.DebugMon_Handler
                0x0800072e        0xe ./Core/Src/stm32l4xx_it.o
                0x0800072e                DebugMon_Handler
 .text.PendSV_Handler
                0x0800073c        0xe ./Core/Src/stm32l4xx_it.o
                0x0800073c                PendSV_Handler
 .text.SysTick_Handler
                0x0800074a        0xc ./Core/Src/stm32l4xx_it.o
                0x0800074a                SysTick_Handler
 .text.EXTI15_10_IRQHandler
                0x08000756       0x10 ./Core/Src/stm32l4xx_it.o
                0x08000756                EXTI15_10_IRQHandler
 *fill*         0x08000766        0x2 
 .text.SystemInit
                0x08000768       0x24 ./Core/Src/system_stm32l4xx.o
                0x08000768                SystemInit
 .text.Reset_Handler
                0x0800078c       0x50 ./Core/Startup/startup_stm32l4s5vitx.o
                0x0800078c                Reset_Handler
 .text.Default_Handler
                0x080007dc        0x2 ./Core/Startup/startup_stm32l4s5vitx.o
                0x080007dc                RTC_Alarm_IRQHandler
                0x080007dc                EXTI2_IRQHandler
                0x080007dc                TIM8_TRG_COM_IRQHandler
                0x080007dc                TIM8_CC_IRQHandler
                0x080007dc                TIM1_CC_IRQHandler
                0x080007dc                TSC_IRQHandler
                0x080007dc                TAMP_STAMP_IRQHandler
                0x080007dc                EXTI3_IRQHandler
                0x080007dc                LPTIM2_IRQHandler
                0x080007dc                DFSDM1_FLT1_IRQHandler
                0x080007dc                GFXMMU_IRQHandler
                0x080007dc                I2C3_ER_IRQHandler
                0x080007dc                DFSDM1_FLT2_IRQHandler
                0x080007dc                EXTI0_IRQHandler
                0x080007dc                I2C2_EV_IRQHandler
                0x080007dc                CAN1_RX0_IRQHandler
                0x080007dc                FPU_IRQHandler
                0x080007dc                TIM1_UP_TIM16_IRQHandler
                0x080007dc                LTDC_ER_IRQHandler
                0x080007dc                SPI1_IRQHandler
                0x080007dc                OCTOSPI1_IRQHandler
                0x080007dc                TIM6_DAC_IRQHandler
                0x080007dc                DCMI_IRQHandler
                0x080007dc                TIM8_UP_IRQHandler
                0x080007dc                OCTOSPI2_IRQHandler
                0x080007dc                DMA2_Channel2_IRQHandler
                0x080007dc                DMA1_Channel4_IRQHandler
                0x080007dc                SAI2_IRQHandler
                0x080007dc                ADC1_IRQHandler
                0x080007dc                DFSDM1_FLT3_IRQHandler
                0x080007dc                USART3_IRQHandler
                0x080007dc                DMA1_Channel7_IRQHandler
                0x080007dc                CAN1_RX1_IRQHandler
                0x080007dc                UART5_IRQHandler
                0x080007dc                TIM4_IRQHandler
                0x080007dc                DMA2_Channel1_IRQHandler
                0x080007dc                I2C1_EV_IRQHandler
                0x080007dc                DMAMUX1_OVR_IRQHandler
                0x080007dc                DMA1_Channel6_IRQHandler
                0x080007dc                UART4_IRQHandler
                0x080007dc                DMA2_Channel4_IRQHandler
                0x080007dc                TIM3_IRQHandler
                0x080007dc                RCC_IRQHandler
                0x080007dc                DMA1_Channel1_IRQHandler
                0x080007dc                Default_Handler
                0x080007dc                DMA2_Channel7_IRQHandler
                0x080007dc                TIM7_IRQHandler
                0x080007dc                SDMMC1_IRQHandler
                0x080007dc                TIM5_IRQHandler
                0x080007dc                I2C3_EV_IRQHandler
                0x080007dc                EXTI9_5_IRQHandler
                0x080007dc                RTC_WKUP_IRQHandler
                0x080007dc                LTDC_IRQHandler
                0x080007dc                PVD_PVM_IRQHandler
                0x080007dc                SPI2_IRQHandler
                0x080007dc                CAN1_TX_IRQHandler
                0x080007dc                DMA2_Channel5_IRQHandler
                0x080007dc                DMA1_Channel5_IRQHandler
                0x080007dc                EXTI4_IRQHandler
                0x080007dc                RNG_IRQHandler
                0x080007dc                TIM1_TRG_COM_TIM17_IRQHandler
                0x080007dc                DMA1_Channel3_IRQHandler
                0x080007dc                COMP_IRQHandler
                0x080007dc                HASH_CRS_IRQHandler
                0x080007dc                WWDG_IRQHandler
                0x080007dc                I2C4_EV_IRQHandler
                0x080007dc                LPUART1_IRQHandler
                0x080007dc                DMA2_Channel6_IRQHandler
                0x080007dc                TIM2_IRQHandler
                0x080007dc                DMA2D_IRQHandler
                0x080007dc                EXTI1_IRQHandler
                0x080007dc                AES_IRQHandler
                0x080007dc                USART2_IRQHandler
                0x080007dc                DFSDM1_FLT0_IRQHandler
                0x080007dc                I2C2_ER_IRQHandler
                0x080007dc                DMA1_Channel2_IRQHandler
                0x080007dc                TIM8_BRK_IRQHandler
                0x080007dc                CAN1_SCE_IRQHandler
                0x080007dc                FLASH_IRQHandler
                0x080007dc                USART1_IRQHandler
                0x080007dc                OTG_FS_IRQHandler
                0x080007dc                SPI3_IRQHandler
                0x080007dc                I2C1_ER_IRQHandler
                0x080007dc                FMC_IRQHandler
                0x080007dc                LPTIM1_IRQHandler
                0x080007dc                I2C4_ER_IRQHandler
                0x080007dc                SAI1_IRQHandler
                0x080007dc                DMA2_Channel3_IRQHandler
                0x080007dc                TIM1_BRK_TIM15_IRQHandler
 .text.HAL_Init
                0x080007de       0x30 ./Drivers/STM32L4xx_HAL_Driver/Src/stm32l4xx_hal.o
                0x080007de                HAL_Init
 *fill*         0x0800080e        0x2 
 .text.HAL_InitTick
                0x08000810       0x78 ./Drivers/STM32L4xx_HAL_Driver/Src/stm32l4xx_hal.o
                0x08000810                HAL_InitTick
 .text.HAL_IncTick
                0x08000888       0x28 ./Drivers/STM32L4xx_HAL_Driver/Src/stm32l4xx_hal.o
                0x08000888                HAL_IncTick
 .text.HAL_GetTick
                0x080008b0       0x18 ./Drivers/STM32L4xx_HAL_Driver/Src/stm32l4xx_hal.o
                0x080008b0                HAL_GetTick
 .text.HAL_Delay
                0x080008c8       0x48 ./Drivers/STM32L4xx_HAL_Driver/Src/stm32l4xx_hal.o
                0x080008c8                HAL_Delay
 .text.__NVIC_SetPriorityGrouping
                0x08000910       0x48 ./Drivers/STM32L4xx_HAL_Driver/Src/stm32l4xx_hal_cortex.o
 .text.__NVIC_GetPriorityGrouping
                0x08000958       0x1c ./Drivers/STM32L4xx_HAL_Driver/Src/stm32l4xx_hal_cortex.o
 .text.__NVIC_EnableIRQ
                0x08000974       0x3c ./Drivers/STM32L4xx_HAL_Driver/Src/stm32l4xx_hal_cortex.o
 .text.__NVIC_SetPriority
                0x080009b0       0x54 ./Drivers/STM32L4xx_HAL_Driver/Src/stm32l4xx_hal_cortex.o
 .text.NVIC_EncodePriority
                0x08000a04       0x66 ./Drivers/STM32L4xx_HAL_Driver/Src/stm32l4xx_hal_cortex.o
 *fill*         0x08000a6a        0x2 
 .text.SysTick_Config
                0x08000a6c       0x44 ./Drivers/STM32L4xx_HAL_Driver/Src/stm32l4xx_hal_cortex.o
 .text.HAL_NVIC_SetPriorityGrouping
                0x08000ab0       0x16 ./Drivers/STM32L4xx_HAL_Driver/Src/stm32l4xx_hal_cortex.o
                0x08000ab0                HAL_NVIC_SetPriorityGrouping
 .text.HAL_NVIC_SetPriority
                0x08000ac6       0x38 ./Drivers/STM32L4xx_HAL_Driver/Src/stm32l4xx_hal_cortex.o
                0x08000ac6                HAL_NVIC_SetPriority
 .text.HAL_NVIC_EnableIRQ
                0x08000afe       0x1c ./Drivers/STM32L4xx_HAL_Driver/Src/stm32l4xx_hal_cortex.o
                0x08000afe                HAL_NVIC_EnableIRQ
 .text.HAL_SYSTICK_Config
                0x08000b1a       0x18 ./Drivers/STM32L4xx_HAL_Driver/Src/stm32l4xx_hal_cortex.o
                0x08000b1a                HAL_SYSTICK_Config
 .text.HAL_DAC_Init
                0x08000b32       0x44 ./Drivers/STM32L4xx_HAL_Driver/Src/stm32l4xx_hal_dac.o
                0x08000b32                HAL_DAC_Init
 .text.HAL_DAC_Start
                0x08000b76       0xa4 ./Drivers/STM32L4xx_HAL_Driver/Src/stm32l4xx_hal_dac.o
                0x08000b76                HAL_DAC_Start
 .text.HAL_DAC_SetValue
                0x08000c1a       0x4a ./Drivers/STM32L4xx_HAL_Driver/Src/stm32l4xx_hal_dac.o
                0x08000c1a                HAL_DAC_SetValue
 .text.HAL_DAC_ConfigChannel
                0x08000c64      0x298 ./Drivers/STM32L4xx_HAL_Driver/Src/stm32l4xx_hal_dac.o
                0x08000c64                HAL_DAC_ConfigChannel
 .text.HAL_GPIO_Init
                0x08000efc      0x324 ./Drivers/STM32L4xx_HAL_Driver/Src/stm32l4xx_hal_gpio.o
                0x08000efc                HAL_GPIO_Init
 .text.HAL_GPIO_WritePin
                0x08001220       0x30 ./Drivers/STM32L4xx_HAL_Driver/Src/stm32l4xx_hal_gpio.o
                0x08001220                HAL_GPIO_WritePin
 .text.HAL_GPIO_EXTI_IRQHandler
                0x08001250       0x30 ./Drivers/STM32L4xx_HAL_Driver/Src/stm32l4xx_hal_gpio.o
                0x08001250                HAL_GPIO_EXTI_IRQHandler
 .text.HAL_PWREx_GetVoltageRange
                0x08001280       0x40 ./Drivers/STM32L4xx_HAL_Driver/Src/stm32l4xx_hal_pwr_ex.o
                0x08001280                HAL_PWREx_GetVoltageRange
 .text.HAL_PWREx_ControlVoltageScaling
                0x080012c0      0x148 ./Drivers/STM32L4xx_HAL_Driver/Src/stm32l4xx_hal_pwr_ex.o
                0x080012c0                HAL_PWREx_ControlVoltageScaling
 .text.HAL_RCC_OscConfig
                0x08001408      0x834 ./Drivers/STM32L4xx_HAL_Driver/Src/stm32l4xx_hal_rcc.o
                0x08001408                HAL_RCC_OscConfig
 .text.HAL_RCC_ClockConfig
                0x08001c3c      0x274 ./Drivers/STM32L4xx_HAL_Driver/Src/stm32l4xx_hal_rcc.o
                0x08001c3c                HAL_RCC_ClockConfig
 .text.HAL_RCC_GetSysClockFreq
                0x08001eb0      0x118 ./Drivers/STM32L4xx_HAL_Driver/Src/stm32l4xx_hal_rcc.o
                0x08001eb0                HAL_RCC_GetSysClockFreq
 .text.HAL_RCC_GetHCLKFreq
                0x08001fc8       0x18 ./Drivers/STM32L4xx_HAL_Driver/Src/stm32l4xx_hal_rcc.o
                0x08001fc8                HAL_RCC_GetHCLKFreq
 .text.RCC_SetFlashLatencyFromMSIRange
                0x08001fe0       0xb4 ./Drivers/STM32L4xx_HAL_Driver/Src/stm32l4xx_hal_rcc.o
 .text.RCC_GetSysClockFreqFromPLLSource
                0x08002094       0xcc ./Drivers/STM32L4xx_HAL_Driver/Src/stm32l4xx_hal_rcc.o
 .text.arm_sin_f32
                0x08002160       0x8c D:\Learning\Fall 2024\ECSE444\ECSE-444\Lab3\lib\libarm_CortexM4lf_math.a(arm_sin_f32.o)
                0x08002160                arm_sin_f32
 .text.memset   0x080021ec       0x10 D:/STM32CubeIDE_1.16.0/STM32CubeIDE/plugins/com.st.stm32cube.ide.mcu.externaltools.gnu-tools-for-stm32.12.3.rel1.win32_1.0.200.202406191623/tools/bin/../lib/gcc/arm-none-eabi/12.3.1/../../../../arm-none-eabi/lib/thumb/v7e-m+fp/hard\libc_nano.a(libc_a-memset.o)
                0x080021ec                memset
 .text.__libc_init_array
                0x080021fc       0x48 D:/STM32CubeIDE_1.16.0/STM32CubeIDE/plugins/com.st.stm32cube.ide.mcu.externaltools.gnu-tools-for-stm32.12.3.rel1.win32_1.0.200.202406191623/tools/bin/../lib/gcc/arm-none-eabi/12.3.1/../../../../arm-none-eabi/lib/thumb/v7e-m+fp/hard\libc_nano.a(libc_a-init.o)
                0x080021fc                __libc_init_array
 *(.glue_7)
 .glue_7        0x08002244        0x0 linker stubs
 *(.glue_7t)
 .glue_7t       0x08002244        0x0 linker stubs
 *(.eh_frame)
 .eh_frame      0x08002244        0x0 D:/STM32CubeIDE_1.16.0/STM32CubeIDE/plugins/com.st.stm32cube.ide.mcu.externaltools.gnu-tools-for-stm32.12.3.rel1.win32_1.0.200.202406191623/tools/bin/../lib/gcc/arm-none-eabi/12.3.1/thumb/v7e-m+fp/hard/crtbegin.o
 *(.init)
 .init          0x08002244        0x4 D:/STM32CubeIDE_1.16.0/STM32CubeIDE/plugins/com.st.stm32cube.ide.mcu.externaltools.gnu-tools-for-stm32.12.3.rel1.win32_1.0.200.202406191623/tools/bin/../lib/gcc/arm-none-eabi/12.3.1/thumb/v7e-m+fp/hard/crti.o
                0x08002244                _init
 .init          0x08002248        0x8 D:/STM32CubeIDE_1.16.0/STM32CubeIDE/plugins/com.st.stm32cube.ide.mcu.externaltools.gnu-tools-for-stm32.12.3.rel1.win32_1.0.200.202406191623/tools/bin/../lib/gcc/arm-none-eabi/12.3.1/thumb/v7e-m+fp/hard/crtn.o
 *(.fini)
 .fini          0x08002250        0x4 D:/STM32CubeIDE_1.16.0/STM32CubeIDE/plugins/com.st.stm32cube.ide.mcu.externaltools.gnu-tools-for-stm32.12.3.rel1.win32_1.0.200.202406191623/tools/bin/../lib/gcc/arm-none-eabi/12.3.1/thumb/v7e-m+fp/hard/crti.o
                0x08002250                _fini
 .fini          0x08002254        0x8 D:/STM32CubeIDE_1.16.0/STM32CubeIDE/plugins/com.st.stm32cube.ide.mcu.externaltools.gnu-tools-for-stm32.12.3.rel1.win32_1.0.200.202406191623/tools/bin/../lib/gcc/arm-none-eabi/12.3.1/thumb/v7e-m+fp/hard/crtn.o
                0x0800225c                        . = ALIGN (0x4)
                0x0800225c                        _etext = .

.vfp11_veneer   0x0800225c        0x0
 .vfp11_veneer  0x0800225c        0x0 linker stubs

.v4_bx          0x0800225c        0x0
 .v4_bx         0x0800225c        0x0 linker stubs

.iplt           0x0800225c        0x0
 .iplt          0x0800225c        0x0 D:/STM32CubeIDE_1.16.0/STM32CubeIDE/plugins/com.st.stm32cube.ide.mcu.externaltools.gnu-tools-for-stm32.12.3.rel1.win32_1.0.200.202406191623/tools/bin/../lib/gcc/arm-none-eabi/12.3.1/thumb/v7e-m+fp/hard/crtbegin.o

.rodata         0x0800225c      0x844
                0x0800225c                        . = ALIGN (0x4)
 *(.rodata)
 *(.rodata*)
 .rodata.AHBPrescTable
                0x0800225c       0x10 ./Core/Src/system_stm32l4xx.o
                0x0800225c                AHBPrescTable
 .rodata.MSIRangeTable
                0x0800226c       0x30 ./Core/Src/system_stm32l4xx.o
                0x0800226c                MSIRangeTable
 .rodata.sinTable_f32
                0x0800229c      0x804 D:\Learning\Fall 2024\ECSE444\ECSE-444\Lab3\lib\libarm_CortexM4lf_math.a(arm_common_tables.o)
                0x0800229c                sinTable_f32
                0x08002aa0                        . = ALIGN (0x4)

.ARM.extab      0x08002aa0        0x0
                0x08002aa0                        . = ALIGN (0x4)
 *(.ARM.extab* .gnu.linkonce.armextab.*)
                0x08002aa0                        . = ALIGN (0x4)

.ARM            0x08002aa0        0x0
                0x08002aa0                        . = ALIGN (0x4)
                0x08002aa0                        __exidx_start = .
 *(.ARM.exidx*)
                0x08002aa0                        __exidx_end = .
                0x08002aa0                        . = ALIGN (0x4)

.preinit_array  0x08002aa0        0x0
                0x08002aa0                        . = ALIGN (0x4)
                0x08002aa0                        PROVIDE (__preinit_array_start = .)
 *(.preinit_array*)
                0x08002aa0                        PROVIDE (__preinit_array_end = .)
                0x08002aa0                        . = ALIGN (0x4)

.init_array     0x08002aa0        0x4
                0x08002aa0                        . = ALIGN (0x4)
                0x08002aa0                        PROVIDE (__init_array_start = .)
 *(SORT_BY_NAME(.init_array.*))
 *(.init_array*)
 .init_array    0x08002aa0        0x4 D:/STM32CubeIDE_1.16.0/STM32CubeIDE/plugins/com.st.stm32cube.ide.mcu.externaltools.gnu-tools-for-stm32.12.3.rel1.win32_1.0.200.202406191623/tools/bin/../lib/gcc/arm-none-eabi/12.3.1/thumb/v7e-m+fp/hard/crtbegin.o
                0x08002aa4                        PROVIDE (__init_array_end = .)
                0x08002aa4                        . = ALIGN (0x4)

.fini_array     0x08002aa4        0x4
                0x08002aa4                        . = ALIGN (0x4)
                [!provide]                        PROVIDE (__fini_array_start = .)
 *(SORT_BY_NAME(.fini_array.*))
 *(.fini_array*)
 .fini_array    0x08002aa4        0x4 D:/STM32CubeIDE_1.16.0/STM32CubeIDE/plugins/com.st.stm32cube.ide.mcu.externaltools.gnu-tools-for-stm32.12.3.rel1.win32_1.0.200.202406191623/tools/bin/../lib/gcc/arm-none-eabi/12.3.1/thumb/v7e-m+fp/hard/crtbegin.o
                [!provide]                        PROVIDE (__fini_array_end = .)
                0x08002aa8                        . = ALIGN (0x4)
                0x08002aa8                        _sidata = LOADADDR (.data)

.rel.dyn        0x08002aa8        0x0
 .rel.iplt      0x08002aa8        0x0 D:/STM32CubeIDE_1.16.0/STM32CubeIDE/plugins/com.st.stm32cube.ide.mcu.externaltools.gnu-tools-for-stm32.12.3.rel1.win32_1.0.200.202406191623/tools/bin/../lib/gcc/arm-none-eabi/12.3.1/thumb/v7e-m+fp/hard/crtbegin.o

.data           0x20000000       0x14 load address 0x08002aa8
                0x20000000                        . = ALIGN (0x4)
                0x20000000                        _sdata = .
 *(.data)
 *(.data*)
 .data.step     0x20000000        0x2 ./Core/Src/main.o
                0x20000000                step
 .data.direction
                0x20000002        0x1 ./Core/Src/main.o
                0x20000002                direction
 *fill*         0x20000003        0x1 
 .data.rad_step
                0x20000004        0x4 ./Core/Src/main.o
                0x20000004                rad_step
 .data.SystemCoreClock
                0x20000008        0x4 ./Core/Src/system_stm32l4xx.o
                0x20000008                SystemCoreClock
 .data.uwTickPrio
                0x2000000c        0x4 ./Drivers/STM32L4xx_HAL_Driver/Src/stm32l4xx_hal.o
                0x2000000c                uwTickPrio
 .data.uwTickFreq
                0x20000010        0x1 ./Drivers/STM32L4xx_HAL_Driver/Src/stm32l4xx_hal.o
                0x20000010                uwTickFreq
 *(.RamFunc)
 *(.RamFunc*)
                0x20000014                        . = ALIGN (0x4)
 *fill*         0x20000011        0x3 
                0x20000014                        _edata = .

.igot.plt       0x20000014        0x0 load address 0x08002abc
 .igot.plt      0x20000014        0x0 D:/STM32CubeIDE_1.16.0/STM32CubeIDE/plugins/com.st.stm32cube.ide.mcu.externaltools.gnu-tools-for-stm32.12.3.rel1.win32_1.0.200.202406191623/tools/bin/../lib/gcc/arm-none-eabi/12.3.1/thumb/v7e-m+fp/hard/crtbegin.o
                0x20000014                        . = ALIGN (0x4)

.bss            0x20000014       0x44 load address 0x08002abc
                0x20000014                        _sbss = .
                0x20000014                        __bss_start__ = _sbss
 *(.bss)
 .bss           0x20000014       0x1c D:/STM32CubeIDE_1.16.0/STM32CubeIDE/plugins/com.st.stm32cube.ide.mcu.externaltools.gnu-tools-for-stm32.12.3.rel1.win32_1.0.200.202406191623/tools/bin/../lib/gcc/arm-none-eabi/12.3.1/thumb/v7e-m+fp/hard/crtbegin.o
 *(.bss*)
 .bss.hdac1     0x20000030       0x14 ./Core/Src/main.o
                0x20000030                hdac1
 .bss.LEDState  0x20000044        0x1 ./Core/Src/main.o
                0x20000044                LEDState
 *fill*         0x20000045        0x1 
 .bss.triangular
                0x20000046        0x2 ./Core/Src/main.o
                0x20000046                triangular
 .bss.sawtooth  0x20000048        0x2 ./Core/Src/main.o
                0x20000048                sawtooth
 *fill*         0x2000004a        0x2 
 .bss.angle     0x2000004c        0x4 ./Core/Src/main.o
                0x2000004c                angle
 .bss.Asinx     0x20000050        0x2 ./Core/Src/main.o
                0x20000050                Asinx
 *fill*         0x20000052        0x2 
 .bss.uwTick    0x20000054        0x4 ./Drivers/STM32L4xx_HAL_Driver/Src/stm32l4xx_hal.o
                0x20000054                uwTick
 *(COMMON)
                0x20000058                        . = ALIGN (0x4)
                0x20000058                        _ebss = .
                0x20000058                        __bss_end__ = _ebss

._user_heap_stack
                0x20000058      0x600 load address 0x08002abc
                0x20000058                        . = ALIGN (0x8)
                [!provide]                        PROVIDE (end = .)
                0x20000058                        PROVIDE (_end = .)
                0x20000258                        . = (. + _Min_Heap_Size)
 *fill*         0x20000058      0x200 
                0x20000658                        . = (. + _Min_Stack_Size)
 *fill*         0x20000258      0x400 
                0x20000658                        . = ALIGN (0x8)

/DISCARD/
 libc.a(*)
 libm.a(*)
 libgcc.a(*)

.ARM.attributes
                0x00000000       0x30
 *(.ARM.attributes)
 .ARM.attributes
                0x00000000       0x22 D:/STM32CubeIDE_1.16.0/STM32CubeIDE/plugins/com.st.stm32cube.ide.mcu.externaltools.gnu-tools-for-stm32.12.3.rel1.win32_1.0.200.202406191623/tools/bin/../lib/gcc/arm-none-eabi/12.3.1/thumb/v7e-m+fp/hard/crti.o
 .ARM.attributes
                0x00000022       0x34 D:/STM32CubeIDE_1.16.0/STM32CubeIDE/plugins/com.st.stm32cube.ide.mcu.externaltools.gnu-tools-for-stm32.12.3.rel1.win32_1.0.200.202406191623/tools/bin/../lib/gcc/arm-none-eabi/12.3.1/thumb/v7e-m+fp/hard/crtbegin.o
 .ARM.attributes
                0x00000056       0x34 ./Core/Src/main.o
 .ARM.attributes
                0x0000008a       0x34 ./Core/Src/stm32l4xx_hal_msp.o
 .ARM.attributes
                0x000000be       0x34 ./Core/Src/stm32l4xx_it.o
 .ARM.attributes
                0x000000f2       0x34 ./Core/Src/system_stm32l4xx.o
 .ARM.attributes
                0x00000126       0x21 ./Core/Startup/startup_stm32l4s5vitx.o
 .ARM.attributes
                0x00000147       0x34 ./Drivers/STM32L4xx_HAL_Driver/Src/stm32l4xx_hal.o
 .ARM.attributes
                0x0000017b       0x34 ./Drivers/STM32L4xx_HAL_Driver/Src/stm32l4xx_hal_cortex.o
 .ARM.attributes
                0x000001af       0x34 ./Drivers/STM32L4xx_HAL_Driver/Src/stm32l4xx_hal_dac.o
 .ARM.attributes
                0x000001e3       0x34 ./Drivers/STM32L4xx_HAL_Driver/Src/stm32l4xx_hal_gpio.o
 .ARM.attributes
                0x00000217       0x34 ./Drivers/STM32L4xx_HAL_Driver/Src/stm32l4xx_hal_pwr_ex.o
 .ARM.attributes
                0x0000024b       0x34 ./Drivers/STM32L4xx_HAL_Driver/Src/stm32l4xx_hal_rcc.o
 .ARM.attributes
                0x0000027f       0x34 D:\Learning\Fall 2024\ECSE444\ECSE-444\Lab3\lib\libarm_CortexM4lf_math.a(arm_sin_f32.o)
 .ARM.attributes
                0x000002b3       0x39 D:\Learning\Fall 2024\ECSE444\ECSE-444\Lab3\lib\libarm_CortexM4lf_math.a(arm_common_tables.o)
 .ARM.attributes
                0x000002ec       0x34 D:/STM32CubeIDE_1.16.0/STM32CubeIDE/plugins/com.st.stm32cube.ide.mcu.externaltools.gnu-tools-for-stm32.12.3.rel1.win32_1.0.200.202406191623/tools/bin/../lib/gcc/arm-none-eabi/12.3.1/../../../../arm-none-eabi/lib/thumb/v7e-m+fp/hard\libc_nano.a(libc_a-memset.o)
 .ARM.attributes
                0x00000320       0x34 D:/STM32CubeIDE_1.16.0/STM32CubeIDE/plugins/com.st.stm32cube.ide.mcu.externaltools.gnu-tools-for-stm32.12.3.rel1.win32_1.0.200.202406191623/tools/bin/../lib/gcc/arm-none-eabi/12.3.1/../../../../arm-none-eabi/lib/thumb/v7e-m+fp/hard\libc_nano.a(libc_a-init.o)
 .ARM.attributes
                0x00000354       0x22 D:/STM32CubeIDE_1.16.0/STM32CubeIDE/plugins/com.st.stm32cube.ide.mcu.externaltools.gnu-tools-for-stm32.12.3.rel1.win32_1.0.200.202406191623/tools/bin/../lib/gcc/arm-none-eabi/12.3.1/thumb/v7e-m+fp/hard/crtn.o
OUTPUT(Lab3.elf elf32-littlearm)
LOAD linker stubs
LOAD D:/STM32CubeIDE_1.16.0/STM32CubeIDE/plugins/com.st.stm32cube.ide.mcu.externaltools.gnu-tools-for-stm32.12.3.rel1.win32_1.0.200.202406191623/tools/bin/../lib/gcc/arm-none-eabi/12.3.1/../../../../arm-none-eabi/lib/thumb/v7e-m+fp/hard\libc.a
LOAD D:/STM32CubeIDE_1.16.0/STM32CubeIDE/plugins/com.st.stm32cube.ide.mcu.externaltools.gnu-tools-for-stm32.12.3.rel1.win32_1.0.200.202406191623/tools/bin/../lib/gcc/arm-none-eabi/12.3.1/../../../../arm-none-eabi/lib/thumb/v7e-m+fp/hard\libm.a
LOAD D:/STM32CubeIDE_1.16.0/STM32CubeIDE/plugins/com.st.stm32cube.ide.mcu.externaltools.gnu-tools-for-stm32.12.3.rel1.win32_1.0.200.202406191623/tools/bin/../lib/gcc/arm-none-eabi/12.3.1/thumb/v7e-m+fp/hard\libgcc.a

.debug_info     0x00000000     0x96c1
 .debug_info    0x00000000     0x1185 ./Core/Src/main.o
 .debug_info    0x00001185      0x9d7 ./Core/Src/stm32l4xx_hal_msp.o
 .debug_info    0x00001b5c      0x14c ./Core/Src/stm32l4xx_it.o
 .debug_info    0x00001ca8      0x5e9 ./Core/Src/system_stm32l4xx.o
 .debug_info    0x00002291       0x30 ./Core/Startup/startup_stm32l4s5vitx.o
 .debug_info    0x000022c1      0xb4f ./Drivers/STM32L4xx_HAL_Driver/Src/stm32l4xx_hal.o
 .debug_info    0x00002e10      0xd9f ./Drivers/STM32L4xx_HAL_Driver/Src/stm32l4xx_hal_cortex.o
 .debug_info    0x00003baf      0xbb9 ./Drivers/STM32L4xx_HAL_Driver/Src/stm32l4xx_hal_dac.o
 .debug_info    0x00004768      0x787 ./Drivers/STM32L4xx_HAL_Driver/Src/stm32l4xx_hal_gpio.o
 .debug_info    0x00004eef      0xa0a ./Drivers/STM32L4xx_HAL_Driver/Src/stm32l4xx_hal_pwr_ex.o
 .debug_info    0x000058f9      0xd32 ./Drivers/STM32L4xx_HAL_Driver/Src/stm32l4xx_hal_rcc.o
 .debug_info    0x0000662b     0x1612 D:\Learning\Fall 2024\ECSE444\ECSE-444\Lab3\lib\libarm_CortexM4lf_math.a(arm_sin_f32.o)
 .debug_info    0x00007c3d     0x1a84 D:\Learning\Fall 2024\ECSE444\ECSE-444\Lab3\lib\libarm_CortexM4lf_math.a(arm_common_tables.o)

.debug_abbrev   0x00000000     0x1864
 .debug_abbrev  0x00000000      0x29c ./Core/Src/main.o
 .debug_abbrev  0x0000029c      0x1a1 ./Core/Src/stm32l4xx_hal_msp.o
 .debug_abbrev  0x0000043d       0xa0 ./Core/Src/stm32l4xx_it.o
 .debug_abbrev  0x000004dd      0x11a ./Core/Src/system_stm32l4xx.o
 .debug_abbrev  0x000005f7       0x24 ./Core/Startup/startup_stm32l4s5vitx.o
 .debug_abbrev  0x0000061b      0x242 ./Drivers/STM32L4xx_HAL_Driver/Src/stm32l4xx_hal.o
 .debug_abbrev  0x0000085d      0x31c ./Drivers/STM32L4xx_HAL_Driver/Src/stm32l4xx_hal_cortex.o
 .debug_abbrev  0x00000b79      0x218 ./Drivers/STM32L4xx_HAL_Driver/Src/stm32l4xx_hal_dac.o
 .debug_abbrev  0x00000d91      0x1cb ./Drivers/STM32L4xx_HAL_Driver/Src/stm32l4xx_hal_gpio.o
 .debug_abbrev  0x00000f5c      0x1f9 ./Drivers/STM32L4xx_HAL_Driver/Src/stm32l4xx_hal_pwr_ex.o
 .debug_abbrev  0x00001155      0x306 ./Drivers/STM32L4xx_HAL_Driver/Src/stm32l4xx_hal_rcc.o
 .debug_abbrev  0x0000145b      0x22c D:\Learning\Fall 2024\ECSE444\ECSE-444\Lab3\lib\libarm_CortexM4lf_math.a(arm_sin_f32.o)
 .debug_abbrev  0x00001687      0x1dd D:\Learning\Fall 2024\ECSE444\ECSE-444\Lab3\lib\libarm_CortexM4lf_math.a(arm_common_tables.o)

.debug_aranges  0x00000000      0x6f8
 .debug_aranges
                0x00000000       0x60 ./Core/Src/main.o
 .debug_aranges
                0x00000060       0x30 ./Core/Src/stm32l4xx_hal_msp.o
 .debug_aranges
                0x00000090       0x68 ./Core/Src/stm32l4xx_it.o
 .debug_aranges
                0x000000f8       0x28 ./Core/Src/system_stm32l4xx.o
 .debug_aranges
                0x00000120       0x28 ./Core/Startup/startup_stm32l4s5vitx.o
 .debug_aranges
                0x00000148      0x130 ./Drivers/STM32L4xx_HAL_Driver/Src/stm32l4xx_hal.o
 .debug_aranges
                0x00000278      0x128 ./Drivers/STM32L4xx_HAL_Driver/Src/stm32l4xx_hal_cortex.o
 .debug_aranges
                0x000003a0       0xc0 ./Drivers/STM32L4xx_HAL_Driver/Src/stm32l4xx_hal_dac.o
 .debug_aranges
                0x00000460       0x58 ./Drivers/STM32L4xx_HAL_Driver/Src/stm32l4xx_hal_gpio.o
 .debug_aranges
                0x000004b8      0x170 ./Drivers/STM32L4xx_HAL_Driver/Src/stm32l4xx_hal_pwr_ex.o
 .debug_aranges
                0x00000628       0x98 ./Drivers/STM32L4xx_HAL_Driver/Src/stm32l4xx_hal_rcc.o
 .debug_aranges
                0x000006c0       0x20 D:\Learning\Fall 2024\ECSE444\ECSE-444\Lab3\lib\libarm_CortexM4lf_math.a(arm_sin_f32.o)
 .debug_aranges
                0x000006e0       0x18 D:\Learning\Fall 2024\ECSE444\ECSE-444\Lab3\lib\libarm_CortexM4lf_math.a(arm_common_tables.o)

.debug_rnglists
                0x00000000      0x4f5
 .debug_rnglists
                0x00000000       0x49 ./Core/Src/main.o
 .debug_rnglists
                0x00000049       0x1f ./Core/Src/stm32l4xx_hal_msp.o
 .debug_rnglists
                0x00000068       0x49 ./Core/Src/stm32l4xx_it.o
 .debug_rnglists
                0x000000b1       0x1a ./Core/Src/system_stm32l4xx.o
 .debug_rnglists
                0x000000cb       0x19 ./Core/Startup/startup_stm32l4s5vitx.o
 .debug_rnglists
                0x000000e4       0xdf ./Drivers/STM32L4xx_HAL_Driver/Src/stm32l4xx_hal.o
 .debug_rnglists
                0x000001c3       0xda ./Drivers/STM32L4xx_HAL_Driver/Src/stm32l4xx_hal_cortex.o
 .debug_rnglists
                0x0000029d       0x90 ./Drivers/STM32L4xx_HAL_Driver/Src/stm32l4xx_hal_dac.o
 .debug_rnglists
                0x0000032d       0x3f ./Drivers/STM32L4xx_HAL_Driver/Src/stm32l4xx_hal_gpio.o
 .debug_rnglists
                0x0000036c      0x115 ./Drivers/STM32L4xx_HAL_Driver/Src/stm32l4xx_hal_pwr_ex.o
 .debug_rnglists
                0x00000481       0x74 ./Drivers/STM32L4xx_HAL_Driver/Src/stm32l4xx_hal_rcc.o

.debug_macro    0x00000000    0x291e7
 .debug_macro   0x00000000      0x2e0 ./Core/Src/main.o
 .debug_macro   0x000002e0      0xab4 ./Core/Src/main.o
 .debug_macro   0x00000d94      0x1a1 ./Core/Src/main.o
 .debug_macro   0x00000f35       0x2e ./Core/Src/main.o
 .debug_macro   0x00000f63       0x28 ./Core/Src/main.o
 .debug_macro   0x00000f8b       0x22 ./Core/Src/main.o
 .debug_macro   0x00000fad       0x8e ./Core/Src/main.o
 .debug_macro   0x0000103b       0x51 ./Core/Src/main.o
 .debug_macro   0x0000108c      0x103 ./Core/Src/main.o
 .debug_macro   0x0000118f       0x6a ./Core/Src/main.o
 .debug_macro   0x000011f9      0x1df ./Core/Src/main.o
 .debug_macro   0x000013d8       0x1c ./Core/Src/main.o
 .debug_macro   0x000013f4       0x22 ./Core/Src/main.o
 .debug_macro   0x00001416       0xfb ./Core/Src/main.o
 .debug_macro   0x00001511     0x1011 ./Core/Src/main.o
 .debug_macro   0x00002522      0x11f ./Core/Src/main.o
 .debug_macro   0x00002641    0x1d292 ./Core/Src/main.o
 .debug_macro   0x0001f8d3       0x6d ./Core/Src/main.o
 .debug_macro   0x0001f940     0x3902 ./Core/Src/main.o
 .debug_macro   0x00023242      0x189 ./Core/Src/main.o
 .debug_macro   0x000233cb       0x5c ./Core/Src/main.o
 .debug_macro   0x00023427     0x1910 ./Core/Src/main.o
 .debug_macro   0x00024d37      0x7dc ./Core/Src/main.o
 .debug_macro   0x00025513      0x1b9 ./Core/Src/main.o
 .debug_macro   0x000256cc      0x225 ./Core/Src/main.o
 .debug_macro   0x000258f1      0x486 ./Core/Src/main.o
 .debug_macro   0x00025d77      0x1ce ./Core/Src/main.o
 .debug_macro   0x00025f45       0x43 ./Core/Src/main.o
 .debug_macro   0x00025f88      0x23d ./Core/Src/main.o
 .debug_macro   0x000261c5      0x184 ./Core/Src/main.o
 .debug_macro   0x00026349       0xdf ./Core/Src/main.o
 .debug_macro   0x00026428      0x241 ./Core/Src/main.o
 .debug_macro   0x00026669      0x416 ./Core/Src/main.o
 .debug_macro   0x00026a7f       0x1c ./Core/Src/main.o
 .debug_macro   0x00026a9b       0xf2 ./Core/Src/main.o
 .debug_macro   0x00026b8d      0x122 ./Core/Src/main.o
 .debug_macro   0x00026caf      0x3f6 ./Core/Src/main.o
 .debug_macro   0x000270a5      0x432 ./Core/Src/main.o
 .debug_macro   0x000274d7       0x22 ./Core/Src/main.o
 .debug_macro   0x000274f9       0x61 ./Core/Src/main.o
 .debug_macro   0x0002755a       0x2a ./Core/Src/main.o
 .debug_macro   0x00027584       0x43 ./Core/Src/main.o
 .debug_macro   0x000275c7       0x34 ./Core/Src/main.o
 .debug_macro   0x000275fb       0x16 ./Core/Src/main.o
 .debug_macro   0x00027611       0x43 ./Core/Src/main.o
 .debug_macro   0x00027654       0x34 ./Core/Src/main.o
 .debug_macro   0x00027688       0x10 ./Core/Src/main.o
 .debug_macro   0x00027698       0x58 ./Core/Src/main.o
 .debug_macro   0x000276f0       0x8e ./Core/Src/main.o
 .debug_macro   0x0002777e       0x1c ./Core/Src/main.o
 .debug_macro   0x0002779a      0x177 ./Core/Src/main.o
 .debug_macro   0x00027911      0x369 ./Core/Src/main.o
 .debug_macro   0x00027c7a       0x10 ./Core/Src/main.o
 .debug_macro   0x00027c8a       0x35 ./Core/Src/main.o
 .debug_macro   0x00027cbf       0x20 ./Core/Src/main.o
 .debug_macro   0x00027cdf      0x19b ./Core/Src/main.o
 .debug_macro   0x00027e7a      0x201 ./Core/Src/main.o
 .debug_macro   0x0002807b       0xc8 ./Core/Src/main.o
 .debug_macro   0x00028143       0x22 ./Core/Src/main.o
 .debug_macro   0x00028165      0x1c9 ./Core/Src/stm32l4xx_hal_msp.o
 .debug_macro   0x0002832e      0x1d3 ./Core/Src/stm32l4xx_it.o
 .debug_macro   0x00028501      0x1ba ./Core/Src/system_stm32l4xx.o
 .debug_macro   0x000286bb      0x208 ./Drivers/STM32L4xx_HAL_Driver/Src/stm32l4xx_hal.o
 .debug_macro   0x000288c3      0x1ba ./Drivers/STM32L4xx_HAL_Driver/Src/stm32l4xx_hal_cortex.o
 .debug_macro   0x00028a7d      0x1c9 ./Drivers/STM32L4xx_HAL_Driver/Src/stm32l4xx_hal_dac.o
 .debug_macro   0x00028c46      0x1c1 ./Drivers/STM32L4xx_HAL_Driver/Src/stm32l4xx_hal_gpio.o
 .debug_macro   0x00028e07      0x1e4 ./Drivers/STM32L4xx_HAL_Driver/Src/stm32l4xx_hal_pwr_ex.o
 .debug_macro   0x00028feb      0x1fc ./Drivers/STM32L4xx_HAL_Driver/Src/stm32l4xx_hal_rcc.o

.debug_line     0x00000000     0x7501
 .debug_line    0x00000000      0xa7d ./Core/Src/main.o
 .debug_line    0x00000a7d      0x772 ./Core/Src/stm32l4xx_hal_msp.o
 .debug_line    0x000011ef      0x805 ./Core/Src/stm32l4xx_it.o
 .debug_line    0x000019f4      0x7c5 ./Core/Src/system_stm32l4xx.o
 .debug_line    0x000021b9       0x7a ./Core/Startup/startup_stm32l4s5vitx.o
 .debug_line    0x00002233      0xb20 ./Drivers/STM32L4xx_HAL_Driver/Src/stm32l4xx_hal.o
 .debug_line    0x00002d53      0xce9 ./Drivers/STM32L4xx_HAL_Driver/Src/stm32l4xx_hal_cortex.o
 .debug_line    0x00003a3c      0xc26 ./Drivers/STM32L4xx_HAL_Driver/Src/stm32l4xx_hal_dac.o
 .debug_line    0x00004662      0xb94 ./Drivers/STM32L4xx_HAL_Driver/Src/stm32l4xx_hal_gpio.o
 .debug_line    0x000051f6      0xd87 ./Drivers/STM32L4xx_HAL_Driver/Src/stm32l4xx_hal_pwr_ex.o
 .debug_line    0x00005f7d     0x1071 ./Drivers/STM32L4xx_HAL_Driver/Src/stm32l4xx_hal_rcc.o
 .debug_line    0x00006fee      0x2d0 D:\Learning\Fall 2024\ECSE444\ECSE-444\Lab3\lib\libarm_CortexM4lf_math.a(arm_sin_f32.o)
 .debug_line    0x000072be      0x243 D:\Learning\Fall 2024\ECSE444\ECSE-444\Lab3\lib\libarm_CortexM4lf_math.a(arm_common_tables.o)

.debug_str      0x00000000    0xfbdde
 .debug_str     0x00000000    0xf98ca ./Core/Src/main.o
                              0xf9d72 (size before relaxing)
 .debug_str     0x000f98ca       0x63 ./Core/Src/stm32l4xx_hal_msp.o
                              0xf4e97 (size before relaxing)
 .debug_str     0x000f992d       0xf7 ./Core/Src/stm32l4xx_it.o
                              0xf493b (size before relaxing)
 .debug_str     0x000f9a24       0xfc ./Core/Src/system_stm32l4xx.o
                              0xf4a30 (size before relaxing)
 .debug_str     0x000f9b20       0x44 ./Core/Startup/startup_stm32l4s5vitx.o
                                 0x76 (size before relaxing)
 .debug_str     0x000f9b64      0x638 ./Drivers/STM32L4xx_HAL_Driver/Src/stm32l4xx_hal.o
                              0xf560e (size before relaxing)
 .debug_str     0x000fa19c      0x369 ./Drivers/STM32L4xx_HAL_Driver/Src/stm32l4xx_hal_cortex.o
                              0xf52cf (size before relaxing)
 .debug_str     0x000fa505      0x266 ./Drivers/STM32L4xx_HAL_Driver/Src/stm32l4xx_hal_dac.o
                              0xf5007 (size before relaxing)
 .debug_str     0x000fa76b       0xef ./Drivers/STM32L4xx_HAL_Driver/Src/stm32l4xx_hal_gpio.o
                              0xf4baa (size before relaxing)
 .debug_str     0x000fa85a      0x57a ./Drivers/STM32L4xx_HAL_Driver/Src/stm32l4xx_hal_pwr_ex.o
                              0xf5003 (size before relaxing)
 .debug_str     0x000fadd4      0x3be ./Drivers/STM32L4xx_HAL_Driver/Src/stm32l4xx_hal_rcc.o
                              0xf50a3 (size before relaxing)
 .debug_str     0x000fb192      0xc1e D:\Learning\Fall 2024\ECSE444\ECSE-444\Lab3\lib\libarm_CortexM4lf_math.a(arm_sin_f32.o)
                                0xd42 (size before relaxing)
 .debug_str     0x000fbdb0       0x2e D:\Learning\Fall 2024\ECSE444\ECSE-444\Lab3\lib\libarm_CortexM4lf_math.a(arm_common_tables.o)
                                0xd1d (size before relaxing)

.comment        0x00000000       0xb8
 .comment       0x00000000       0x43 ./Core/Src/main.o
                                 0x44 (size before relaxing)
 .comment       0x00000043       0x44 ./Core/Src/stm32l4xx_hal_msp.o
 .comment       0x00000043       0x44 ./Core/Src/stm32l4xx_it.o
 .comment       0x00000043       0x44 ./Core/Src/system_stm32l4xx.o
 .comment       0x00000043       0x44 ./Drivers/STM32L4xx_HAL_Driver/Src/stm32l4xx_hal.o
 .comment       0x00000043       0x44 ./Drivers/STM32L4xx_HAL_Driver/Src/stm32l4xx_hal_cortex.o
 .comment       0x00000043       0x44 ./Drivers/STM32L4xx_HAL_Driver/Src/stm32l4xx_hal_dac.o
 .comment       0x00000043       0x44 ./Drivers/STM32L4xx_HAL_Driver/Src/stm32l4xx_hal_gpio.o
 .comment       0x00000043       0x44 ./Drivers/STM32L4xx_HAL_Driver/Src/stm32l4xx_hal_pwr_ex.o
 .comment       0x00000043       0x44 ./Drivers/STM32L4xx_HAL_Driver/Src/stm32l4xx_hal_rcc.o
 .comment       0x00000043       0x75 D:\Learning\Fall 2024\ECSE444\ECSE-444\Lab3\lib\libarm_CortexM4lf_math.a(arm_sin_f32.o)
                                 0x76 (size before relaxing)
 .comment       0x000000b8       0x76 D:\Learning\Fall 2024\ECSE444\ECSE-444\Lab3\lib\libarm_CortexM4lf_math.a(arm_common_tables.o)

.debug_frame    0x00000000     0x19a4
 .debug_frame   0x00000000      0x130 ./Core/Src/main.o
 .debug_frame   0x00000130       0x80 ./Core/Src/stm32l4xx_hal_msp.o
 .debug_frame   0x000001b0      0x120 ./Core/Src/stm32l4xx_it.o
 .debug_frame   0x000002d0       0x58 ./Core/Src/system_stm32l4xx.o
 .debug_frame   0x00000328      0x498 ./Drivers/STM32L4xx_HAL_Driver/Src/stm32l4xx_hal.o
 .debug_frame   0x000007c0      0x4e8 ./Drivers/STM32L4xx_HAL_Driver/Src/stm32l4xx_hal_cortex.o
 .debug_frame   0x00000ca8      0x338 ./Drivers/STM32L4xx_HAL_Driver/Src/stm32l4xx_hal_dac.o
 .debug_frame   0x00000fe0      0x14c ./Drivers/STM32L4xx_HAL_Driver/Src/stm32l4xx_hal_gpio.o
 .debug_frame   0x0000112c      0x5c4 ./Drivers/STM32L4xx_HAL_Driver/Src/stm32l4xx_hal_pwr_ex.o
 .debug_frame   0x000016f0      0x248 ./Drivers/STM32L4xx_HAL_Driver/Src/stm32l4xx_hal_rcc.o
 .debug_frame   0x00001938       0x20 D:\Learning\Fall 2024\ECSE444\ECSE-444\Lab3\lib\libarm_CortexM4lf_math.a(arm_sin_f32.o)
 .debug_frame   0x00001958       0x20 D:/STM32CubeIDE_1.16.0/STM32CubeIDE/plugins/com.st.stm32cube.ide.mcu.externaltools.gnu-tools-for-stm32.12.3.rel1.win32_1.0.200.202406191623/tools/bin/../lib/gcc/arm-none-eabi/12.3.1/../../../../arm-none-eabi/lib/thumb/v7e-m+fp/hard\libc_nano.a(libc_a-memset.o)
 .debug_frame   0x00001978       0x2c D:/STM32CubeIDE_1.16.0/STM32CubeIDE/plugins/com.st.stm32cube.ide.mcu.externaltools.gnu-tools-for-stm32.12.3.rel1.win32_1.0.200.202406191623/tools/bin/../lib/gcc/arm-none-eabi/12.3.1/../../../../arm-none-eabi/lib/thumb/v7e-m+fp/hard\libc_nano.a(libc_a-init.o)

.debug_line_str
                0x00000000       0x5a
 .debug_line_str
                0x00000000       0x5a ./Core/Startup/startup_stm32l4s5vitx.o

.debug_loc      0x00000000       0xfa
 .debug_loc     0x00000000       0xfa D:\Learning\Fall 2024\ECSE444\ECSE-444\Lab3\lib\libarm_CortexM4lf_math.a(arm_sin_f32.o)

.debug_ranges   0x00000000       0x10
 .debug_ranges  0x00000000       0x10 D:\Learning\Fall 2024\ECSE444\ECSE-444\Lab3\lib\libarm_CortexM4lf_math.a(arm_sin_f32.o)
