Archive member included to satisfy reference by file (symbol)

C:\Users\User\OneDrive\Desktop\ECSE-444\Lab1\lib\libarm_CortexM4lf_math.a(arm_std_f32.o)
                              ./Core/Src/kalmanFilter_CMSIS.o (arm_std_f32)
C:\Users\User\OneDrive\Desktop\ECSE-444\Lab1\lib\libarm_CortexM4lf_math.a(arm_mean_f32.o)
                              ./Core/Src/kalmanFilter_CMSIS.o (arm_mean_f32)
C:\Users\User\OneDrive\Desktop\ECSE-444\Lab1\lib\libarm_CortexM4lf_math.a(arm_correlate_f32.o)
                              ./Core/Src/kalmanFilter_CMSIS.o (arm_correlate_f32)
C:\Users\User\OneDrive\Desktop\ECSE-444\Lab1\lib\libarm_CortexM4lf_math.a(arm_conv_f32.o)
                              ./Core/Src/kalmanFilter_CMSIS.o (arm_conv_f32)
C:\Users\User\OneDrive\Desktop\ECSE-444\Lab1\lib\libarm_CortexM4lf_math.a(arm_sub_f32.o)
                              ./Core/Src/Analysis.o (arm_sub_f32)
C:\Users\User\OneDrive\Desktop\ECSE-444\Lab1\lib\libarm_CortexM4lf_math.a(arm_mult_f32.o)
                              ./Core/Src/kalmanFilter_CMSIS.o (arm_mult_f32)
C:\Users\User\OneDrive\Desktop\ECSE-444\Lab1\lib\libarm_CortexM4lf_math.a(arm_add_f32.o)
                              ./Core/Src/kalmanFilter_CMSIS.o (arm_add_f32)
C:\Users\User\OneDrive\Desktop\ECSE-444\Lab1\lib\libarm_CortexM4lf_math.a(arm_abs_f32.o)
                              ./Core/Src/Analysis.o (arm_abs_f32)
C:/ST/STM32CubeIDE_1.16.1/STM32CubeIDE/plugins/com.st.stm32cube.ide.mcu.externaltools.gnu-tools-for-stm32.12.3.rel1.win32_1.0.200.202406191623/tools/bin/../lib/gcc/arm-none-eabi/12.3.1/../../../../arm-none-eabi/lib/thumb/v7e-m+fp/hard\libc_nano.a(libc_a-exit.o)
                              C:/ST/STM32CubeIDE_1.16.1/STM32CubeIDE/plugins/com.st.stm32cube.ide.mcu.externaltools.gnu-tools-for-stm32.12.3.rel1.win32_1.0.200.202406191623/tools/bin/../lib/gcc/arm-none-eabi/12.3.1/../../../../arm-none-eabi/lib/thumb/v7e-m+fp/hard/crt0.o (exit)
C:/ST/STM32CubeIDE_1.16.1/STM32CubeIDE/plugins/com.st.stm32cube.ide.mcu.externaltools.gnu-tools-for-stm32.12.3.rel1.win32_1.0.200.202406191623/tools/bin/../lib/gcc/arm-none-eabi/12.3.1/../../../../arm-none-eabi/lib/thumb/v7e-m+fp/hard\libc_nano.a(libc_a-malloc.o)
                              ./Core/Src/main.o (malloc)
C:/ST/STM32CubeIDE_1.16.1/STM32CubeIDE/plugins/com.st.stm32cube.ide.mcu.externaltools.gnu-tools-for-stm32.12.3.rel1.win32_1.0.200.202406191623/tools/bin/../lib/gcc/arm-none-eabi/12.3.1/../../../../arm-none-eabi/lib/thumb/v7e-m+fp/hard\libc_nano.a(libc_a-mallocr.o)
                              C:/ST/STM32CubeIDE_1.16.1/STM32CubeIDE/plugins/com.st.stm32cube.ide.mcu.externaltools.gnu-tools-for-stm32.12.3.rel1.win32_1.0.200.202406191623/tools/bin/../lib/gcc/arm-none-eabi/12.3.1/../../../../arm-none-eabi/lib/thumb/v7e-m+fp/hard\libc_nano.a(libc_a-malloc.o) (_malloc_r)
C:/ST/STM32CubeIDE_1.16.1/STM32CubeIDE/plugins/com.st.stm32cube.ide.mcu.externaltools.gnu-tools-for-stm32.12.3.rel1.win32_1.0.200.202406191623/tools/bin/../lib/gcc/arm-none-eabi/12.3.1/../../../../arm-none-eabi/lib/thumb/v7e-m+fp/hard\libc_nano.a(libc_a-mlock.o)
                              C:/ST/STM32CubeIDE_1.16.1/STM32CubeIDE/plugins/com.st.stm32cube.ide.mcu.externaltools.gnu-tools-for-stm32.12.3.rel1.win32_1.0.200.202406191623/tools/bin/../lib/gcc/arm-none-eabi/12.3.1/../../../../arm-none-eabi/lib/thumb/v7e-m+fp/hard\libc_nano.a(libc_a-mallocr.o) (__malloc_lock)
C:/ST/STM32CubeIDE_1.16.1/STM32CubeIDE/plugins/com.st.stm32cube.ide.mcu.externaltools.gnu-tools-for-stm32.12.3.rel1.win32_1.0.200.202406191623/tools/bin/../lib/gcc/arm-none-eabi/12.3.1/../../../../arm-none-eabi/lib/thumb/v7e-m+fp/hard\libc_nano.a(libc_a-fflush.o)
                              ./Core/Src/main.o (fflush)
C:/ST/STM32CubeIDE_1.16.1/STM32CubeIDE/plugins/com.st.stm32cube.ide.mcu.externaltools.gnu-tools-for-stm32.12.3.rel1.win32_1.0.200.202406191623/tools/bin/../lib/gcc/arm-none-eabi/12.3.1/../../../../arm-none-eabi/lib/thumb/v7e-m+fp/hard\libc_nano.a(libc_a-findfp.o)
                              C:/ST/STM32CubeIDE_1.16.1/STM32CubeIDE/plugins/com.st.stm32cube.ide.mcu.externaltools.gnu-tools-for-stm32.12.3.rel1.win32_1.0.200.202406191623/tools/bin/../lib/gcc/arm-none-eabi/12.3.1/../../../../arm-none-eabi/lib/thumb/v7e-m+fp/hard\libc_nano.a(libc_a-fflush.o) (__sglue)
C:/ST/STM32CubeIDE_1.16.1/STM32CubeIDE/plugins/com.st.stm32cube.ide.mcu.externaltools.gnu-tools-for-stm32.12.3.rel1.win32_1.0.200.202406191623/tools/bin/../lib/gcc/arm-none-eabi/12.3.1/../../../../arm-none-eabi/lib/thumb/v7e-m+fp/hard\libc_nano.a(libc_a-fwalk.o)
                              C:/ST/STM32CubeIDE_1.16.1/STM32CubeIDE/plugins/com.st.stm32cube.ide.mcu.externaltools.gnu-tools-for-stm32.12.3.rel1.win32_1.0.200.202406191623/tools/bin/../lib/gcc/arm-none-eabi/12.3.1/../../../../arm-none-eabi/lib/thumb/v7e-m+fp/hard\libc_nano.a(libc_a-fflush.o) (_fwalk_sglue)
[...]
Memory Configuration

Name             Origin             Length             Attributes
RAM              0x20000000         0x000a0000         xrw
RAM2             0x10000000         0x00010000         xrw
RAM3             0x20040000         0x00060000         xrw
FLASH            0x08000000         0x00200000         xr
*default*        0x00000000         0xffffffff

Linker script and memory map

LOAD C:/ST/STM32CubeIDE_1.16.1/STM32CubeIDE/plugins/com.st.stm32cube.ide.mcu.externaltools.gnu-tools-for-stm32.12.3.rel1.win32_1.0.200.202406191623/tools/bin/../lib/gcc/arm-none-eabi/12.3.1/thumb/v7e-m+fp/hard/crti.o
LOAD C:/ST/STM32CubeIDE_1.16.1/STM32CubeIDE/plugins/com.st.stm32cube.ide.mcu.externaltools.gnu-tools-for-stm32.12.3.rel1.win32_1.0.200.202406191623/tools/bin/../lib/gcc/arm-none-eabi/12.3.1/thumb/v7e-m+fp/hard/crtbegin.o
LOAD C:/ST/STM32CubeIDE_1.16.1/STM32CubeIDE/plugins/com.st.stm32cube.ide.mcu.externaltools.gnu-tools-for-stm32.12.3.rel1.win32_1.0.200.202406191623/tools/bin/../lib/gcc/arm-none-eabi/12.3.1/../../../../arm-none-eabi/lib/thumb/v7e-m+fp/hard/crt0.o
LOAD ./Core/Inc/Func_asm.o
LOAD ./Core/Src/Analysis.o
LOAD ./Core/Src/kalmanFilter_C.o
LOAD ./Core/Src/kalmanFilter_CMSIS.o
LOAD ./Core/Src/main.o
LOAD ./Core/Src/stm32l4xx_hal_msp.o
LOAD ./Core/Src/stm32l4xx_it.o
LOAD ./Core/Src/syscalls.o
LOAD ./Core/Src/sysmem.o
LOAD ./Core/Src/system_stm32l4xx.o
LOAD ./Core/Startup/startup_stm32l4s5vitx.o
LOAD ./Drivers/STM32L4xx_HAL_Driver/Src/stm32l4xx_hal.o
LOAD ./Drivers/STM32L4xx_HAL_Driver/Src/stm32l4xx_hal_cortex.o
LOAD ./Drivers/STM32L4xx_HAL_Driver/Src/stm32l4xx_hal_dma.o
LOAD ./Drivers/STM32L4xx_HAL_Driver/Src/stm32l4xx_hal_dma_ex.o
LOAD ./Drivers/STM32L4xx_HAL_Driver/Src/stm32l4xx_hal_exti.o
LOAD ./Drivers/STM32L4xx_HAL_Driver/Src/stm32l4xx_hal_flash.o
LOAD ./Drivers/STM32L4xx_HAL_Driver/Src/stm32l4xx_hal_flash_ex.o
LOAD ./Drivers/STM32L4xx_HAL_Driver/Src/stm32l4xx_hal_flash_ramfunc.o
LOAD ./Drivers/STM32L4xx_HAL_Driver/Src/stm32l4xx_hal_gpio.o
LOAD ./Drivers/STM32L4xx_HAL_Driver/Src/stm32l4xx_hal_i2c.o
LOAD ./Drivers/STM32L4xx_HAL_Driver/Src/stm32l4xx_hal_i2c_ex.o
LOAD ./Drivers/STM32L4xx_HAL_Driver/Src/stm32l4xx_hal_pwr.o
LOAD ./Drivers/STM32L4xx_HAL_Driver/Src/stm32l4xx_hal_pwr_ex.o
LOAD ./Drivers/STM32L4xx_HAL_Driver/Src/stm32l4xx_hal_rcc.o
LOAD ./Drivers/STM32L4xx_HAL_Driver/Src/stm32l4xx_hal_rcc_ex.o
LOAD ./Drivers/STM32L4xx_HAL_Driver/Src/stm32l4xx_hal_tim.o
LOAD ./Drivers/STM32L4xx_HAL_Driver/Src/stm32l4xx_hal_tim_ex.o
LOAD C:\Users\User\OneDrive\Desktop\ECSE-444\Lab1\lib\libarm_CortexM4lf_math.a
START GROUP
LOAD C:/ST/STM32CubeIDE_1.16.1/STM32CubeIDE/plugins/com.st.stm32cube.ide.mcu.externaltools.gnu-tools-for-stm32.12.3.rel1.win32_1.0.200.202406191623/tools/bin/../lib/gcc/arm-none-eabi/12.3.1/../../../../arm-none-eabi/lib/thumb/v7e-m+fp/hard\libc_nano.a
LOAD C:/ST/STM32CubeIDE_1.16.1/STM32CubeIDE/plugins/com.st.stm32cube.ide.mcu.externaltools.gnu-tools-for-stm32.12.3.rel1.win32_1.0.200.202406191623/tools/bin/../lib/gcc/arm-none-eabi/12.3.1/../../../../arm-none-eabi/lib/thumb/v7e-m+fp/hard\libm.a
END GROUP
START GROUP
LOAD C:/ST/STM32CubeIDE_1.16.1/STM32CubeIDE/plugins/com.st.stm32cube.ide.mcu.externaltools.gnu-tools-for-stm32.12.3.rel1.win32_1.0.200.202406191623/tools/bin/../lib/gcc/arm-none-eabi/12.3.1/thumb/v7e-m+fp/hard\libgcc.a
LOAD C:/ST/STM32CubeIDE_1.16.1/STM32CubeIDE/plugins/com.st.stm32cube.ide.mcu.externaltools.gnu-tools-for-stm32.12.3.rel1.win32_1.0.200.202406191623/tools/bin/../lib/gcc/arm-none-eabi/12.3.1/../../../../arm-none-eabi/lib/thumb/v7e-m+fp/hard\libc_nano.a
END GROUP
START GROUP
LOAD C:/ST/STM32CubeIDE_1.16.1/STM32CubeIDE/plugins/com.st.stm32cube.ide.mcu.externaltools.gnu-tools-for-stm32.12.3.rel1.win32_1.0.200.202406191623/tools/bin/../lib/gcc/arm-none-eabi/12.3.1/thumb/v7e-m+fp/hard\libgcc.a
LOAD C:/ST/STM32CubeIDE_1.16.1/STM32CubeIDE/plugins/com.st.stm32cube.ide.mcu.externaltools.gnu-tools-for-stm32.12.3.rel1.win32_1.0.200.202406191623/tools/bin/../lib/gcc/arm-none-eabi/12.3.1/../../../../arm-none-eabi/lib/thumb/v7e-m+fp/hard\libc_nano.a
LOAD C:/ST/STM32CubeIDE_1.16.1/STM32CubeIDE/plugins/com.st.stm32cube.ide.mcu.externaltools.gnu-tools-for-stm32.12.3.rel1.win32_1.0.200.202406191623/tools/bin/../lib/gcc/arm-none-eabi/12.3.1/../../../../arm-none-eabi/lib/thumb/v7e-m+fp/hard\libnosys.a
END GROUP
START GROUP
LOAD C:/ST/STM32CubeIDE_1.16.1/STM32CubeIDE/plugins/com.st.stm32cube.ide.mcu.externaltools.gnu-tools-for-stm32.12.3.rel1.win32_1.0.200.202406191623/tools/bin/../lib/gcc/arm-none-eabi/12.3.1/thumb/v7e-m+fp/hard\libgcc.a
LOAD C:/ST/STM32CubeIDE_1.16.1/STM32CubeIDE/plugins/com.st.stm32cube.ide.mcu.externaltools.gnu-tools-for-stm32.12.3.rel1.win32_1.0.200.202406191623/tools/bin/../lib/gcc/arm-none-eabi/12.3.1/../../../../arm-none-eabi/lib/thumb/v7e-m+fp/hard\libc_nano.a
LOAD C:/ST/STM32CubeIDE_1.16.1/STM32CubeIDE/plugins/com.st.stm32cube.ide.mcu.externaltools.gnu-tools-for-stm32.12.3.rel1.win32_1.0.200.202406191623/tools/bin/../lib/gcc/arm-none-eabi/12.3.1/../../../../arm-none-eabi/lib/thumb/v7e-m+fp/hard\libnosys.a
END GROUP
LOAD C:/ST/STM32CubeIDE_1.16.1/STM32CubeIDE/plugins/com.st.stm32cube.ide.mcu.externaltools.gnu-tools-for-stm32.12.3.rel1.win32_1.0.200.202406191623/tools/bin/../lib/gcc/arm-none-eabi/12.3.1/thumb/v7e-m+fp/hard/crtend.o
LOAD C:/ST/STM32CubeIDE_1.16.1/STM32CubeIDE/plugins/com.st.stm32cube.ide.mcu.externaltools.gnu-tools-for-stm32.12.3.rel1.win32_1.0.200.202406191623/tools/bin/../lib/gcc/arm-none-eabi/12.3.1/thumb/v7e-m+fp/hard/crtn.o
                0x200a0000                        _estack = (ORIGIN (RAM) + LENGTH (RAM))
                0x00000200                        _Min_Heap_Size = 0x200
                0x00000400                        _Min_Stack_Size = 0x400

.isr_vector     0x08000000      0x1bc
                0x08000000                        . = ALIGN (0x4)
 *(.isr_vector)
 .isr_vector    0x08000000      0x1bc ./Core/Startup/startup_stm32l4s5vitx.o
                0x08000000                g_pfnVectors
                0x080001bc                        . = ALIGN (0x4)

.text           0x08010000    0x13b44
                0x08010000                        . = ALIGN (0x4)
 *(.text)
 .text          0x08010000       0x40 C:/ST/STM32CubeIDE_1.16.1/STM32CubeIDE/plugins/com.st.stm32cube.ide.mcu.externaltools.gnu-tools-for-stm32.12.3.rel1.win32_1.0.200.202406191623/tools/bin/../lib/gcc/arm-none-eabi/12.3.1/thumb/v7e-m+fp/hard/crtbegin.o
 *fill*         0x08010040     0xffc0 
 .text          0x08020000       0x6c ./Core/Inc/Func_asm.o
                0x08020000                kalman
 *fill*         0x0802006c        0x4 
 .text          0x08020070       0xa0 C:/ST/STM32CubeIDE_1.16.1/STM32CubeIDE/plugins/com.st.stm32cube.ide.mcu.externaltools.gnu-tools-for-stm32.12.3.rel1.win32_1.0.200.202406191623/tools/bin/../lib/gcc/arm-none-eabi/12.3.1/../../../../arm-none-eabi/lib/thumb/v7e-m+fp/hard\libc_nano.a(libc_a-memchr.o)
                0x08020070                memchr
 *(.text*)
 .text.KalmanFilter_init
                0x08020110       0x44 ./Core/Src/kalmanFilter_C.o
                0x08020110                KalmanFilter_init
 .text.kalmanFilter_C_update
                0x08020154      0x106 ./Core/Src/kalmanFilter_C.o
                0x08020154                kalmanFilter_C_update
 .text.kalmanFilter_CMSIS_update
                0x0802025a      0x120 ./Core/Src/kalmanFilter_CMSIS.o
                0x0802025a                kalmanFilter_CMSIS_update
 .text.Processing
                0x0802037a       0x6a ./Core/Src/kalmanFilter_CMSIS.o
                0x0802037a                Processing
 .text.kalmanFilter_ARM_update
                0x080203e4       0x6e ./Core/Src/main.o
                0x080203e4                kalmanFilter_ARM_update
 *fill*         0x08020452        0x2 
 .text.main     0x08020454      0x3e4 ./Core/Src/main.o
                0x08020454                main
 .text.SystemClock_Config
                0x08020838       0xa2 ./Core/Src/main.o
                0x08020838                SystemClock_Config
 .text.Error_Handler
                0x080208da        0xc ./Core/Src/main.o
                0x080208da                Error_Handler
 *fill*         0x080208e6        0x2 
 .text.HAL_MspInit
                0x080208e8       0x48 ./Core/Src/stm32l4xx_hal_msp.o
                0x080208e8                HAL_MspInit
 .text.NMI_Handler
                0x08020930        0x8 ./Core/Src/stm32l4xx_it.o
                0x08020930                NMI_Handler
 .text.HardFault_Handler
                0x08020938        0x8 ./Core/Src/stm32l4xx_it.o
                0x08020938                HardFault_Handler
 .text.MemManage_Handler
                0x08020940        0x8 ./Core/Src/stm32l4xx_it.o
                0x08020940                MemManage_Handler
 .text.BusFault_Handler
                0x08020948        0x8 ./Core/Src/stm32l4xx_it.o
                0x08020948                BusFault_Handler
 .text.UsageFault_Handler
                0x08020950        0x8 ./Core/Src/stm32l4xx_it.o
                0x08020950                UsageFault_Handler
 .text.SVC_Handler
                0x08020958        0xe ./Core/Src/stm32l4xx_it.o
                0x08020958                SVC_Handler
 .text.DebugMon_Handler
                0x08020966        0xe ./Core/Src/stm32l4xx_it.o
                0x08020966                DebugMon_Handler
 .text.PendSV_Handler
                0x08020974        0xe ./Core/Src/stm32l4xx_it.o
                0x08020974                PendSV_Handler
 .text.SysTick_Handler
                0x08020982        0xc ./Core/Src/stm32l4xx_it.o
                0x08020982                SysTick_Handler
 *fill*         0x0802098e        0x2 
 .text.ITM_SendChar
                0x08020990       0x4c ./Core/Src/syscalls.o
                0x08020990                ITM_SendChar
 .text._read    0x080209dc       0x3a ./Core/Src/syscalls.o
                0x080209dc                _read
 .text._write   0x08020a16       0x38 ./Core/Src/syscalls.o
                0x08020a16                _write
 .text._close   0x08020a4e       0x18 ./Core/Src/syscalls.o
                0x08020a4e                _close
 .text._fstat   0x08020a66       0x20 ./Core/Src/syscalls.o
                0x08020a66                _fstat
 .text._isatty  0x08020a86       0x16 ./Core/Src/syscalls.o
                0x08020a86                _isatty
 .text._lseek   0x08020a9c       0x1a ./Core/Src/syscalls.o
                0x08020a9c                _lseek
 *fill*         0x08020ab6        0x2 
 .text._sbrk    0x08020ab8       0x6c ./Core/Src/sysmem.o
                0x08020ab8                _sbrk
 .text.SystemInit
                0x08020b24       0x24 ./Core/Src/system_stm32l4xx.o
                0x08020b24                SystemInit
 .text.Reset_Handler
                0x08020b48       0x50 ./Core/Startup/startup_stm32l4s5vitx.o
                0x08020b48                Reset_Handler
 .text.Default_Handler
                0x08020b98        0x2 ./Core/Startup/startup_stm32l4s5vitx.o
                0x08020b98                RTC_Alarm_IRQHandler
                0x08020b98                EXTI2_IRQHandler
                0x08020b98                TIM8_TRG_COM_IRQHandler
                0x08020b98                TIM8_CC_IRQHandler
                0x08020b98                TIM1_CC_IRQHandler
                0x08020b98                TSC_IRQHandler
                0x08020b98                TAMP_STAMP_IRQHandler
                0x08020b98                EXTI3_IRQHandler
                0x08020b98                LPTIM2_IRQHandler
                0x08020b98                DFSDM1_FLT1_IRQHandler
                0x08020b98                GFXMMU_IRQHandler
                0x08020b98                I2C3_ER_IRQHandler
                0x08020b98                DFSDM1_FLT2_IRQHandler
                0x08020b98                EXTI0_IRQHandler
                0x08020b98                I2C2_EV_IRQHandler
                0x08020b98                CAN1_RX0_IRQHandler
                0x08020b98                FPU_IRQHandler
                0x08020b98                TIM1_UP_TIM16_IRQHandler
                0x08020b98                LTDC_ER_IRQHandler
                0x08020b98                SPI1_IRQHandler
                0x08020b98                OCTOSPI1_IRQHandler
                0x08020b98                TIM6_DAC_IRQHandler
                0x08020b98                DCMI_IRQHandler
                0x08020b98                TIM8_UP_IRQHandler
                0x08020b98                OCTOSPI2_IRQHandler
                0x08020b98                DMA2_Channel2_IRQHandler
                0x08020b98                DMA1_Channel4_IRQHandler
                0x08020b98                SAI2_IRQHandler
                0x08020b98                ADC1_IRQHandler
                0x08020b98                DFSDM1_FLT3_IRQHandler
                0x08020b98                USART3_IRQHandler
                0x08020b98                DMA1_Channel7_IRQHandler
                0x08020b98                CAN1_RX1_IRQHandler
                0x08020b98                UART5_IRQHandler
                0x08020b98                TIM4_IRQHandler
                0x08020b98                DMA2_Channel1_IRQHandler
                0x08020b98                I2C1_EV_IRQHandler
                0x08020b98                DMAMUX1_OVR_IRQHandler
                0x08020b98                DMA1_Channel6_IRQHandler
                0x08020b98                UART4_IRQHandler
                0x08020b98                DMA2_Channel4_IRQHandler
                0x08020b98                TIM3_IRQHandler
                0x08020b98                RCC_IRQHandler
                0x08020b98                DMA1_Channel1_IRQHandler
                0x08020b98                Default_Handler
                0x08020b98                DMA2_Channel7_IRQHandler
                0x08020b98                EXTI15_10_IRQHandler
                0x08020b98                TIM7_IRQHandler
                0x08020b98                SDMMC1_IRQHandler
                0x08020b98                TIM5_IRQHandler
                0x08020b98                I2C3_EV_IRQHandler
                0x08020b98                EXTI9_5_IRQHandler
                0x08020b98                RTC_WKUP_IRQHandler
                0x08020b98                LTDC_IRQHandler
                0x08020b98                PVD_PVM_IRQHandler
                0x08020b98                SPI2_IRQHandler
                0x08020b98                CAN1_TX_IRQHandler
                0x08020b98                DMA2_Channel5_IRQHandler
                0x08020b98                DMA1_Channel5_IRQHandler
                0x08020b98                EXTI4_IRQHandler
                0x08020b98                RNG_IRQHandler
                0x08020b98                TIM1_TRG_COM_TIM17_IRQHandler
                0x08020b98                DMA1_Channel3_IRQHandler
                0x08020b98                COMP_IRQHandler
                0x08020b98                HASH_CRS_IRQHandler
                0x08020b98                WWDG_IRQHandler
                0x08020b98                I2C4_EV_IRQHandler
                0x08020b98                LPUART1_IRQHandler
                0x08020b98                DMA2_Channel6_IRQHandler
                0x08020b98                TIM2_IRQHandler
                0x08020b98                DMA2D_IRQHandler
                0x08020b98                EXTI1_IRQHandler
                0x08020b98                AES_IRQHandler
                0x08020b98                USART2_IRQHandler
                0x08020b98                DFSDM1_FLT0_IRQHandler
                0x08020b98                I2C2_ER_IRQHandler
                0x08020b98                DMA1_Channel2_IRQHandler
                0x08020b98                TIM8_BRK_IRQHandler
                0x08020b98                CAN1_SCE_IRQHandler
                0x08020b98                FLASH_IRQHandler
                0x08020b98                USART1_IRQHandler
                0x08020b98                OTG_FS_IRQHandler
                0x08020b98                SPI3_IRQHandler
                0x08020b98                I2C1_ER_IRQHandler
                0x08020b98                FMC_IRQHandler
                0x08020b98                LPTIM1_IRQHandler
                0x08020b98                I2C4_ER_IRQHandler
                0x08020b98                SAI1_IRQHandler
                0x08020b98                DMA2_Channel3_IRQHandler
                0x08020b98                TIM1_BRK_TIM15_IRQHandler
 .text.HAL_Init
                0x08020b9a       0x30 ./Drivers/STM32L4xx_HAL_Driver/Src/stm32l4xx_hal.o
                0x08020b9a                HAL_Init
 *fill*         0x08020bca        0x2 
 .text.HAL_InitTick
                0x08020bcc       0x78 ./Drivers/STM32L4xx_HAL_Driver/Src/stm32l4xx_hal.o
                0x08020bcc                HAL_InitTick
 .text.HAL_IncTick
                0x08020c44       0x28 ./Drivers/STM32L4xx_HAL_Driver/Src/stm32l4xx_hal.o
                0x08020c44                HAL_IncTick
 .text.HAL_GetTick
                0x08020c6c       0x18 ./Drivers/STM32L4xx_HAL_Driver/Src/stm32l4xx_hal.o
                0x08020c6c                HAL_GetTick
 .text.HAL_Delay
                0x08020c84       0x48 ./Drivers/STM32L4xx_HAL_Driver/Src/stm32l4xx_hal.o
                0x08020c84                HAL_Delay
 .text.__NVIC_SetPriorityGrouping
                0x08020ccc       0x48 ./Drivers/STM32L4xx_HAL_Driver/Src/stm32l4xx_hal_cortex.o
 .text.__NVIC_GetPriorityGrouping
                0x08020d14       0x1c ./Drivers/STM32L4xx_HAL_Driver/Src/stm32l4xx_hal_cortex.o
 .text.__NVIC_SetPriority
                0x08020d30       0x54 ./Drivers/STM32L4xx_HAL_Driver/Src/stm32l4xx_hal_cortex.o
 .text.NVIC_EncodePriority
                0x08020d84       0x66 ./Drivers/STM32L4xx_HAL_Driver/Src/stm32l4xx_hal_cortex.o
 *fill*         0x08020dea        0x2 
 .text.SysTick_Config
                0x08020dec       0x44 ./Drivers/STM32L4xx_HAL_Driver/Src/stm32l4xx_hal_cortex.o
 .text.HAL_NVIC_SetPriorityGrouping
                0x08020e30       0x16 ./Drivers/STM32L4xx_HAL_Driver/Src/stm32l4xx_hal_cortex.o
                0x08020e30                HAL_NVIC_SetPriorityGrouping
 .text.HAL_NVIC_SetPriority
                0x08020e46       0x38 ./Drivers/STM32L4xx_HAL_Driver/Src/stm32l4xx_hal_cortex.o
                0x08020e46                HAL_NVIC_SetPriority
 .text.HAL_SYSTICK_Config
                0x08020e7e       0x18 ./Drivers/STM32L4xx_HAL_Driver/Src/stm32l4xx_hal_cortex.o
                0x08020e7e                HAL_SYSTICK_Config
 *fill*         0x08020e96        0x2 
 .text.HAL_PWREx_GetVoltageRange
                0x08020e98       0x40 ./Drivers/STM32L4xx_HAL_Driver/Src/stm32l4xx_hal_pwr_ex.o
                0x08020e98                HAL_PWREx_GetVoltageRange
 .text.HAL_PWREx_ControlVoltageScaling
                0x08020ed8      0x148 ./Drivers/STM32L4xx_HAL_Driver/Src/stm32l4xx_hal_pwr_ex.o
                0x08020ed8                HAL_PWREx_ControlVoltageScaling
 .text.HAL_RCC_OscConfig
                0x08021020      0x834 ./Drivers/STM32L4xx_HAL_Driver/Src/stm32l4xx_hal_rcc.o
                0x08021020                HAL_RCC_OscConfig
 .text.HAL_RCC_ClockConfig
                0x08021854      0x274 ./Drivers/STM32L4xx_HAL_Driver/Src/stm32l4xx_hal_rcc.o
                0x08021854                HAL_RCC_ClockConfig
 .text.HAL_RCC_GetSysClockFreq
                0x08021ac8      0x118 ./Drivers/STM32L4xx_HAL_Driver/Src/stm32l4xx_hal_rcc.o
                0x08021ac8                HAL_RCC_GetSysClockFreq
 .text.RCC_SetFlashLatencyFromMSIRange
                0x08021be0       0xb4 ./Drivers/STM32L4xx_HAL_Driver/Src/stm32l4xx_hal_rcc.o
 .text.RCC_GetSysClockFreqFromPLLSource
                0x08021c94       0xcc ./Drivers/STM32L4xx_HAL_Driver/Src/stm32l4xx_hal_rcc.o
 .text.arm_std_f32
                0x08021d60      0x114 C:\Users\User\OneDrive\Desktop\ECSE-444\Lab1\lib\libarm_CortexM4lf_math.a(arm_std_f32.o)
                0x08021d60                arm_std_f32
 .text.arm_mean_f32
                0x08021e74       0x7c C:\Users\User\OneDrive\Desktop\ECSE-444\Lab1\lib\libarm_CortexM4lf_math.a(arm_mean_f32.o)
                0x08021e74                arm_mean_f32
 .text.arm_correlate_f32
                0x08021ef0      0x56c C:\Users\User\OneDrive\Desktop\ECSE-444\Lab1\lib\libarm_CortexM4lf_math.a(arm_correlate_f32.o)
                0x08021ef0                arm_correlate_f32
 .text.arm_conv_f32
                0x0802245c      0x534 C:\Users\User\OneDrive\Desktop\ECSE-444\Lab1\lib\libarm_CortexM4lf_math.a(arm_conv_f32.o)
                0x0802245c                arm_conv_f32
 .text.arm_sub_f32
                0x08022990       0xb4 C:\Users\User\OneDrive\Desktop\ECSE-444\Lab1\lib\libarm_CortexM4lf_math.a(arm_sub_f32.o)
                0x08022990                arm_sub_f32
 .text.arm_mult_f32
                0x08022a44       0xb4 C:\Users\User\OneDrive\Desktop\ECSE-444\Lab1\lib\libarm_CortexM4lf_math.a(arm_mult_f32.o)
                0x08022a44                arm_mult_f32
 .text.arm_add_f32
                0x08022af8       0xb4 C:\Users\User\OneDrive\Desktop\ECSE-444\Lab1\lib\libarm_CortexM4lf_math.a(arm_add_f32.o)
                0x08022af8                arm_add_f32
 .text.arm_abs_f32
                0x08022bac       0x88 C:\Users\User\OneDrive\Desktop\ECSE-444\Lab1\lib\libarm_CortexM4lf_math.a(arm_abs_f32.o)
                0x08022bac                arm_abs_f32
 .text.malloc   0x08022c34       0x10 C:/ST/STM32CubeIDE_1.16.1/STM32CubeIDE/plugins/com.st.stm32cube.ide.mcu.externaltools.gnu-tools-for-stm32.12.3.rel1.win32_1.0.200.202406191623/tools/bin/../lib/gcc/arm-none-eabi/12.3.1/../../../../arm-none-eabi/lib/thumb/v7e-m+fp/hard\libc_nano.a(libc_a-malloc.o)
                0x08022c34                malloc
 .text.sbrk_aligned
                0x08022c44       0x44 C:/ST/STM32CubeIDE_1.16.1/STM32CubeIDE/plugins/com.st.stm32cube.ide.mcu.externaltools.gnu-tools-for-stm32.12.3.rel1.win32_1.0.200.202406191623/tools/bin/../lib/gcc/arm-none-eabi/12.3.1/../../../../arm-none-eabi/lib/thumb/v7e-m+fp/hard\libc_nano.a(libc_a-mallocr.o)
 .text._malloc_r
                0x08022c88      0x100 C:/ST/STM32CubeIDE_1.16.1/STM32CubeIDE/plugins/com.st.stm32cube.ide.mcu.externaltools.gnu-tools-for-stm32.12.3.rel1.win32_1.0.200.202406191623/tools/bin/../lib/gcc/arm-none-eabi/12.3.1/../../../../arm-none-eabi/lib/thumb/v7e-m+fp/hard\libc_nano.a(libc_a-mallocr.o)
                0x08022c88                _malloc_r
 .text.__malloc_lock
                0x08022d88        0xc C:/ST/STM32CubeIDE_1.16.1/STM32CubeIDE/plugins/com.st.stm32cube.ide.mcu.externaltools.gnu-tools-for-stm32.12.3.rel1.win32_1.0.200.202406191623/tools/bin/../lib/gcc/arm-none-eabi/12.3.1/../../../../arm-none-eabi/lib/thumb/v7e-m+fp/hard\libc_nano.a(libc_a-mlock.o)
                0x08022d88                __malloc_lock
 .text.__malloc_unlock
                0x08022d94        0xc C:/ST/STM32CubeIDE_1.16.1/STM32CubeIDE/plugins/com.st.stm32cube.ide.mcu.externaltools.gnu-tools-for-stm32.12.3.rel1.win32_1.0.200.202406191623/tools/bin/../lib/gcc/arm-none-eabi/12.3.1/../../../../arm-none-eabi/lib/thumb/v7e-m+fp/hard\libc_nano.a(libc_a-mlock.o)
                0x08022d94                __malloc_unlock
 .text.__sflush_r
                0x08022da0      0x108 C:/ST/STM32CubeIDE_1.16.1/STM32CubeIDE/plugins/com.st.stm32cube.ide.mcu.externaltools.gnu-tools-for-stm32.12.3.rel1.win32_1.0.200.202406191623/tools/bin/../lib/gcc/arm-none-eabi/12.3.1/../../../../arm-none-eabi/lib/thumb/v7e-m+fp/hard\libc_nano.a(libc_a-fflush.o)
                0x08022da0                __sflush_r
 .text._fflush_r
                0x08022ea8       0x50 C:/ST/STM32CubeIDE_1.16.1/STM32CubeIDE/plugins/com.st.stm32cube.ide.mcu.externaltools.gnu-tools-for-stm32.12.3.rel1.win32_1.0.200.202406191623/tools/bin/../lib/gcc/arm-none-eabi/12.3.1/../../../../arm-none-eabi/lib/thumb/v7e-m+fp/hard\libc_nano.a(libc_a-fflush.o)
                0x08022ea8                _fflush_r
 .text.fflush   0x08022ef8       0x28 C:/ST/STM32CubeIDE_1.16.1/STM32CubeIDE/plugins/com.st.stm32cube.ide.mcu.externaltools.gnu-tools-for-stm32.12.3.rel1.win32_1.0.200.202406191623/tools/bin/../lib/gcc/arm-none-eabi/12.3.1/../../../../arm-none-eabi/lib/thumb/v7e-m+fp/hard\libc_nano.a(libc_a-fflush.o)
                0x08022ef8                fflush
 .text.std      0x08022f20       0x6c C:/ST/STM32CubeIDE_1.16.1/STM32CubeIDE/plugins/com.st.stm32cube.ide.mcu.externaltools.gnu-tools-for-stm32.12.3.rel1.win32_1.0.200.202406191623/tools/bin/../lib/gcc/arm-none-eabi/12.3.1/../../../../arm-none-eabi/lib/thumb/v7e-m+fp/hard\libc_nano.a(libc_a-findfp.o)
 .text.stdio_exit_handler
                0x08022f8c       0x18 C:/ST/STM32CubeIDE_1.16.1/STM32CubeIDE/plugins/com.st.stm32cube.ide.mcu.externaltools.gnu-tools-for-stm32.12.3.rel1.win32_1.0.200.202406191623/tools/bin/../lib/gcc/arm-none-eabi/12.3.1/../../../../arm-none-eabi/lib/thumb/v7e-m+fp/hard\libc_nano.a(libc_a-findfp.o)
 .text.cleanup_stdio
                0x08022fa4       0x40 C:/ST/STM32CubeIDE_1.16.1/STM32CubeIDE/plugins/com.st.stm32cube.ide.mcu.externaltools.gnu-tools-for-stm32.12.3.rel1.win32_1.0.200.202406191623/tools/bin/../lib/gcc/arm-none-eabi/12.3.1/../../../../arm-none-eabi/lib/thumb/v7e-m+fp/hard\libc_nano.a(libc_a-findfp.o)
 .text.global_stdio_init.part.0
                0x08022fe4       0x3c C:/ST/STM32CubeIDE_1.16.1/STM32CubeIDE/plugins/com.st.stm32cube.ide.mcu.externaltools.gnu-tools-for-stm32.12.3.rel1.win32_1.0.200.202406191623/tools/bin/../lib/gcc/arm-none-eabi/12.3.1/../../../../arm-none-eabi/lib/thumb/v7e-m+fp/hard\libc_nano.a(libc_a-findfp.o)
 .text.__sfp_lock_acquire
                0x08023020        0xc C:/ST/STM32CubeIDE_1.16.1/STM32CubeIDE/plugins/com.st.stm32cube.ide.mcu.externaltools.gnu-tools-for-stm32.12.3.rel1.win32_1.0.200.202406191623/tools/bin/../lib/gcc/arm-none-eabi/12.3.1/../../../../arm-none-eabi/lib/thumb/v7e-m+fp/hard\libc_nano.a(libc_a-findfp.o)
                0x08023020                __sfp_lock_acquire
 .text.__sfp_lock_release
                0x0802302c        0xc C:/ST/STM32CubeIDE_1.16.1/STM32CubeIDE/plugins/com.st.stm32cube.ide.mcu.externaltools.gnu-tools-for-stm32.12.3.rel1.win32_1.0.200.202406191623/tools/bin/../lib/gcc/arm-none-eabi/12.3.1/../../../../arm-none-eabi/lib/thumb/v7e-m+fp/hard\libc_nano.a(libc_a-findfp.o)
                0x0802302c                __sfp_lock_release
 .text.__sinit  0x08023038       0x30 C:/ST/STM32CubeIDE_1.16.1/STM32CubeIDE/plugins/com.st.stm32cube.ide.mcu.externaltools.gnu-tools-for-stm32.12.3.rel1.win32_1.0.200.202406191623/tools/bin/../lib/gcc/arm-none-eabi/12.3.1/../../../../arm-none-eabi/lib/thumb/v7e-m+fp/hard\libc_nano.a(libc_a-findfp.o)
                0x08023038                __sinit
 .text._fwalk_sglue
                0x08023068       0x3c C:/ST/STM32CubeIDE_1.16.1/STM32CubeIDE/plugins/com.st.stm32cube.ide.mcu.externaltools.gnu-tools-for-stm32.12.3.rel1.win32_1.0.200.202406191623/tools/bin/../lib/gcc/arm-none-eabi/12.3.1/../../../../arm-none-eabi/lib/thumb/v7e-m+fp/hard\libc_nano.a(libc_a-fwalk.o)
                0x08023068                _fwalk_sglue
 .text.printf   0x080230a4       0x24 C:/ST/STM32CubeIDE_1.16.1/STM32CubeIDE/plugins/com.st.stm32cube.ide.mcu.externaltools.gnu-tools-for-stm32.12.3.rel1.win32_1.0.200.202406191623/tools/bin/../lib/gcc/arm-none-eabi/12.3.1/../../../../arm-none-eabi/lib/thumb/v7e-m+fp/hard\libc_nano.a(libc_a-printf.o)
                0x080230a4                iprintf
                0x080230a4                printf
 .text.__sread  0x080230c8       0x22 C:/ST/STM32CubeIDE_1.16.1/STM32CubeIDE/plugins/com.st.stm32cube.ide.mcu.externaltools.gnu-tools-for-stm32.12.3.rel1.win32_1.0.200.202406191623/tools/bin/../lib/gcc/arm-none-eabi/12.3.1/../../../../arm-none-eabi/lib/thumb/v7e-m+fp/hard\libc_nano.a(libc_a-stdio.o)
                0x080230c8                __sread
 .text.__swrite
                0x080230ea       0x38 C:/ST/STM32CubeIDE_1.16.1/STM32CubeIDE/plugins/com.st.stm32cube.ide.mcu.externaltools.gnu-tools-for-stm32.12.3.rel1.win32_1.0.200.202406191623/tools/bin/../lib/gcc/arm-none-eabi/12.3.1/../../../../arm-none-eabi/lib/thumb/v7e-m+fp/hard\libc_nano.a(libc_a-stdio.o)
                0x080230ea                __swrite
 .text.__sseek  0x08023122       0x24 C:/ST/STM32CubeIDE_1.16.1/STM32CubeIDE/plugins/com.st.stm32cube.ide.mcu.externaltools.gnu-tools-for-stm32.12.3.rel1.win32_1.0.200.202406191623/tools/bin/../lib/gcc/arm-none-eabi/12.3.1/../../../../arm-none-eabi/lib/thumb/v7e-m+fp/hard\libc_nano.a(libc_a-stdio.o)
                0x08023122                __sseek
 .text.__sclose
                0x08023146        0x8 C:/ST/STM32CubeIDE_1.16.1/STM32CubeIDE/plugins/com.st.stm32cube.ide.mcu.externaltools.gnu-tools-for-stm32.12.3.rel1.win32_1.0.200.202406191623/tools/bin/../lib/gcc/arm-none-eabi/12.3.1/../../../../arm-none-eabi/lib/thumb/v7e-m+fp/hard\libc_nano.a(libc_a-stdio.o)
                0x08023146                __sclose
 .text.memset   0x0802314e       0x10 C:/ST/STM32CubeIDE_1.16.1/STM32CubeIDE/plugins/com.st.stm32cube.ide.mcu.externaltools.gnu-tools-for-stm32.12.3.rel1.win32_1.0.200.202406191623/tools/bin/../lib/gcc/arm-none-eabi/12.3.1/../../../../arm-none-eabi/lib/thumb/v7e-m+fp/hard\libc_nano.a(libc_a-memset.o)
                0x0802314e                memset
 *fill*         0x0802315e        0x2 
 .text._close_r
                0x08023160       0x20 C:/ST/STM32CubeIDE_1.16.1/STM32CubeIDE/plugins/com.st.stm32cube.ide.mcu.externaltools.gnu-tools-for-stm32.12.3.rel1.win32_1.0.200.202406191623/tools/bin/../lib/gcc/arm-none-eabi/12.3.1/../../../../arm-none-eabi/lib/thumb/v7e-m+fp/hard\libc_nano.a(libc_a-closer.o)
                0x08023160                _close_r
 .text._lseek_r
                0x08023180       0x24 C:/ST/STM32CubeIDE_1.16.1/STM32CubeIDE/plugins/com.st.stm32cube.ide.mcu.externaltools.gnu-tools-for-stm32.12.3.rel1.win32_1.0.200.202406191623/tools/bin/../lib/gcc/arm-none-eabi/12.3.1/../../../../arm-none-eabi/lib/thumb/v7e-m+fp/hard\libc_nano.a(libc_a-lseekr.o)
                0x08023180                _lseek_r
 .text._read_r  0x080231a4       0x24 C:/ST/STM32CubeIDE_1.16.1/STM32CubeIDE/plugins/com.st.stm32cube.ide.mcu.externaltools.gnu-tools-for-stm32.12.3.rel1.win32_1.0.200.202406191623/tools/bin/../lib/gcc/arm-none-eabi/12.3.1/../../../../arm-none-eabi/lib/thumb/v7e-m+fp/hard\libc_nano.a(libc_a-readr.o)
                0x080231a4                _read_r
 .text._sbrk_r  0x080231c8       0x20 C:/ST/STM32CubeIDE_1.16.1/STM32CubeIDE/plugins/com.st.stm32cube.ide.mcu.externaltools.gnu-tools-for-stm32.12.3.rel1.win32_1.0.200.202406191623/tools/bin/../lib/gcc/arm-none-eabi/12.3.1/../../../../arm-none-eabi/lib/thumb/v7e-m+fp/hard\libc_nano.a(libc_a-sbrkr.o)
                0x080231c8                _sbrk_r
 .text._write_r
                0x080231e8       0x24 C:/ST/STM32CubeIDE_1.16.1/STM32CubeIDE/plugins/com.st.stm32cube.ide.mcu.externaltools.gnu-tools-for-stm32.12.3.rel1.win32_1.0.200.202406191623/tools/bin/../lib/gcc/arm-none-eabi/12.3.1/../../../../arm-none-eabi/lib/thumb/v7e-m+fp/hard\libc_nano.a(libc_a-writer.o)
                0x080231e8                _write_r
 .text.__errno  0x0802320c        0xc C:/ST/STM32CubeIDE_1.16.1/STM32CubeIDE/plugins/com.st.stm32cube.ide.mcu.externaltools.gnu-tools-for-stm32.12.3.rel1.win32_1.0.200.202406191623/tools/bin/../lib/gcc/arm-none-eabi/12.3.1/../../../../arm-none-eabi/lib/thumb/v7e-m+fp/hard\libc_nano.a(libc_a-errno.o)
                0x0802320c                __errno
 .text.__libc_init_array
                0x08023218       0x48 C:/ST/STM32CubeIDE_1.16.1/STM32CubeIDE/plugins/com.st.stm32cube.ide.mcu.externaltools.gnu-tools-for-stm32.12.3.rel1.win32_1.0.200.202406191623/tools/bin/../lib/gcc/arm-none-eabi/12.3.1/../../../../arm-none-eabi/lib/thumb/v7e-m+fp/hard\libc_nano.a(libc_a-init.o)
                0x08023218                __libc_init_array
 .text.__retarget_lock_init_recursive
                0x08023260        0x2 C:/ST/STM32CubeIDE_1.16.1/STM32CubeIDE/plugins/com.st.stm32cube.ide.mcu.externaltools.gnu-tools-for-stm32.12.3.rel1.win32_1.0.200.202406191623/tools/bin/../lib/gcc/arm-none-eabi/12.3.1/../../../../arm-none-eabi/lib/thumb/v7e-m+fp/hard\libc_nano.a(libc_a-lock.o)
                0x08023260                __retarget_lock_init_recursive
 .text.__retarget_lock_acquire_recursive
                0x08023262        0x2 C:/ST/STM32CubeIDE_1.16.1/STM32CubeIDE/plugins/com.st.stm32cube.ide.mcu.externaltools.gnu-tools-for-stm32.12.3.rel1.win32_1.0.200.202406191623/tools/bin/../lib/gcc/arm-none-eabi/12.3.1/../../../../arm-none-eabi/lib/thumb/v7e-m+fp/hard\libc_nano.a(libc_a-lock.o)
                0x08023262                __retarget_lock_acquire_recursive
 .text.__retarget_lock_release_recursive
                0x08023264        0x2 C:/ST/STM32CubeIDE_1.16.1/STM32CubeIDE/plugins/com.st.stm32cube.ide.mcu.externaltools.gnu-tools-for-stm32.12.3.rel1.win32_1.0.200.202406191623/tools/bin/../lib/gcc/arm-none-eabi/12.3.1/../../../../arm-none-eabi/lib/thumb/v7e-m+fp/hard\libc_nano.a(libc_a-lock.o)
                0x08023264                __retarget_lock_release_recursive
 .text.memcpy   0x08023266       0x1c C:/ST/STM32CubeIDE_1.16.1/STM32CubeIDE/plugins/com.st.stm32cube.ide.mcu.externaltools.gnu-tools-for-stm32.12.3.rel1.win32_1.0.200.202406191623/tools/bin/../lib/gcc/arm-none-eabi/12.3.1/../../../../arm-none-eabi/lib/thumb/v7e-m+fp/hard\libc_nano.a(libc_a-memcpy-stub.o)
                0x08023266                memcpy
 *fill*         0x08023282        0x2 
 .text._free_r  0x08023284       0x94 C:/ST/STM32CubeIDE_1.16.1/STM32CubeIDE/plugins/com.st.stm32cube.ide.mcu.externaltools.gnu-tools-for-stm32.12.3.rel1.win32_1.0.200.202406191623/tools/bin/../lib/gcc/arm-none-eabi/12.3.1/../../../../arm-none-eabi/lib/thumb/v7e-m+fp/hard\libc_nano.a(libc_a-freer.o)
                0x08023284                _free_r
 .text.__sfputc_r
                0x08023318       0x2e C:/ST/STM32CubeIDE_1.16.1/STM32CubeIDE/plugins/com.st.stm32cube.ide.mcu.externaltools.gnu-tools-for-stm32.12.3.rel1.win32_1.0.200.202406191623/tools/bin/../lib/gcc/arm-none-eabi/12.3.1/../../../../arm-none-eabi/lib/thumb/v7e-m+fp/hard\libc_nano.a(libc_a-nano-vfprintf.o)
 .text.__sfputs_r
                0x08023346       0x24 C:/ST/STM32CubeIDE_1.16.1/STM32CubeIDE/plugins/com.st.stm32cube.ide.mcu.externaltools.gnu-tools-for-stm32.12.3.rel1.win32_1.0.200.202406191623/tools/bin/../lib/gcc/arm-none-eabi/12.3.1/../../../../arm-none-eabi/lib/thumb/v7e-m+fp/hard\libc_nano.a(libc_a-nano-vfprintf.o)
                0x08023346                __sfputs_r
 *fill*         0x0802336a        0x2 
 .text._vfprintf_r
                0x0802336c      0x230 C:/ST/STM32CubeIDE_1.16.1/STM32CubeIDE/plugins/com.st.stm32cube.ide.mcu.externaltools.gnu-tools-for-stm32.12.3.rel1.win32_1.0.200.202406191623/tools/bin/../lib/gcc/arm-none-eabi/12.3.1/../../../../arm-none-eabi/lib/thumb/v7e-m+fp/hard\libc_nano.a(libc_a-nano-vfprintf.o)
                0x0802336c                _vfprintf_r
                0x0802336c                _vfiprintf_r
 .text._printf_common
                0x0802359c       0xda C:/ST/STM32CubeIDE_1.16.1/STM32CubeIDE/plugins/com.st.stm32cube.ide.mcu.externaltools.gnu-tools-for-stm32.12.3.rel1.win32_1.0.200.202406191623/tools/bin/../lib/gcc/arm-none-eabi/12.3.1/../../../../arm-none-eabi/lib/thumb/v7e-m+fp/hard\libc_nano.a(libc_a-nano-vfprintf_i.o)
                0x0802359c                _printf_common
 *fill*         0x08023676        0x2 
 .text._printf_i
                0x08023678      0x240 C:/ST/STM32CubeIDE_1.16.1/STM32CubeIDE/plugins/com.st.stm32cube.ide.mcu.externaltools.gnu-tools-for-stm32.12.3.rel1.win32_1.0.200.202406191623/tools/bin/../lib/gcc/arm-none-eabi/12.3.1/../../../../arm-none-eabi/lib/thumb/v7e-m+fp/hard\libc_nano.a(libc_a-nano-vfprintf_i.o)
                0x08023678                _printf_i
 .text.__swbuf_r
                0x080238b8       0x7c C:/ST/STM32CubeIDE_1.16.1/STM32CubeIDE/plugins/com.st.stm32cube.ide.mcu.externaltools.gnu-tools-for-stm32.12.3.rel1.win32_1.0.200.202406191623/tools/bin/../lib/gcc/arm-none-eabi/12.3.1/../../../../arm-none-eabi/lib/thumb/v7e-m+fp/hard\libc_nano.a(libc_a-wbuf.o)
                0x080238b8                __swbuf_r
 .text.__swsetup_r
                0x08023934       0xac C:/ST/STM32CubeIDE_1.16.1/STM32CubeIDE/plugins/com.st.stm32cube.ide.mcu.externaltools.gnu-tools-for-stm32.12.3.rel1.win32_1.0.200.202406191623/tools/bin/../lib/gcc/arm-none-eabi/12.3.1/../../../../arm-none-eabi/lib/thumb/v7e-m+fp/hard\libc_nano.a(libc_a-wsetup.o)
                0x08023934                __swsetup_r
 .text.__swhatbuf_r
                0x080239e0       0x4c C:/ST/STM32CubeIDE_1.16.1/STM32CubeIDE/plugins/com.st.stm32cube.ide.mcu.externaltools.gnu-tools-for-stm32.12.3.rel1.win32_1.0.200.202406191623/tools/bin/../lib/gcc/arm-none-eabi/12.3.1/../../../../arm-none-eabi/lib/thumb/v7e-m+fp/hard\libc_nano.a(libc_a-makebuf.o)
                0x080239e0                __swhatbuf_r
 .text.__smakebuf_r
                0x08023a2c       0x78 C:/ST/STM32CubeIDE_1.16.1/STM32CubeIDE/plugins/com.st.stm32cube.ide.mcu.externaltools.gnu-tools-for-stm32.12.3.rel1.win32_1.0.200.202406191623/tools/bin/../lib/gcc/arm-none-eabi/12.3.1/../../../../arm-none-eabi/lib/thumb/v7e-m+fp/hard\libc_nano.a(libc_a-makebuf.o)
                0x08023a2c                __smakebuf_r
 .text._fstat_r
                0x08023aa4       0x24 C:/ST/STM32CubeIDE_1.16.1/STM32CubeIDE/plugins/com.st.stm32cube.ide.mcu.externaltools.gnu-tools-for-stm32.12.3.rel1.win32_1.0.200.202406191623/tools/bin/../lib/gcc/arm-none-eabi/12.3.1/../../../../arm-none-eabi/lib/thumb/v7e-m+fp/hard\libc_nano.a(libc_a-fstatr.o)
                0x08023aa4                _fstat_r
 .text._isatty_r
                0x08023ac8       0x20 C:/ST/STM32CubeIDE_1.16.1/STM32CubeIDE/plugins/com.st.stm32cube.ide.mcu.externaltools.gnu-tools-for-stm32.12.3.rel1.win32_1.0.200.202406191623/tools/bin/../lib/gcc/arm-none-eabi/12.3.1/../../../../arm-none-eabi/lib/thumb/v7e-m+fp/hard\libc_nano.a(libc_a-isattyr.o)
                0x08023ac8                _isatty_r
 .text.sqrtf    0x08023ae8       0x3c C:/ST/STM32CubeIDE_1.16.1/STM32CubeIDE/plugins/com.st.stm32cube.ide.mcu.externaltools.gnu-tools-for-stm32.12.3.rel1.win32_1.0.200.202406191623/tools/bin/../lib/gcc/arm-none-eabi/12.3.1/../../../../arm-none-eabi/lib/thumb/v7e-m+fp/hard\libm.a(libm_a-wf_sqrt.o)
                0x08023ae8                sqrtf
 .text.__ieee754_sqrtf
                0x08023b24        0x6 C:/ST/STM32CubeIDE_1.16.1/STM32CubeIDE/plugins/com.st.stm32cube.ide.mcu.externaltools.gnu-tools-for-stm32.12.3.rel1.win32_1.0.200.202406191623/tools/bin/../lib/gcc/arm-none-eabi/12.3.1/../../../../arm-none-eabi/lib/thumb/v7e-m+fp/hard\libm.a(libm_a-ef_sqrt.o)
                0x08023b24                __ieee754_sqrtf
 *(.glue_7)
 .glue_7        0x08023b2a        0x0 linker stubs
 *(.glue_7t)
 .glue_7t       0x08023b2a        0x0 linker stubs
 *(.eh_frame)
 *fill*         0x08023b2a        0x2 
 .eh_frame      0x08023b2c        0x0 C:/ST/STM32CubeIDE_1.16.1/STM32CubeIDE/plugins/com.st.stm32cube.ide.mcu.externaltools.gnu-tools-for-stm32.12.3.rel1.win32_1.0.200.202406191623/tools/bin/../lib/gcc/arm-none-eabi/12.3.1/thumb/v7e-m+fp/hard/crtbegin.o
 *(.init)
 .init          0x08023b2c        0x4 C:/ST/STM32CubeIDE_1.16.1/STM32CubeIDE/plugins/com.st.stm32cube.ide.mcu.externaltools.gnu-tools-for-stm32.12.3.rel1.win32_1.0.200.202406191623/tools/bin/../lib/gcc/arm-none-eabi/12.3.1/thumb/v7e-m+fp/hard/crti.o
                0x08023b2c                _init
 .init          0x08023b30        0x8 C:/ST/STM32CubeIDE_1.16.1/STM32CubeIDE/plugins/com.st.stm32cube.ide.mcu.externaltools.gnu-tools-for-stm32.12.3.rel1.win32_1.0.200.202406191623/tools/bin/../lib/gcc/arm-none-eabi/12.3.1/thumb/v7e-m+fp/hard/crtn.o
 *(.fini)
 .fini          0x08023b38        0x4 C:/ST/STM32CubeIDE_1.16.1/STM32CubeIDE/plugins/com.st.stm32cube.ide.mcu.externaltools.gnu-tools-for-stm32.12.3.rel1.win32_1.0.200.202406191623/tools/bin/../lib/gcc/arm-none-eabi/12.3.1/thumb/v7e-m+fp/hard/crti.o
                0x08023b38                _fini
 .fini          0x08023b3c        0x8 C:/ST/STM32CubeIDE_1.16.1/STM32CubeIDE/plugins/com.st.stm32cube.ide.mcu.externaltools.gnu-tools-for-stm32.12.3.rel1.win32_1.0.200.202406191623/tools/bin/../lib/gcc/arm-none-eabi/12.3.1/thumb/v7e-m+fp/hard/crtn.o
                0x08023b44                        . = ALIGN (0x4)
                0x08023b44                        _etext = .

.vfp11_veneer   0x08023b44        0x0
 .vfp11_veneer  0x08023b44        0x0 linker stubs

.v4_bx          0x08023b44        0x0
 .v4_bx         0x08023b44        0x0 linker stubs

.iplt           0x08023b44        0x0
 .iplt          0x08023b44        0x0 C:/ST/STM32CubeIDE_1.16.1/STM32CubeIDE/plugins/com.st.stm32cube.ide.mcu.externaltools.gnu-tools-for-stm32.12.3.rel1.win32_1.0.200.202406191623/tools/bin/../lib/gcc/arm-none-eabi/12.3.1/thumb/v7e-m+fp/hard/crtbegin.o

.rodata         0x08023b44      0x20c
                0x08023b44                        . = ALIGN (0x4)
 *(.rodata)
 .rodata        0x08023b44      0x198 ./Core/Src/main.o
 *(.rodata*)
 .rodata.AHBPrescTable
                0x08023cdc       0x10 ./Core/Src/system_stm32l4xx.o
                0x08023cdc                AHBPrescTable
 .rodata.MSIRangeTable
                0x08023cec       0x30 ./Core/Src/system_stm32l4xx.o
                0x08023cec                MSIRangeTable
 .rodata._vfprintf_r.str1.1
                0x08023d1c       0x11 C:/ST/STM32CubeIDE_1.16.1/STM32CubeIDE/plugins/com.st.stm32cube.ide.mcu.externaltools.gnu-tools-for-stm32.12.3.rel1.win32_1.0.200.202406191623/tools/bin/../lib/gcc/arm-none-eabi/12.3.1/../../../../arm-none-eabi/lib/thumb/v7e-m+fp/hard\libc_nano.a(libc_a-nano-vfprintf.o)
 .rodata._printf_i.str1.1
                0x08023d2d       0x22 C:/ST/STM32CubeIDE_1.16.1/STM32CubeIDE/plugins/com.st.stm32cube.ide.mcu.externaltools.gnu-tools-for-stm32.12.3.rel1.win32_1.0.200.202406191623/tools/bin/../lib/gcc/arm-none-eabi/12.3.1/../../../../arm-none-eabi/lib/thumb/v7e-m+fp/hard\libc_nano.a(libc_a-nano-vfprintf_i.o)
                0x08023d50                        . = ALIGN (0x4)
 *fill*         0x08023d4f        0x1 

.ARM.extab      0x08023d50        0x0
                0x08023d50                        . = ALIGN (0x4)
 *(.ARM.extab* .gnu.linkonce.armextab.*)
                0x08023d50                        . = ALIGN (0x4)

.ARM            0x08023d50        0x8
                0x08023d50                        . = ALIGN (0x4)
                0x08023d50                        __exidx_start = .
 *(.ARM.exidx*)
 .ARM.exidx     0x08023d50        0x8 C:/ST/STM32CubeIDE_1.16.1/STM32CubeIDE/plugins/com.st.stm32cube.ide.mcu.externaltools.gnu-tools-for-stm32.12.3.rel1.win32_1.0.200.202406191623/tools/bin/../lib/gcc/arm-none-eabi/12.3.1/../../../../arm-none-eabi/lib/thumb/v7e-m+fp/hard\libc_nano.a(libc_a-memchr.o)
                0x08023d58                        __exidx_end = .
                0x08023d58                        . = ALIGN (0x4)

.preinit_array  0x08023d58        0x0
                0x08023d58                        . = ALIGN (0x4)
                0x08023d58                        PROVIDE (__preinit_array_start = .)
 *(.preinit_array*)
                0x08023d58                        PROVIDE (__preinit_array_end = .)
                0x08023d58                        . = ALIGN (0x4)

.init_array     0x08023d58        0x4
                0x08023d58                        . = ALIGN (0x4)
                0x08023d58                        PROVIDE (__init_array_start = .)
 *(SORT_BY_NAME(.init_array.*))
 *(.init_array*)
 .init_array    0x08023d58        0x4 C:/ST/STM32CubeIDE_1.16.1/STM32CubeIDE/plugins/com.st.stm32cube.ide.mcu.externaltools.gnu-tools-for-stm32.12.3.rel1.win32_1.0.200.202406191623/tools/bin/../lib/gcc/arm-none-eabi/12.3.1/thumb/v7e-m+fp/hard/crtbegin.o
                0x08023d5c                        PROVIDE (__init_array_end = .)
                0x08023d5c                        . = ALIGN (0x4)

.fini_array     0x08023d5c        0x4
                0x08023d5c                        . = ALIGN (0x4)
                [!provide]                        PROVIDE (__fini_array_start = .)
 *(SORT_BY_NAME(.fini_array.*))
 *(.fini_array*)
 .fini_array    0x08023d5c        0x4 C:/ST/STM32CubeIDE_1.16.1/STM32CubeIDE/plugins/com.st.stm32cube.ide.mcu.externaltools.gnu-tools-for-stm32.12.3.rel1.win32_1.0.200.202406191623/tools/bin/../lib/gcc/arm-none-eabi/12.3.1/thumb/v7e-m+fp/hard/crtbegin.o
                [!provide]                        PROVIDE (__fini_array_end = .)
                0x08023d60                        . = ALIGN (0x4)
                0x08023d60                        _sidata = LOADADDR (.data)

.rel.dyn        0x08023d60        0x0
 .rel.iplt      0x08023d60        0x0 C:/ST/STM32CubeIDE_1.16.1/STM32CubeIDE/plugins/com.st.stm32cube.ide.mcu.externaltools.gnu-tools-for-stm32.12.3.rel1.win32_1.0.200.202406191623/tools/bin/../lib/gcc/arm-none-eabi/12.3.1/thumb/v7e-m+fp/hard/crtbegin.o

.data           0x20000000       0x68 load address 0x08023d60
                0x20000000                        . = ALIGN (0x4)
                0x20000000                        _sdata = .
 *(.data)
 *(.data*)
 .data.SystemCoreClock
                0x20000000        0x4 ./Core/Src/system_stm32l4xx.o
                0x20000000                SystemCoreClock
 .data.uwTickPrio
                0x20000004        0x4 ./Drivers/STM32L4xx_HAL_Driver/Src/stm32l4xx_hal.o
                0x20000004                uwTickPrio
 .data.uwTickFreq
                0x20000008        0x1 ./Drivers/STM32L4xx_HAL_Driver/Src/stm32l4xx_hal.o
                0x20000008                uwTickFreq
 *fill*         0x20000009        0x3 
 .data.__sglue  0x2000000c        0xc C:/ST/STM32CubeIDE_1.16.1/STM32CubeIDE/plugins/com.st.stm32cube.ide.mcu.externaltools.gnu-tools-for-stm32.12.3.rel1.win32_1.0.200.202406191623/tools/bin/../lib/gcc/arm-none-eabi/12.3.1/../../../../arm-none-eabi/lib/thumb/v7e-m+fp/hard\libc_nano.a(libc_a-findfp.o)
                0x2000000c                __sglue
 .data._impure_ptr
                0x20000018        0x4 C:/ST/STM32CubeIDE_1.16.1/STM32CubeIDE/plugins/com.st.stm32cube.ide.mcu.externaltools.gnu-tools-for-stm32.12.3.rel1.win32_1.0.200.202406191623/tools/bin/../lib/gcc/arm-none-eabi/12.3.1/../../../../arm-none-eabi/lib/thumb/v7e-m+fp/hard\libc_nano.a(libc_a-impure.o)
                0x20000018                _impure_ptr
 .data._impure_data
                0x2000001c       0x4c C:/ST/STM32CubeIDE_1.16.1/STM32CubeIDE/plugins/com.st.stm32cube.ide.mcu.externaltools.gnu-tools-for-stm32.12.3.rel1.win32_1.0.200.202406191623/tools/bin/../lib/gcc/arm-none-eabi/12.3.1/../../../../arm-none-eabi/lib/thumb/v7e-m+fp/hard\libc_nano.a(libc_a-impure.o)
                0x2000001c                _impure_data
 *(.RamFunc)
 *(.RamFunc*)
                0x20000068                        . = ALIGN (0x4)
                0x20000068                        _edata = .

.igot.plt       0x20000068        0x0 load address 0x08023dc8
 .igot.plt      0x20000068        0x0 C:/ST/STM32CubeIDE_1.16.1/STM32CubeIDE/plugins/com.st.stm32cube.ide.mcu.externaltools.gnu-tools-for-stm32.12.3.rel1.win32_1.0.200.202406191623/tools/bin/../lib/gcc/arm-none-eabi/12.3.1/thumb/v7e-m+fp/hard/crtbegin.o
                0x20000068                        . = ALIGN (0x4)

.bss            0x20000068      0x170 load address 0x08023dc8
                0x20000068                        _sbss = .
                0x20000068                        __bss_start__ = _sbss
 *(.bss)
 .bss           0x20000068       0x1c C:/ST/STM32CubeIDE_1.16.1/STM32CubeIDE/plugins/com.st.stm32cube.ide.mcu.externaltools.gnu-tools-for-stm32.12.3.rel1.win32_1.0.200.202406191623/tools/bin/../lib/gcc/arm-none-eabi/12.3.1/thumb/v7e-m+fp/hard/crtbegin.o
 *(.bss*)
 .bss.__sbrk_heap_end
                0x20000084        0x4 ./Core/Src/sysmem.o
 .bss.uwTick    0x20000088        0x4 ./Drivers/STM32L4xx_HAL_Driver/Src/stm32l4xx_hal.o
                0x20000088                uwTick
 .bss.__malloc_sbrk_start
                0x2000008c        0x4 C:/ST/STM32CubeIDE_1.16.1/STM32CubeIDE/plugins/com.st.stm32cube.ide.mcu.externaltools.gnu-tools-for-stm32.12.3.rel1.win32_1.0.200.202406191623/tools/bin/../lib/gcc/arm-none-eabi/12.3.1/../../../../arm-none-eabi/lib/thumb/v7e-m+fp/hard\libc_nano.a(libc_a-mallocr.o)
                0x2000008c                __malloc_sbrk_start
 .bss.__malloc_free_list
                0x20000090        0x4 C:/ST/STM32CubeIDE_1.16.1/STM32CubeIDE/plugins/com.st.stm32cube.ide.mcu.externaltools.gnu-tools-for-stm32.12.3.rel1.win32_1.0.200.202406191623/tools/bin/../lib/gcc/arm-none-eabi/12.3.1/../../../../arm-none-eabi/lib/thumb/v7e-m+fp/hard\libc_nano.a(libc_a-mallocr.o)
                0x20000090                __malloc_free_list
 .bss.__sf      0x20000094      0x138 C:/ST/STM32CubeIDE_1.16.1/STM32CubeIDE/plugins/com.st.stm32cube.ide.mcu.externaltools.gnu-tools-for-stm32.12.3.rel1.win32_1.0.200.202406191623/tools/bin/../lib/gcc/arm-none-eabi/12.3.1/../../../../arm-none-eabi/lib/thumb/v7e-m+fp/hard\libc_nano.a(libc_a-findfp.o)
                0x20000094                __sf
 .bss.__stdio_exit_handler
                0x200001cc        0x4 C:/ST/STM32CubeIDE_1.16.1/STM32CubeIDE/plugins/com.st.stm32cube.ide.mcu.externaltools.gnu-tools-for-stm32.12.3.rel1.win32_1.0.200.202406191623/tools/bin/../lib/gcc/arm-none-eabi/12.3.1/../../../../arm-none-eabi/lib/thumb/v7e-m+fp/hard\libc_nano.a(libc_a-findfp.o)
                0x200001cc                __stdio_exit_handler
 .bss.errno     0x200001d0        0x4 C:/ST/STM32CubeIDE_1.16.1/STM32CubeIDE/plugins/com.st.stm32cube.ide.mcu.externaltools.gnu-tools-for-stm32.12.3.rel1.win32_1.0.200.202406191623/tools/bin/../lib/gcc/arm-none-eabi/12.3.1/../../../../arm-none-eabi/lib/thumb/v7e-m+fp/hard\libc_nano.a(libc_a-reent.o)
                0x200001d0                errno
 .bss.__lock___malloc_recursive_mutex
                0x200001d4        0x1 C:/ST/STM32CubeIDE_1.16.1/STM32CubeIDE/plugins/com.st.stm32cube.ide.mcu.externaltools.gnu-tools-for-stm32.12.3.rel1.win32_1.0.200.202406191623/tools/bin/../lib/gcc/arm-none-eabi/12.3.1/../../../../arm-none-eabi/lib/thumb/v7e-m+fp/hard\libc_nano.a(libc_a-lock.o)
                0x200001d4                __lock___malloc_recursive_mutex
 .bss.__lock___sfp_recursive_mutex
                0x200001d5        0x1 C:/ST/STM32CubeIDE_1.16.1/STM32CubeIDE/plugins/com.st.stm32cube.ide.mcu.externaltools.gnu-tools-for-stm32.12.3.rel1.win32_1.0.200.202406191623/tools/bin/../lib/gcc/arm-none-eabi/12.3.1/../../../../arm-none-eabi/lib/thumb/v7e-m+fp/hard\libc_nano.a(libc_a-lock.o)
                0x200001d5                __lock___sfp_recursive_mutex
 *(COMMON)
                0x200001d8                        . = ALIGN (0x4)
 *fill*         0x200001d6        0x2 
                0x200001d8                        _ebss = .
                0x200001d8                        __bss_end__ = _ebss

._user_heap_stack
                0x200001d8      0x600 load address 0x08023dc8
                0x200001d8                        . = ALIGN (0x8)
                [!provide]                        PROVIDE (end = .)
                0x200001d8                        PROVIDE (_end = .)
                0x200003d8                        . = (. + _Min_Heap_Size)
 *fill*         0x200001d8      0x200 
                0x200007d8                        . = (. + _Min_Stack_Size)
 *fill*         0x200003d8      0x400 
                0x200007d8                        . = ALIGN (0x8)

/DISCARD/
 libc.a(*)
 libm.a(*)
 libgcc.a(*)

.ARM.attributes
                0x00000000       0x30
 *(.ARM.attributes)
 .ARM.attributes
                0x00000000       0x22 C:/ST/STM32CubeIDE_1.16.1/STM32CubeIDE/plugins/com.st.stm32cube.ide.mcu.externaltools.gnu-tools-for-stm32.12.3.rel1.win32_1.0.200.202406191623/tools/bin/../lib/gcc/arm-none-eabi/12.3.1/thumb/v7e-m+fp/hard/crti.o
 .ARM.attributes
                0x00000022       0x34 C:/ST/STM32CubeIDE_1.16.1/STM32CubeIDE/plugins/com.st.stm32cube.ide.mcu.externaltools.gnu-tools-for-stm32.12.3.rel1.win32_1.0.200.202406191623/tools/bin/../lib/gcc/arm-none-eabi/12.3.1/thumb/v7e-m+fp/hard/crtbegin.o
 .ARM.attributes
                0x00000056       0x20 ./Core/Inc/Func_asm.o
 .ARM.attributes
                0x00000076       0x34 ./Core/Src/kalmanFilter_C.o
 .ARM.attributes
                0x000000aa       0x34 ./Core/Src/kalmanFilter_CMSIS.o
 .ARM.attributes
                0x000000de       0x34 ./Core/Src/main.o
 .ARM.attributes
                0x00000112       0x34 ./Core/Src/stm32l4xx_hal_msp.o
 .ARM.attributes
                0x00000146       0x34 ./Core/Src/stm32l4xx_it.o
 .ARM.attributes
                0x0000017a       0x34 ./Core/Src/syscalls.o
 .ARM.attributes
                0x000001ae       0x34 ./Core/Src/sysmem.o
 .ARM.attributes
                0x000001e2       0x34 ./Core/Src/system_stm32l4xx.o
 .ARM.attributes
                0x00000216       0x21 ./Core/Startup/startup_stm32l4s5vitx.o
 .ARM.attributes
                0x00000237       0x34 ./Drivers/STM32L4xx_HAL_Driver/Src/stm32l4xx_hal.o
 .ARM.attributes
                0x0000026b       0x34 ./Drivers/STM32L4xx_HAL_Driver/Src/stm32l4xx_hal_cortex.o
 .ARM.attributes
                0x0000029f       0x34 ./Drivers/STM32L4xx_HAL_Driver/Src/stm32l4xx_hal_pwr_ex.o
 .ARM.attributes
                0x000002d3       0x34 ./Drivers/STM32L4xx_HAL_Driver/Src/stm32l4xx_hal_rcc.o
 .ARM.attributes
                0x00000307       0x34 C:\Users\User\OneDrive\Desktop\ECSE-444\Lab1\lib\libarm_CortexM4lf_math.a(arm_std_f32.o)
 .ARM.attributes
                0x0000033b       0x34 C:\Users\User\OneDrive\Desktop\ECSE-444\Lab1\lib\libarm_CortexM4lf_math.a(arm_mean_f32.o)
 .ARM.attributes
                0x0000036f       0x34 C:\Users\User\OneDrive\Desktop\ECSE-444\Lab1\lib\libarm_CortexM4lf_math.a(arm_correlate_f32.o)
 .ARM.attributes
                0x000003a3       0x34 C:\Users\User\OneDrive\Desktop\ECSE-444\Lab1\lib\libarm_CortexM4lf_math.a(arm_conv_f32.o)
 .ARM.attributes
                0x000003d7       0x34 C:\Users\User\OneDrive\Desktop\ECSE-444\Lab1\lib\libarm_CortexM4lf_math.a(arm_sub_f32.o)
 .ARM.attributes
                0x0000040b       0x34 C:\Users\User\OneDrive\Desktop\ECSE-444\Lab1\lib\libarm_CortexM4lf_math.a(arm_mult_f32.o)
 .ARM.attributes
                0x0000043f       0x34 C:\Users\User\OneDrive\Desktop\ECSE-444\Lab1\lib\libarm_CortexM4lf_math.a(arm_add_f32.o)
 .ARM.attributes
                0x00000473       0x34 C:\Users\User\OneDrive\Desktop\ECSE-444\Lab1\lib\libarm_CortexM4lf_math.a(arm_abs_f32.o)
 .ARM.attributes
                0x000004a7       0x34 C:/ST/STM32CubeIDE_1.16.1/STM32CubeIDE/plugins/com.st.stm32cube.ide.mcu.externaltools.gnu-tools-for-stm32.12.3.rel1.win32_1.0.200.202406191623/tools/bin/../lib/gcc/arm-none-eabi/12.3.1/../../../../arm-none-eabi/lib/thumb/v7e-m+fp/hard\libc_nano.a(libc_a-malloc.o)
 .ARM.attributes
                0x000004db       0x34 C:/ST/STM32CubeIDE_1.16.1/STM32CubeIDE/plugins/com.st.stm32cube.ide.mcu.externaltools.gnu-tools-for-stm32.12.3.rel1.win32_1.0.200.202406191623/tools/bin/../lib/gcc/arm-none-eabi/12.3.1/../../../../arm-none-eabi/lib/thumb/v7e-m+fp/hard\libc_nano.a(libc_a-mallocr.o)
 .ARM.attributes
                0x0000050f       0x34 C:/ST/STM32CubeIDE_1.16.1/STM32CubeIDE/plugins/com.st.stm32cube.ide.mcu.externaltools.gnu-tools-for-stm32.12.3.rel1.win32_1.0.200.202406191623/tools/bin/../lib/gcc/arm-none-eabi/12.3.1/../../../../arm-none-eabi/lib/thumb/v7e-m+fp/hard\libc_nano.a(libc_a-mlock.o)
 .ARM.attributes
                0x00000543       0x34 C:/ST/STM32CubeIDE_1.16.1/STM32CubeIDE/plugins/com.st.stm32cube.ide.mcu.externaltools.gnu-tools-for-stm32.12.3.rel1.win32_1.0.200.202406191623/tools/bin/../lib/gcc/arm-none-eabi/12.3.1/../../../../arm-none-eabi/lib/thumb/v7e-m+fp/hard\libc_nano.a(libc_a-fflush.o)
 .ARM.attributes
                0x00000577       0x34 C:/ST/STM32CubeIDE_1.16.1/STM32CubeIDE/plugins/com.st.stm32cube.ide.mcu.externaltools.gnu-tools-for-stm32.12.3.rel1.win32_1.0.200.202406191623/tools/bin/../lib/gcc/arm-none-eabi/12.3.1/../../../../arm-none-eabi/lib/thumb/v7e-m+fp/hard\libc_nano.a(libc_a-findfp.o)
 .ARM.attributes
                0x000005ab       0x34 C:/ST/STM32CubeIDE_1.16.1/STM32CubeIDE/plugins/com.st.stm32cube.ide.mcu.externaltools.gnu-tools-for-stm32.12.3.rel1.win32_1.0.200.202406191623/tools/bin/../lib/gcc/arm-none-eabi/12.3.1/../../../../arm-none-eabi/lib/thumb/v7e-m+fp/hard\libc_nano.a(libc_a-fwalk.o)
 .ARM.attributes
                0x000005df       0x34 C:/ST/STM32CubeIDE_1.16.1/STM32CubeIDE/plugins/com.st.stm32cube.ide.mcu.externaltools.gnu-tools-for-stm32.12.3.rel1.win32_1.0.200.202406191623/tools/bin/../lib/gcc/arm-none-eabi/12.3.1/../../../../arm-none-eabi/lib/thumb/v7e-m+fp/hard\libc_nano.a(libc_a-printf.o)
 .ARM.attributes
                0x00000613       0x34 C:/ST/STM32CubeIDE_1.16.1/STM32CubeIDE/plugins/com.st.stm32cube.ide.mcu.externaltools.gnu-tools-for-stm32.12.3.rel1.win32_1.0.200.202406191623/tools/bin/../lib/gcc/arm-none-eabi/12.3.1/../../../../arm-none-eabi/lib/thumb/v7e-m+fp/hard\libc_nano.a(libc_a-stdio.o)
 .ARM.attributes
                0x00000647       0x34 C:/ST/STM32CubeIDE_1.16.1/STM32CubeIDE/plugins/com.st.stm32cube.ide.mcu.externaltools.gnu-tools-for-stm32.12.3.rel1.win32_1.0.200.202406191623/tools/bin/../lib/gcc/arm-none-eabi/12.3.1/../../../../arm-none-eabi/lib/thumb/v7e-m+fp/hard\libc_nano.a(libc_a-memset.o)
 .ARM.attributes
                0x0000067b       0x34 C:/ST/STM32CubeIDE_1.16.1/STM32CubeIDE/plugins/com.st.stm32cube.ide.mcu.externaltools.gnu-tools-for-stm32.12.3.rel1.win32_1.0.200.202406191623/tools/bin/../lib/gcc/arm-none-eabi/12.3.1/../../../../arm-none-eabi/lib/thumb/v7e-m+fp/hard\libc_nano.a(libc_a-closer.o)
 .ARM.attributes
                0x000006af       0x34 C:/ST/STM32CubeIDE_1.16.1/STM32CubeIDE/plugins/com.st.stm32cube.ide.mcu.externaltools.gnu-tools-for-stm32.12.3.rel1.win32_1.0.200.202406191623/tools/bin/../lib/gcc/arm-none-eabi/12.3.1/../../../../arm-none-eabi/lib/thumb/v7e-m+fp/hard\libc_nano.a(libc_a-reent.o)
 .ARM.attributes
                0x000006e3       0x34 C:/ST/STM32CubeIDE_1.16.1/STM32CubeIDE/plugins/com.st.stm32cube.ide.mcu.externaltools.gnu-tools-for-stm32.12.3.rel1.win32_1.0.200.202406191623/tools/bin/../lib/gcc/arm-none-eabi/12.3.1/../../../../arm-none-eabi/lib/thumb/v7e-m+fp/hard\libc_nano.a(libc_a-impure.o)
 .ARM.attributes
                0x00000717       0x34 C:/ST/STM32CubeIDE_1.16.1/STM32CubeIDE/plugins/com.st.stm32cube.ide.mcu.externaltools.gnu-tools-for-stm32.12.3.rel1.win32_1.0.200.202406191623/tools/bin/../lib/gcc/arm-none-eabi/12.3.1/../../../../arm-none-eabi/lib/thumb/v7e-m+fp/hard\libc_nano.a(libc_a-lseekr.o)
 .ARM.attributes
                0x0000074b       0x34 C:/ST/STM32CubeIDE_1.16.1/STM32CubeIDE/plugins/com.st.stm32cube.ide.mcu.externaltools.gnu-tools-for-stm32.12.3.rel1.win32_1.0.200.202406191623/tools/bin/../lib/gcc/arm-none-eabi/12.3.1/../../../../arm-none-eabi/lib/thumb/v7e-m+fp/hard\libc_nano.a(libc_a-readr.o)
 .ARM.attributes
                0x0000077f       0x34 C:/ST/STM32CubeIDE_1.16.1/STM32CubeIDE/plugins/com.st.stm32cube.ide.mcu.externaltools.gnu-tools-for-stm32.12.3.rel1.win32_1.0.200.202406191623/tools/bin/../lib/gcc/arm-none-eabi/12.3.1/../../../../arm-none-eabi/lib/thumb/v7e-m+fp/hard\libc_nano.a(libc_a-sbrkr.o)
 .ARM.attributes
                0x000007b3       0x34 C:/ST/STM32CubeIDE_1.16.1/STM32CubeIDE/plugins/com.st.stm32cube.ide.mcu.externaltools.gnu-tools-for-stm32.12.3.rel1.win32_1.0.200.202406191623/tools/bin/../lib/gcc/arm-none-eabi/12.3.1/../../../../arm-none-eabi/lib/thumb/v7e-m+fp/hard\libc_nano.a(libc_a-writer.o)
 .ARM.attributes
                0x000007e7       0x34 C:/ST/STM32CubeIDE_1.16.1/STM32CubeIDE/plugins/com.st.stm32cube.ide.mcu.externaltools.gnu-tools-for-stm32.12.3.rel1.win32_1.0.200.202406191623/tools/bin/../lib/gcc/arm-none-eabi/12.3.1/../../../../arm-none-eabi/lib/thumb/v7e-m+fp/hard\libc_nano.a(libc_a-errno.o)
 .ARM.attributes
                0x0000081b       0x34 C:/ST/STM32CubeIDE_1.16.1/STM32CubeIDE/plugins/com.st.stm32cube.ide.mcu.externaltools.gnu-tools-for-stm32.12.3.rel1.win32_1.0.200.202406191623/tools/bin/../lib/gcc/arm-none-eabi/12.3.1/../../../../arm-none-eabi/lib/thumb/v7e-m+fp/hard\libc_nano.a(libc_a-init.o)
 .ARM.attributes
                0x0000084f       0x34 C:/ST/STM32CubeIDE_1.16.1/STM32CubeIDE/plugins/com.st.stm32cube.ide.mcu.externaltools.gnu-tools-for-stm32.12.3.rel1.win32_1.0.200.202406191623/tools/bin/../lib/gcc/arm-none-eabi/12.3.1/../../../../arm-none-eabi/lib/thumb/v7e-m+fp/hard\libc_nano.a(libc_a-lock.o)
 .ARM.attributes
                0x00000883       0x34 C:/ST/STM32CubeIDE_1.16.1/STM32CubeIDE/plugins/com.st.stm32cube.ide.mcu.externaltools.gnu-tools-for-stm32.12.3.rel1.win32_1.0.200.202406191623/tools/bin/../lib/gcc/arm-none-eabi/12.3.1/../../../../arm-none-eabi/lib/thumb/v7e-m+fp/hard\libc_nano.a(libc_a-memcpy-stub.o)
 .ARM.attributes
                0x000008b7       0x34 C:/ST/STM32CubeIDE_1.16.1/STM32CubeIDE/plugins/com.st.stm32cube.ide.mcu.externaltools.gnu-tools-for-stm32.12.3.rel1.win32_1.0.200.202406191623/tools/bin/../lib/gcc/arm-none-eabi/12.3.1/../../../../arm-none-eabi/lib/thumb/v7e-m+fp/hard\libc_nano.a(libc_a-freer.o)
 .ARM.attributes
                0x000008eb       0x34 C:/ST/STM32CubeIDE_1.16.1/STM32CubeIDE/plugins/com.st.stm32cube.ide.mcu.externaltools.gnu-tools-for-stm32.12.3.rel1.win32_1.0.200.202406191623/tools/bin/../lib/gcc/arm-none-eabi/12.3.1/../../../../arm-none-eabi/lib/thumb/v7e-m+fp/hard\libc_nano.a(libc_a-nano-vfprintf.o)
 .ARM.attributes
                0x0000091f       0x34 C:/ST/STM32CubeIDE_1.16.1/STM32CubeIDE/plugins/com.st.stm32cube.ide.mcu.externaltools.gnu-tools-for-stm32.12.3.rel1.win32_1.0.200.202406191623/tools/bin/../lib/gcc/arm-none-eabi/12.3.1/../../../../arm-none-eabi/lib/thumb/v7e-m+fp/hard\libc_nano.a(libc_a-nano-vfprintf_i.o)
 .ARM.attributes
                0x00000953       0x34 C:/ST/STM32CubeIDE_1.16.1/STM32CubeIDE/plugins/com.st.stm32cube.ide.mcu.externaltools.gnu-tools-for-stm32.12.3.rel1.win32_1.0.200.202406191623/tools/bin/../lib/gcc/arm-none-eabi/12.3.1/../../../../arm-none-eabi/lib/thumb/v7e-m+fp/hard\libc_nano.a(libc_a-wbuf.o)
 .ARM.attributes
                0x00000987       0x34 C:/ST/STM32CubeIDE_1.16.1/STM32CubeIDE/plugins/com.st.stm32cube.ide.mcu.externaltools.gnu-tools-for-stm32.12.3.rel1.win32_1.0.200.202406191623/tools/bin/../lib/gcc/arm-none-eabi/12.3.1/../../../../arm-none-eabi/lib/thumb/v7e-m+fp/hard\libc_nano.a(libc_a-wsetup.o)
 .ARM.attributes
                0x000009bb       0x1c C:/ST/STM32CubeIDE_1.16.1/STM32CubeIDE/plugins/com.st.stm32cube.ide.mcu.externaltools.gnu-tools-for-stm32.12.3.rel1.win32_1.0.200.202406191623/tools/bin/../lib/gcc/arm-none-eabi/12.3.1/../../../../arm-none-eabi/lib/thumb/v7e-m+fp/hard\libc_nano.a(libc_a-memchr.o)
 .ARM.attributes
                0x000009d7       0x34 C:/ST/STM32CubeIDE_1.16.1/STM32CubeIDE/plugins/com.st.stm32cube.ide.mcu.externaltools.gnu-tools-for-stm32.12.3.rel1.win32_1.0.200.202406191623/tools/bin/../lib/gcc/arm-none-eabi/12.3.1/../../../../arm-none-eabi/lib/thumb/v7e-m+fp/hard\libc_nano.a(libc_a-makebuf.o)
 .ARM.attributes
                0x00000a0b       0x34 C:/ST/STM32CubeIDE_1.16.1/STM32CubeIDE/plugins/com.st.stm32cube.ide.mcu.externaltools.gnu-tools-for-stm32.12.3.rel1.win32_1.0.200.202406191623/tools/bin/../lib/gcc/arm-none-eabi/12.3.1/../../../../arm-none-eabi/lib/thumb/v7e-m+fp/hard\libc_nano.a(libc_a-fstatr.o)
 .ARM.attributes
                0x00000a3f       0x34 C:/ST/STM32CubeIDE_1.16.1/STM32CubeIDE/plugins/com.st.stm32cube.ide.mcu.externaltools.gnu-tools-for-stm32.12.3.rel1.win32_1.0.200.202406191623/tools/bin/../lib/gcc/arm-none-eabi/12.3.1/../../../../arm-none-eabi/lib/thumb/v7e-m+fp/hard\libc_nano.a(libc_a-isattyr.o)
 .ARM.attributes
                0x00000a73       0x34 C:/ST/STM32CubeIDE_1.16.1/STM32CubeIDE/plugins/com.st.stm32cube.ide.mcu.externaltools.gnu-tools-for-stm32.12.3.rel1.win32_1.0.200.202406191623/tools/bin/../lib/gcc/arm-none-eabi/12.3.1/../../../../arm-none-eabi/lib/thumb/v7e-m+fp/hard\libm.a(libm_a-wf_sqrt.o)
 .ARM.attributes
                0x00000aa7       0x34 C:/ST/STM32CubeIDE_1.16.1/STM32CubeIDE/plugins/com.st.stm32cube.ide.mcu.externaltools.gnu-tools-for-stm32.12.3.rel1.win32_1.0.200.202406191623/tools/bin/../lib/gcc/arm-none-eabi/12.3.1/../../../../arm-none-eabi/lib/thumb/v7e-m+fp/hard\libm.a(libm_a-ef_sqrt.o)
 .ARM.attributes
                0x00000adb       0x22 C:/ST/STM32CubeIDE_1.16.1/STM32CubeIDE/plugins/com.st.stm32cube.ide.mcu.externaltools.gnu-tools-for-stm32.12.3.rel1.win32_1.0.200.202406191623/tools/bin/../lib/gcc/arm-none-eabi/12.3.1/thumb/v7e-m+fp/hard/crtn.o
OUTPUT(Lab1.elf elf32-littlearm)
LOAD linker stubs
LOAD C:/ST/STM32CubeIDE_1.16.1/STM32CubeIDE/plugins/com.st.stm32cube.ide.mcu.externaltools.gnu-tools-for-stm32.12.3.rel1.win32_1.0.200.202406191623/tools/bin/../lib/gcc/arm-none-eabi/12.3.1/../../../../arm-none-eabi/lib/thumb/v7e-m+fp/hard\libc.a
LOAD C:/ST/STM32CubeIDE_1.16.1/STM32CubeIDE/plugins/com.st.stm32cube.ide.mcu.externaltools.gnu-tools-for-stm32.12.3.rel1.win32_1.0.200.202406191623/tools/bin/../lib/gcc/arm-none-eabi/12.3.1/../../../../arm-none-eabi/lib/thumb/v7e-m+fp/hard\libm.a
LOAD C:/ST/STM32CubeIDE_1.16.1/STM32CubeIDE/plugins/com.st.stm32cube.ide.mcu.externaltools.gnu-tools-for-stm32.12.3.rel1.win32_1.0.200.202406191623/tools/bin/../lib/gcc/arm-none-eabi/12.3.1/thumb/v7e-m+fp/hard\libgcc.a

.debug_line     0x00000000     0x928a
 .debug_line    0x00000000       0x66 ./Core/Inc/Func_asm.o
 .debug_line    0x00000066      0x124 ./Core/Src/kalmanFilter_C.o
 .debug_line    0x0000018a      0x6d6 ./Core/Src/kalmanFilter_CMSIS.o
 .debug_line    0x00000860      0xa14 ./Core/Src/main.o
 .debug_line    0x00001274      0x706 ./Core/Src/stm32l4xx_hal_msp.o
 .debug_line    0x0000197a      0x7c8 ./Core/Src/stm32l4xx_it.o
 .debug_line    0x00002142      0x8ec ./Core/Src/syscalls.o
 .debug_line    0x00002a2e      0x583 ./Core/Src/sysmem.o
 .debug_line    0x00002fb1      0x7a0 ./Core/Src/system_stm32l4xx.o
 .debug_line    0x00003751       0x7a ./Core/Startup/startup_stm32l4s5vitx.o
 .debug_line    0x000037cb      0xafb ./Drivers/STM32L4xx_HAL_Driver/Src/stm32l4xx_hal.o
 .debug_line    0x000042c6      0xcc4 ./Drivers/STM32L4xx_HAL_Driver/Src/stm32l4xx_hal_cortex.o
 .debug_line    0x00004f8a      0xd62 ./Drivers/STM32L4xx_HAL_Driver/Src/stm32l4xx_hal_pwr_ex.o
 .debug_line    0x00005cec     0x104c ./Drivers/STM32L4xx_HAL_Driver/Src/stm32l4xx_hal_rcc.o
 .debug_line    0x00006d38      0x3c5 C:\Users\User\OneDrive\Desktop\ECSE-444\Lab1\lib\libarm_CortexM4lf_math.a(arm_std_f32.o)
 .debug_line    0x000070fd      0x2d9 C:\Users\User\OneDrive\Desktop\ECSE-444\Lab1\lib\libarm_CortexM4lf_math.a(arm_mean_f32.o)
 .debug_line    0x000073d6      0x9e6 C:\Users\User\OneDrive\Desktop\ECSE-444\Lab1\lib\libarm_CortexM4lf_math.a(arm_correlate_f32.o)
 .debug_line    0x00007dbc      0x944 C:\Users\User\OneDrive\Desktop\ECSE-444\Lab1\lib\libarm_CortexM4lf_math.a(arm_conv_f32.o)
 .debug_line    0x00008700      0x2df C:\Users\User\OneDrive\Desktop\ECSE-444\Lab1\lib\libarm_CortexM4lf_math.a(arm_sub_f32.o)
 .debug_line    0x000089df      0x2e0 C:\Users\User\OneDrive\Desktop\ECSE-444\Lab1\lib\libarm_CortexM4lf_math.a(arm_mult_f32.o)
 .debug_line    0x00008cbf      0x2df C:\Users\User\OneDrive\Desktop\ECSE-444\Lab1\lib\libarm_CortexM4lf_math.a(arm_add_f32.o)
 .debug_line    0x00008f9e      0x2ec C:\Users\User\OneDrive\Desktop\ECSE-444\Lab1\lib\libarm_CortexM4lf_math.a(arm_abs_f32.o)

.debug_line_str
                0x00000000       0x72
 .debug_line_str
                0x00000000       0x4a ./Core/Inc/Func_asm.o
 .debug_line_str
                0x0000004a       0x28 ./Core/Startup/startup_stm32l4s5vitx.o
                                 0x5b (size before relaxing)

.debug_info     0x00000000     0xb0b3
 .debug_info    0x00000000       0x24 ./Core/Inc/Func_asm.o
 .debug_info    0x00000024      0x16f ./Core/Src/kalmanFilter_C.o
 .debug_info    0x00000193      0x31f ./Core/Src/kalmanFilter_CMSIS.o
 .debug_info    0x000004b2      0xd1c ./Core/Src/main.o
 .debug_info    0x000011ce      0x2e9 ./Core/Src/stm32l4xx_hal_msp.o
 .debug_info    0x000014b7      0x113 ./Core/Src/stm32l4xx_it.o
 .debug_info    0x000015ca      0x6d1 ./Core/Src/syscalls.o
 .debug_info    0x00001c9b      0x168 ./Core/Src/sysmem.o
 .debug_info    0x00001e03      0x5e9 ./Core/Src/system_stm32l4xx.o
 .debug_info    0x000023ec       0x30 ./Core/Startup/startup_stm32l4s5vitx.o
 .debug_info    0x0000241c      0xb4f ./Drivers/STM32L4xx_HAL_Driver/Src/stm32l4xx_hal.o
 .debug_info    0x00002f6b      0xd9f ./Drivers/STM32L4xx_HAL_Driver/Src/stm32l4xx_hal_cortex.o
 .debug_info    0x00003d0a      0xa0a ./Drivers/STM32L4xx_HAL_Driver/Src/stm32l4xx_hal_pwr_ex.o
 .debug_info    0x00004714      0xd32 ./Drivers/STM32L4xx_HAL_Driver/Src/stm32l4xx_hal_rcc.o
 .debug_info    0x00005446      0xc13 C:\Users\User\OneDrive\Desktop\ECSE-444\Lab1\lib\libarm_CortexM4lf_math.a(arm_std_f32.o)
 .debug_info    0x00006059      0xae8 C:\Users\User\OneDrive\Desktop\ECSE-444\Lab1\lib\libarm_CortexM4lf_math.a(arm_mean_f32.o)
 .debug_info    0x00006b41      0xcf5 C:\Users\User\OneDrive\Desktop\ECSE-444\Lab1\lib\libarm_CortexM4lf_math.a(arm_correlate_f32.o)
 .debug_info    0x00007836      0xcc1 C:\Users\User\OneDrive\Desktop\ECSE-444\Lab1\lib\libarm_CortexM4lf_math.a(arm_conv_f32.o)
 .debug_info    0x000084f7      0xaf4 C:\Users\User\OneDrive\Desktop\ECSE-444\Lab1\lib\libarm_CortexM4lf_math.a(arm_sub_f32.o)
 .debug_info    0x00008feb      0xaf4 C:\Users\User\OneDrive\Desktop\ECSE-444\Lab1\lib\libarm_CortexM4lf_math.a(arm_mult_f32.o)
 .debug_info    0x00009adf      0xaf4 C:\Users\User\OneDrive\Desktop\ECSE-444\Lab1\lib\libarm_CortexM4lf_math.a(arm_add_f32.o)
 .debug_info    0x0000a5d3      0xae0 C:\Users\User\OneDrive\Desktop\ECSE-444\Lab1\lib\libarm_CortexM4lf_math.a(arm_abs_f32.o)

.debug_abbrev   0x00000000     0x246c
 .debug_abbrev  0x00000000       0x14 ./Core/Inc/Func_asm.o
 .debug_abbrev  0x00000014       0xfe ./Core/Src/kalmanFilter_C.o
 .debug_abbrev  0x00000112      0x123 ./Core/Src/kalmanFilter_CMSIS.o
 .debug_abbrev  0x00000235      0x2a7 ./Core/Src/main.o
 .debug_abbrev  0x000004dc       0xc6 ./Core/Src/stm32l4xx_hal_msp.o
 .debug_abbrev  0x000005a2       0x73 ./Core/Src/stm32l4xx_it.o
 .debug_abbrev  0x00000615      0x1b1 ./Core/Src/syscalls.o
 .debug_abbrev  0x000007c6       0xbc ./Core/Src/sysmem.o
 .debug_abbrev  0x00000882      0x11a ./Core/Src/system_stm32l4xx.o
 .debug_abbrev  0x0000099c       0x24 ./Core/Startup/startup_stm32l4s5vitx.o
 .debug_abbrev  0x000009c0      0x242 ./Drivers/STM32L4xx_HAL_Driver/Src/stm32l4xx_hal.o
 .debug_abbrev  0x00000c02      0x31c ./Drivers/STM32L4xx_HAL_Driver/Src/stm32l4xx_hal_cortex.o
 .debug_abbrev  0x00000f1e      0x1f9 ./Drivers/STM32L4xx_HAL_Driver/Src/stm32l4xx_hal_pwr_ex.o
 .debug_abbrev  0x00001117      0x306 ./Drivers/STM32L4xx_HAL_Driver/Src/stm32l4xx_hal_rcc.o
 .debug_abbrev  0x0000141d      0x286 C:\Users\User\OneDrive\Desktop\ECSE-444\Lab1\lib\libarm_CortexM4lf_math.a(arm_std_f32.o)
 .debug_abbrev  0x000016a3      0x210 C:\Users\User\OneDrive\Desktop\ECSE-444\Lab1\lib\libarm_CortexM4lf_math.a(arm_mean_f32.o)
 .debug_abbrev  0x000018b3      0x1ff C:\Users\User\OneDrive\Desktop\ECSE-444\Lab1\lib\libarm_CortexM4lf_math.a(arm_correlate_f32.o)
 .debug_abbrev  0x00001ab2      0x20e C:\Users\User\OneDrive\Desktop\ECSE-444\Lab1\lib\libarm_CortexM4lf_math.a(arm_conv_f32.o)
 .debug_abbrev  0x00001cc0      0x1eb C:\Users\User\OneDrive\Desktop\ECSE-444\Lab1\lib\libarm_CortexM4lf_math.a(arm_sub_f32.o)
 .debug_abbrev  0x00001eab      0x1eb C:\Users\User\OneDrive\Desktop\ECSE-444\Lab1\lib\libarm_CortexM4lf_math.a(arm_mult_f32.o)
 .debug_abbrev  0x00002096      0x1eb C:\Users\User\OneDrive\Desktop\ECSE-444\Lab1\lib\libarm_CortexM4lf_math.a(arm_add_f32.o)
 .debug_abbrev  0x00002281      0x1eb C:\Users\User\OneDrive\Desktop\ECSE-444\Lab1\lib\libarm_CortexM4lf_math.a(arm_abs_f32.o)

.debug_aranges  0x00000000      0x7a8
 .debug_aranges
                0x00000000       0x20 ./Core/Inc/Func_asm.o
 .debug_aranges
                0x00000020       0x28 ./Core/Src/kalmanFilter_C.o
 .debug_aranges
                0x00000048       0x28 ./Core/Src/kalmanFilter_CMSIS.o
 .debug_aranges
                0x00000070       0x38 ./Core/Src/main.o
 .debug_aranges
                0x000000a8       0x20 ./Core/Src/stm32l4xx_hal_msp.o
 .debug_aranges
                0x000000c8       0x60 ./Core/Src/stm32l4xx_it.o
 .debug_aranges
                0x00000128       0xb0 ./Core/Src/syscalls.o
 .debug_aranges
                0x000001d8       0x20 ./Core/Src/sysmem.o
 .debug_aranges
                0x000001f8       0x28 ./Core/Src/system_stm32l4xx.o
 .debug_aranges
                0x00000220       0x28 ./Core/Startup/startup_stm32l4s5vitx.o
 .debug_aranges
                0x00000248      0x130 ./Drivers/STM32L4xx_HAL_Driver/Src/stm32l4xx_hal.o
 .debug_aranges
                0x00000378      0x128 ./Drivers/STM32L4xx_HAL_Driver/Src/stm32l4xx_hal_cortex.o
 .debug_aranges
                0x000004a0      0x170 ./Drivers/STM32L4xx_HAL_Driver/Src/stm32l4xx_hal_pwr_ex.o
 .debug_aranges
                0x00000610       0x98 ./Drivers/STM32L4xx_HAL_Driver/Src/stm32l4xx_hal_rcc.o
 .debug_aranges
                0x000006a8       0x20 C:\Users\User\OneDrive\Desktop\ECSE-444\Lab1\lib\libarm_CortexM4lf_math.a(arm_std_f32.o)
 .debug_aranges
                0x000006c8       0x20 C:\Users\User\OneDrive\Desktop\ECSE-444\Lab1\lib\libarm_CortexM4lf_math.a(arm_mean_f32.o)
 .debug_aranges
                0x000006e8       0x20 C:\Users\User\OneDrive\Desktop\ECSE-444\Lab1\lib\libarm_CortexM4lf_math.a(arm_correlate_f32.o)
 .debug_aranges
                0x00000708       0x20 C:\Users\User\OneDrive\Desktop\ECSE-444\Lab1\lib\libarm_CortexM4lf_math.a(arm_conv_f32.o)
 .debug_aranges
                0x00000728       0x20 C:\Users\User\OneDrive\Desktop\ECSE-444\Lab1\lib\libarm_CortexM4lf_math.a(arm_sub_f32.o)
 .debug_aranges
                0x00000748       0x20 C:\Users\User\OneDrive\Desktop\ECSE-444\Lab1\lib\libarm_CortexM4lf_math.a(arm_mult_f32.o)
 .debug_aranges
                0x00000768       0x20 C:\Users\User\OneDrive\Desktop\ECSE-444\Lab1\lib\libarm_CortexM4lf_math.a(arm_add_f32.o)
 .debug_aranges
                0x00000788       0x20 C:\Users\User\OneDrive\Desktop\ECSE-444\Lab1\lib\libarm_CortexM4lf_math.a(arm_abs_f32.o)

.debug_str      0x00000000    0xfbf13
 .debug_str     0x00000000       0x58 ./Core/Inc/Func_asm.o
 .debug_str     0x00000058     0x2e3d ./Core/Src/kalmanFilter_C.o
                               0x2e76 (size before relaxing)
 .debug_str     0x00002e95     0x5e78 ./Core/Src/kalmanFilter_CMSIS.o
                               0x8f49 (size before relaxing)
 .debug_str     0x00008d0d    0xef034 ./Core/Src/main.o
                              0xf6bfc (size before relaxing)
 .debug_str     0x000f7d41      0x196 ./Core/Src/stm32l4xx_hal_msp.o
                              0xf2edd (size before relaxing)
 .debug_str     0x000f7ed7       0xc9 ./Core/Src/stm32l4xx_it.o
                              0xf2df7 (size before relaxing)
 .debug_str     0x000f7fa0     0x204e ./Core/Src/syscalls.o
                               0x9959 (size before relaxing)
 .debug_str     0x000f9fee       0x6b ./Core/Src/sysmem.o
                               0x60c4 (size before relaxing)
 .debug_str     0x000fa059       0xf2 ./Core/Src/system_stm32l4xx.o
                              0xf2fa4 (size before relaxing)
 .debug_str     0x000fa14b       0x36 ./Core/Startup/startup_stm32l4s5vitx.o
                                 0x77 (size before relaxing)
 .debug_str     0x000fa181      0xaba ./Drivers/STM32L4xx_HAL_Driver/Src/stm32l4xx_hal.o
                              0xf3b82 (size before relaxing)
 .debug_str     0x000fac3b      0x388 ./Drivers/STM32L4xx_HAL_Driver/Src/stm32l4xx_hal_cortex.o
                              0xf3843 (size before relaxing)
 .debug_str     0x000fafc3      0x5c1 ./Drivers/STM32L4xx_HAL_Driver/Src/stm32l4xx_hal_pwr_ex.o
                              0xf3577 (size before relaxing)
 .debug_str     0x000fb584      0x453 ./Drivers/STM32L4xx_HAL_Driver/Src/stm32l4xx_hal_rcc.o
                              0xf3617 (size before relaxing)
 .debug_str     0x000fb9d7      0x377 C:\Users\User\OneDrive\Desktop\ECSE-444\Lab1\lib\libarm_CortexM4lf_math.a(arm_std_f32.o)
                                0x74c (size before relaxing)
 .debug_str     0x000fbd4e       0x30 C:\Users\User\OneDrive\Desktop\ECSE-444\Lab1\lib\libarm_CortexM4lf_math.a(arm_mean_f32.o)
                                0x670 (size before relaxing)
 .debug_str     0x000fbd7e       0xa7 C:\Users\User\OneDrive\Desktop\ECSE-444\Lab1\lib\libarm_CortexM4lf_math.a(arm_correlate_f32.o)
                                0x6f2 (size before relaxing)
 .debug_str     0x000fbe25       0x35 C:\Users\User\OneDrive\Desktop\ECSE-444\Lab1\lib\libarm_CortexM4lf_math.a(arm_conv_f32.o)
                                0x6cf (size before relaxing)
 .debug_str     0x000fbe5a       0x2e C:\Users\User\OneDrive\Desktop\ECSE-444\Lab1\lib\libarm_CortexM4lf_math.a(arm_sub_f32.o)
                                0x671 (size before relaxing)
 .debug_str     0x000fbe88       0x2f C:\Users\User\OneDrive\Desktop\ECSE-444\Lab1\lib\libarm_CortexM4lf_math.a(arm_mult_f32.o)
                                0x673 (size before relaxing)
 .debug_str     0x000fbeb7       0x2e C:\Users\User\OneDrive\Desktop\ECSE-444\Lab1\lib\libarm_CortexM4lf_math.a(arm_add_f32.o)
                                0x671 (size before relaxing)
 .debug_str     0x000fbee5       0x2e C:\Users\User\OneDrive\Desktop\ECSE-444\Lab1\lib\libarm_CortexM4lf_math.a(arm_abs_f32.o)
                                0x66a (size before relaxing)

.debug_rnglists
                0x00000000      0x4b8
 .debug_rnglists
                0x00000000       0x1a ./Core/Src/kalmanFilter_C.o
 .debug_rnglists
                0x0000001a       0x1a ./Core/Src/kalmanFilter_CMSIS.o
 .debug_rnglists
                0x00000034       0x27 ./Core/Src/main.o
 .debug_rnglists
                0x0000005b       0x13 ./Core/Src/stm32l4xx_hal_msp.o
 .debug_rnglists
                0x0000006e       0x43 ./Core/Src/stm32l4xx_it.o
 .debug_rnglists
                0x000000b1       0x7f ./Core/Src/syscalls.o
 .debug_rnglists
                0x00000130       0x13 ./Core/Src/sysmem.o
 .debug_rnglists
                0x00000143       0x1a ./Core/Src/system_stm32l4xx.o
 .debug_rnglists
                0x0000015d       0x19 ./Core/Startup/startup_stm32l4s5vitx.o
 .debug_rnglists
                0x00000176       0xdf ./Drivers/STM32L4xx_HAL_Driver/Src/stm32l4xx_hal.o
 .debug_rnglists
                0x00000255       0xda ./Drivers/STM32L4xx_HAL_Driver/Src/stm32l4xx_hal_cortex.o
 .debug_rnglists
                0x0000032f      0x115 ./Drivers/STM32L4xx_HAL_Driver/Src/stm32l4xx_hal_pwr_ex.o
 .debug_rnglists
                0x00000444       0x74 ./Drivers/STM32L4xx_HAL_Driver/Src/stm32l4xx_hal_rcc.o

.debug_macro    0x00000000    0x28068
 .debug_macro   0x00000000       0x1b ./Core/Src/kalmanFilter_C.o
 .debug_macro   0x0000001b      0x18d ./Core/Src/kalmanFilter_CMSIS.o
 .debug_macro   0x000001a8      0x2ca ./Core/Src/main.o
 .debug_macro   0x00000472      0x19b ./Core/Src/main.o
 .debug_macro   0x0000060d       0x2e ./Core/Src/main.o
 .debug_macro   0x0000063b       0x28 ./Core/Src/main.o
 .debug_macro   0x00000663       0x1c ./Core/Src/main.o
 .debug_macro   0x0000067f       0x22 ./Core/Src/main.o
 .debug_macro   0x000006a1     0x1011 ./Core/Src/main.o
 .debug_macro   0x000016b2      0x11f ./Core/Src/main.o
 .debug_macro   0x000017d1    0x1d292 ./Core/Src/main.o
 .debug_macro   0x0001ea63       0x6d ./Core/Src/main.o
 .debug_macro   0x0001ead0     0x3902 ./Core/Src/main.o
 .debug_macro   0x000223d2       0x5c ./Core/Src/main.o
 .debug_macro   0x0002242e     0x1910 ./Core/Src/main.o
 .debug_macro   0x00023d3e      0x7dc ./Core/Src/main.o
 .debug_macro   0x0002451a      0x1b9 ./Core/Src/main.o
 .debug_macro   0x000246d3      0x225 ./Core/Src/main.o
 .debug_macro   0x000248f8      0x486 ./Core/Src/main.o
 .debug_macro   0x00024d7e      0x1ce ./Core/Src/main.o
 .debug_macro   0x00024f4c       0x43 ./Core/Src/main.o
 .debug_macro   0x00024f8f      0x23d ./Core/Src/main.o
 .debug_macro   0x000251cc      0x241 ./Core/Src/main.o
 .debug_macro   0x0002540d      0x416 ./Core/Src/main.o
 .debug_macro   0x00025823       0x1c ./Core/Src/main.o
 .debug_macro   0x0002583f       0xf2 ./Core/Src/main.o
 .debug_macro   0x00025931      0x122 ./Core/Src/main.o
 .debug_macro   0x00025a53      0x3f6 ./Core/Src/main.o
 .debug_macro   0x00025e49      0x432 ./Core/Src/main.o
 .debug_macro   0x0002627b       0x16 ./Core/Src/main.o
 .debug_macro   0x00026291       0x16 ./Core/Src/main.o
 .debug_macro   0x000262a7       0x29 ./Core/Src/main.o
 .debug_macro   0x000262d0       0x1c ./Core/Src/main.o
 .debug_macro   0x000262ec       0x10 ./Core/Src/main.o
 .debug_macro   0x000262fc       0x1c ./Core/Src/main.o
 .debug_macro   0x00026318       0x16 ./Core/Src/main.o
 .debug_macro   0x0002632e      0x146 ./Core/Src/main.o
 .debug_macro   0x00026474      0x1b0 ./Core/Src/stm32l4xx_hal_msp.o
 .debug_macro   0x00026624      0x1ba ./Core/Src/stm32l4xx_it.o
 .debug_macro   0x000267de      0x286 ./Core/Src/syscalls.o
 .debug_macro   0x00026a64       0x5b ./Core/Src/syscalls.o
 .debug_macro   0x00026abf       0x94 ./Core/Src/syscalls.o
 .debug_macro   0x00026b53       0x57 ./Core/Src/syscalls.o
 .debug_macro   0x00026baa       0x10 ./Core/Src/syscalls.o
 .debug_macro   0x00026bba       0x10 ./Core/Src/syscalls.o
 .debug_macro   0x00026bca       0x10 ./Core/Src/syscalls.o
 .debug_macro   0x00026bda       0x10 ./Core/Src/syscalls.o
 .debug_macro   0x00026bea       0x1c ./Core/Src/syscalls.o
 .debug_macro   0x00026c06       0x52 ./Core/Src/syscalls.o
 .debug_macro   0x00026c58       0x22 ./Core/Src/syscalls.o
 .debug_macro   0x00026c7a       0x10 ./Core/Src/syscalls.o
 .debug_macro   0x00026c8a       0x52 ./Core/Src/syscalls.o
 .debug_macro   0x00026cdc       0xcf ./Core/Src/syscalls.o
 .debug_macro   0x00026dab       0x1c ./Core/Src/syscalls.o
 .debug_macro   0x00026dc7       0x3d ./Core/Src/syscalls.o
 .debug_macro   0x00026e04       0x35 ./Core/Src/syscalls.o
 .debug_macro   0x00026e39      0x12c ./Core/Src/syscalls.o
 .debug_macro   0x00026f65       0x10 ./Core/Src/syscalls.o
 .debug_macro   0x00026f75      0x242 ./Core/Src/syscalls.o
 .debug_macro   0x000271b7       0x10 ./Core/Src/syscalls.o
 .debug_macro   0x000271c7      0x18a ./Core/Src/syscalls.o
 .debug_macro   0x00027351       0x16 ./Core/Src/syscalls.o
 .debug_macro   0x00027367       0xce ./Core/Src/syscalls.o
 .debug_macro   0x00027435       0xff ./Core/Src/sysmem.o
 .debug_macro   0x00027534      0x23c ./Core/Src/sysmem.o
 .debug_macro   0x00027770      0x1a6 ./Core/Src/system_stm32l4xx.o
 .debug_macro   0x00027916      0x1f4 ./Drivers/STM32L4xx_HAL_Driver/Src/stm32l4xx_hal.o
 .debug_macro   0x00027b0a      0x1a6 ./Drivers/STM32L4xx_HAL_Driver/Src/stm32l4xx_hal_cortex.o
 .debug_macro   0x00027cb0      0x1d0 ./Drivers/STM32L4xx_HAL_Driver/Src/stm32l4xx_hal_pwr_ex.o
 .debug_macro   0x00027e80      0x1e8 ./Drivers/STM32L4xx_HAL_Driver/Src/stm32l4xx_hal_rcc.o

.comment        0x00000000       0xb8
 .comment       0x00000000       0x43 ./Core/Src/kalmanFilter_C.o
                                 0x44 (size before relaxing)
 .comment       0x00000043       0x44 ./Core/Src/kalmanFilter_CMSIS.o
 .comment       0x00000043       0x44 ./Core/Src/main.o
 .comment       0x00000043       0x44 ./Core/Src/stm32l4xx_hal_msp.o
 .comment       0x00000043       0x44 ./Core/Src/stm32l4xx_it.o
 .comment       0x00000043       0x44 ./Core/Src/syscalls.o
 .comment       0x00000043       0x44 ./Core/Src/sysmem.o
 .comment       0x00000043       0x44 ./Core/Src/system_stm32l4xx.o
 .comment       0x00000043       0x44 ./Drivers/STM32L4xx_HAL_Driver/Src/stm32l4xx_hal.o
 .comment       0x00000043       0x44 ./Drivers/STM32L4xx_HAL_Driver/Src/stm32l4xx_hal_cortex.o
 .comment       0x00000043       0x44 ./Drivers/STM32L4xx_HAL_Driver/Src/stm32l4xx_hal_pwr_ex.o
 .comment       0x00000043       0x44 ./Drivers/STM32L4xx_HAL_Driver/Src/stm32l4xx_hal_rcc.o
 .comment       0x00000043       0x75 C:\Users\User\OneDrive\Desktop\ECSE-444\Lab1\lib\libarm_CortexM4lf_math.a(arm_std_f32.o)
                                 0x76 (size before relaxing)
 .comment       0x000000b8       0x76 C:\Users\User\OneDrive\Desktop\ECSE-444\Lab1\lib\libarm_CortexM4lf_math.a(arm_mean_f32.o)
 .comment       0x000000b8       0x76 C:\Users\User\OneDrive\Desktop\ECSE-444\Lab1\lib\libarm_CortexM4lf_math.a(arm_correlate_f32.o)
 .comment       0x000000b8       0x76 C:\Users\User\OneDrive\Desktop\ECSE-444\Lab1\lib\libarm_CortexM4lf_math.a(arm_conv_f32.o)
 .comment       0x000000b8       0x76 C:\Users\User\OneDrive\Desktop\ECSE-444\Lab1\lib\libarm_CortexM4lf_math.a(arm_sub_f32.o)
 .comment       0x000000b8       0x76 C:\Users\User\OneDrive\Desktop\ECSE-444\Lab1\lib\libarm_CortexM4lf_math.a(arm_mult_f32.o)
 .comment       0x000000b8       0x76 C:\Users\User\OneDrive\Desktop\ECSE-444\Lab1\lib\libarm_CortexM4lf_math.a(arm_add_f32.o)
 .comment       0x000000b8       0x76 C:\Users\User\OneDrive\Desktop\ECSE-444\Lab1\lib\libarm_CortexM4lf_math.a(arm_abs_f32.o)

.debug_frame    0x00000000     0x21e0
 .debug_frame   0x00000000       0x60 ./Core/Src/kalmanFilter_C.o
 .debug_frame   0x00000060       0x58 ./Core/Src/kalmanFilter_CMSIS.o
 .debug_frame   0x000000b8       0xa0 ./Core/Src/main.o
 .debug_frame   0x00000158       0x38 ./Core/Src/stm32l4xx_hal_msp.o
 .debug_frame   0x00000190      0x104 ./Core/Src/stm32l4xx_it.o
 .debug_frame   0x00000294      0x2d4 ./Core/Src/syscalls.o
 .debug_frame   0x00000568       0x34 ./Core/Src/sysmem.o
 .debug_frame   0x0000059c       0x58 ./Core/Src/system_stm32l4xx.o
 .debug_frame   0x000005f4      0x498 ./Drivers/STM32L4xx_HAL_Driver/Src/stm32l4xx_hal.o
 .debug_frame   0x00000a8c      0x4e8 ./Drivers/STM32L4xx_HAL_Driver/Src/stm32l4xx_hal_cortex.o
 .debug_frame   0x00000f74      0x5c4 ./Drivers/STM32L4xx_HAL_Driver/Src/stm32l4xx_hal_pwr_ex.o
 .debug_frame   0x00001538      0x248 ./Drivers/STM32L4xx_HAL_Driver/Src/stm32l4xx_hal_rcc.o
 .debug_frame   0x00001780       0x64 C:\Users\User\OneDrive\Desktop\ECSE-444\Lab1\lib\libarm_CortexM4lf_math.a(arm_std_f32.o)
 .debug_frame   0x000017e4       0x2c C:\Users\User\OneDrive\Desktop\ECSE-444\Lab1\lib\libarm_CortexM4lf_math.a(arm_mean_f32.o)
 .debug_frame   0x00001810       0x40 C:\Users\User\OneDrive\Desktop\ECSE-444\Lab1\lib\libarm_CortexM4lf_math.a(arm_correlate_f32.o)
 .debug_frame   0x00001850       0x40 C:\Users\User\OneDrive\Desktop\ECSE-444\Lab1\lib\libarm_CortexM4lf_math.a(arm_conv_f32.o)
 .debug_frame   0x00001890       0x34 C:\Users\User\OneDrive\Desktop\ECSE-444\Lab1\lib\libarm_CortexM4lf_math.a(arm_sub_f32.o)
 .debug_frame   0x000018c4       0x34 C:\Users\User\OneDrive\Desktop\ECSE-444\Lab1\lib\libarm_CortexM4lf_math.a(arm_mult_f32.o)
 .debug_frame   0x000018f8       0x34 C:\Users\User\OneDrive\Desktop\ECSE-444\Lab1\lib\libarm_CortexM4lf_math.a(arm_add_f32.o)
 .debug_frame   0x0000192c       0x30 C:\Users\User\OneDrive\Desktop\ECSE-444\Lab1\lib\libarm_CortexM4lf_math.a(arm_abs_f32.o)
 .debug_frame   0x0000195c       0x30 C:/ST/STM32CubeIDE_1.16.1/STM32CubeIDE/plugins/com.st.stm32cube.ide.mcu.externaltools.gnu-tools-for-stm32.12.3.rel1.win32_1.0.200.202406191623/tools/bin/../lib/gcc/arm-none-eabi/12.3.1/../../../../arm-none-eabi/lib/thumb/v7e-m+fp/hard\libc_nano.a(libc_a-malloc.o)
 .debug_frame   0x0000198c       0x50 C:/ST/STM32CubeIDE_1.16.1/STM32CubeIDE/plugins/com.st.stm32cube.ide.mcu.externaltools.gnu-tools-for-stm32.12.3.rel1.win32_1.0.200.202406191623/tools/bin/../lib/gcc/arm-none-eabi/12.3.1/../../../../arm-none-eabi/lib/thumb/v7e-m+fp/hard\libc_nano.a(libc_a-mallocr.o)
 .debug_frame   0x000019dc       0x30 C:/ST/STM32CubeIDE_1.16.1/STM32CubeIDE/plugins/com.st.stm32cube.ide.mcu.externaltools.gnu-tools-for-stm32.12.3.rel1.win32_1.0.200.202406191623/tools/bin/../lib/gcc/arm-none-eabi/12.3.1/../../../../arm-none-eabi/lib/thumb/v7e-m+fp/hard\libc_nano.a(libc_a-mlock.o)
 .debug_frame   0x00001a0c       0x5c C:/ST/STM32CubeIDE_1.16.1/STM32CubeIDE/plugins/com.st.stm32cube.ide.mcu.externaltools.gnu-tools-for-stm32.12.3.rel1.win32_1.0.200.202406191623/tools/bin/../lib/gcc/arm-none-eabi/12.3.1/../../../../arm-none-eabi/lib/thumb/v7e-m+fp/hard\libc_nano.a(libc_a-fflush.o)
 .debug_frame   0x00001a68      0x144 C:/ST/STM32CubeIDE_1.16.1/STM32CubeIDE/plugins/com.st.stm32cube.ide.mcu.externaltools.gnu-tools-for-stm32.12.3.rel1.win32_1.0.200.202406191623/tools/bin/../lib/gcc/arm-none-eabi/12.3.1/../../../../arm-none-eabi/lib/thumb/v7e-m+fp/hard\libc_nano.a(libc_a-findfp.o)
 .debug_frame   0x00001bac       0x34 C:/ST/STM32CubeIDE_1.16.1/STM32CubeIDE/plugins/com.st.stm32cube.ide.mcu.externaltools.gnu-tools-for-stm32.12.3.rel1.win32_1.0.200.202406191623/tools/bin/../lib/gcc/arm-none-eabi/12.3.1/../../../../arm-none-eabi/lib/thumb/v7e-m+fp/hard\libc_nano.a(libc_a-fwalk.o)
 .debug_frame   0x00001be0       0x6c C:/ST/STM32CubeIDE_1.16.1/STM32CubeIDE/plugins/com.st.stm32cube.ide.mcu.externaltools.gnu-tools-for-stm32.12.3.rel1.win32_1.0.200.202406191623/tools/bin/../lib/gcc/arm-none-eabi/12.3.1/../../../../arm-none-eabi/lib/thumb/v7e-m+fp/hard\libc_nano.a(libc_a-printf.o)
 .debug_frame   0x00001c4c       0x88 C:/ST/STM32CubeIDE_1.16.1/STM32CubeIDE/plugins/com.st.stm32cube.ide.mcu.externaltools.gnu-tools-for-stm32.12.3.rel1.win32_1.0.200.202406191623/tools/bin/../lib/gcc/arm-none-eabi/12.3.1/../../../../arm-none-eabi/lib/thumb/v7e-m+fp/hard\libc_nano.a(libc_a-stdio.o)
 .debug_frame   0x00001cd4       0x20 C:/ST/STM32CubeIDE_1.16.1/STM32CubeIDE/plugins/com.st.stm32cube.ide.mcu.externaltools.gnu-tools-for-stm32.12.3.rel1.win32_1.0.200.202406191623/tools/bin/../lib/gcc/arm-none-eabi/12.3.1/../../../../arm-none-eabi/lib/thumb/v7e-m+fp/hard\libc_nano.a(libc_a-memset.o)
 .debug_frame   0x00001cf4       0x2c C:/ST/STM32CubeIDE_1.16.1/STM32CubeIDE/plugins/com.st.stm32cube.ide.mcu.externaltools.gnu-tools-for-stm32.12.3.rel1.win32_1.0.200.202406191623/tools/bin/../lib/gcc/arm-none-eabi/12.3.1/../../../../arm-none-eabi/lib/thumb/v7e-m+fp/hard\libc_nano.a(libc_a-closer.o)
 .debug_frame   0x00001d20       0x38 C:/ST/STM32CubeIDE_1.16.1/STM32CubeIDE/plugins/com.st.stm32cube.ide.mcu.externaltools.gnu-tools-for-stm32.12.3.rel1.win32_1.0.200.202406191623/tools/bin/../lib/gcc/arm-none-eabi/12.3.1/../../../../arm-none-eabi/lib/thumb/v7e-m+fp/hard\libc_nano.a(libc_a-reent.o)
 .debug_frame   0x00001d58       0x2c C:/ST/STM32CubeIDE_1.16.1/STM32CubeIDE/plugins/com.st.stm32cube.ide.mcu.externaltools.gnu-tools-for-stm32.12.3.rel1.win32_1.0.200.202406191623/tools/bin/../lib/gcc/arm-none-eabi/12.3.1/../../../../arm-none-eabi/lib/thumb/v7e-m+fp/hard\libc_nano.a(libc_a-lseekr.o)
 .debug_frame   0x00001d84       0x2c C:/ST/STM32CubeIDE_1.16.1/STM32CubeIDE/plugins/com.st.stm32cube.ide.mcu.externaltools.gnu-tools-for-stm32.12.3.rel1.win32_1.0.200.202406191623/tools/bin/../lib/gcc/arm-none-eabi/12.3.1/../../../../arm-none-eabi/lib/thumb/v7e-m+fp/hard\libc_nano.a(libc_a-readr.o)
 .debug_frame   0x00001db0       0x2c C:/ST/STM32CubeIDE_1.16.1/STM32CubeIDE/plugins/com.st.stm32cube.ide.mcu.externaltools.gnu-tools-for-stm32.12.3.rel1.win32_1.0.200.202406191623/tools/bin/../lib/gcc/arm-none-eabi/12.3.1/../../../../arm-none-eabi/lib/thumb/v7e-m+fp/hard\libc_nano.a(libc_a-sbrkr.o)
 .debug_frame   0x00001ddc       0x2c C:/ST/STM32CubeIDE_1.16.1/STM32CubeIDE/plugins/com.st.stm32cube.ide.mcu.externaltools.gnu-tools-for-stm32.12.3.rel1.win32_1.0.200.202406191623/tools/bin/../lib/gcc/arm-none-eabi/12.3.1/../../../../arm-none-eabi/lib/thumb/v7e-m+fp/hard\libc_nano.a(libc_a-writer.o)
 .debug_frame   0x00001e08       0x20 C:/ST/STM32CubeIDE_1.16.1/STM32CubeIDE/plugins/com.st.stm32cube.ide.mcu.externaltools.gnu-tools-for-stm32.12.3.rel1.win32_1.0.200.202406191623/tools/bin/../lib/gcc/arm-none-eabi/12.3.1/../../../../arm-none-eabi/lib/thumb/v7e-m+fp/hard\libc_nano.a(libc_a-errno.o)
 .debug_frame   0x00001e28       0x2c C:/ST/STM32CubeIDE_1.16.1/STM32CubeIDE/plugins/com.st.stm32cube.ide.mcu.externaltools.gnu-tools-for-stm32.12.3.rel1.win32_1.0.200.202406191623/tools/bin/../lib/gcc/arm-none-eabi/12.3.1/../../../../arm-none-eabi/lib/thumb/v7e-m+fp/hard\libc_nano.a(libc_a-init.o)
 .debug_frame   0x00001e54       0xb0 C:/ST/STM32CubeIDE_1.16.1/STM32CubeIDE/plugins/com.st.stm32cube.ide.mcu.externaltools.gnu-tools-for-stm32.12.3.rel1.win32_1.0.200.202406191623/tools/bin/../lib/gcc/arm-none-eabi/12.3.1/../../../../arm-none-eabi/lib/thumb/v7e-m+fp/hard\libc_nano.a(libc_a-lock.o)
 .debug_frame   0x00001f04       0x28 C:/ST/STM32CubeIDE_1.16.1/STM32CubeIDE/plugins/com.st.stm32cube.ide.mcu.externaltools.gnu-tools-for-stm32.12.3.rel1.win32_1.0.200.202406191623/tools/bin/../lib/gcc/arm-none-eabi/12.3.1/../../../../arm-none-eabi/lib/thumb/v7e-m+fp/hard\libc_nano.a(libc_a-memcpy-stub.o)
 .debug_frame   0x00001f2c       0x38 C:/ST/STM32CubeIDE_1.16.1/STM32CubeIDE/plugins/com.st.stm32cube.ide.mcu.externaltools.gnu-tools-for-stm32.12.3.rel1.win32_1.0.200.202406191623/tools/bin/../lib/gcc/arm-none-eabi/12.3.1/../../../../arm-none-eabi/lib/thumb/v7e-m+fp/hard\libc_nano.a(libc_a-freer.o)
 .debug_frame   0x00001f64       0xa8 C:/ST/STM32CubeIDE_1.16.1/STM32CubeIDE/plugins/com.st.stm32cube.ide.mcu.externaltools.gnu-tools-for-stm32.12.3.rel1.win32_1.0.200.202406191623/tools/bin/../lib/gcc/arm-none-eabi/12.3.1/../../../../arm-none-eabi/lib/thumb/v7e-m+fp/hard\libc_nano.a(libc_a-nano-vfprintf.o)
 .debug_frame   0x0000200c       0x60 C:/ST/STM32CubeIDE_1.16.1/STM32CubeIDE/plugins/com.st.stm32cube.ide.mcu.externaltools.gnu-tools-for-stm32.12.3.rel1.win32_1.0.200.202406191623/tools/bin/../lib/gcc/arm-none-eabi/12.3.1/../../../../arm-none-eabi/lib/thumb/v7e-m+fp/hard\libc_nano.a(libc_a-nano-vfprintf_i.o)
 .debug_frame   0x0000206c       0x40 C:/ST/STM32CubeIDE_1.16.1/STM32CubeIDE/plugins/com.st.stm32cube.ide.mcu.externaltools.gnu-tools-for-stm32.12.3.rel1.win32_1.0.200.202406191623/tools/bin/../lib/gcc/arm-none-eabi/12.3.1/../../../../arm-none-eabi/lib/thumb/v7e-m+fp/hard\libc_nano.a(libc_a-wbuf.o)
 .debug_frame   0x000020ac       0x2c C:/ST/STM32CubeIDE_1.16.1/STM32CubeIDE/plugins/com.st.stm32cube.ide.mcu.externaltools.gnu-tools-for-stm32.12.3.rel1.win32_1.0.200.202406191623/tools/bin/../lib/gcc/arm-none-eabi/12.3.1/../../../../arm-none-eabi/lib/thumb/v7e-m+fp/hard\libc_nano.a(libc_a-wsetup.o)